// Validating benchmarks:
// ***** BenchmarkRunner: Start   *****
// ***** Found 6 benchmark(s) in total *****
// ***** Building 1 exe(s) in Parallel: Start   *****
// start dotnet  restore /p:UseSharedCompilation=false /p:BuildInParallel=false /m:1 /p:Deterministic=true /p:Optimize=true /p:IntermediateOutputPath="C:\Users\abcd2\OneDrive\Desktop\7-SEM-HIEU\lab_04\Benchmark\bin\Release\net8.0\71f006f3-705d-44e6-97fd-544dc7b060fa\obj\Release\net8.0/" /p:OutDir="C:\Users\abcd2\OneDrive\Desktop\7-SEM-HIEU\lab_04\Benchmark\bin\Release\net8.0\71f006f3-705d-44e6-97fd-544dc7b060fa\bin\Release\net8.0/" /p:OutputPath="C:\Users\abcd2\OneDrive\Desktop\7-SEM-HIEU\lab_04\Benchmark\bin\Release\net8.0\71f006f3-705d-44e6-97fd-544dc7b060fa\bin\Release\net8.0/" in C:\Users\abcd2\OneDrive\Desktop\7-SEM-HIEU\lab_04\Benchmark\bin\Release\net8.0\71f006f3-705d-44e6-97fd-544dc7b060fa
// command took 1.87 sec and exited with 0
// start dotnet  build -c Release --no-restore /p:UseSharedCompilation=false /p:BuildInParallel=false /m:1 /p:Deterministic=true /p:Optimize=true /p:IntermediateOutputPath="C:\Users\abcd2\OneDrive\Desktop\7-SEM-HIEU\lab_04\Benchmark\bin\Release\net8.0\71f006f3-705d-44e6-97fd-544dc7b060fa\obj\Release\net8.0/" /p:OutDir="C:\Users\abcd2\OneDrive\Desktop\7-SEM-HIEU\lab_04\Benchmark\bin\Release\net8.0\71f006f3-705d-44e6-97fd-544dc7b060fa\bin\Release\net8.0/" /p:OutputPath="C:\Users\abcd2\OneDrive\Desktop\7-SEM-HIEU\lab_04\Benchmark\bin\Release\net8.0\71f006f3-705d-44e6-97fd-544dc7b060fa\bin\Release\net8.0/" --output "C:\Users\abcd2\OneDrive\Desktop\7-SEM-HIEU\lab_04\Benchmark\bin\Release\net8.0\71f006f3-705d-44e6-97fd-544dc7b060fa\bin\Release\net8.0/" in C:\Users\abcd2\OneDrive\Desktop\7-SEM-HIEU\lab_04\Benchmark\bin\Release\net8.0\71f006f3-705d-44e6-97fd-544dc7b060fa
// command took 7.52 sec and exited with 0
// ***** Done, took 00:00:09 (9.62 sec)   *****
// Found 6 benchmarks:
//   Compare.NpgslInsert: Job-TVJOOK(IterationCount=10, LaunchCount=1)
//   Compare.NpgslSelect: Job-TVJOOK(IterationCount=10, LaunchCount=1)
//   Compare.DapperInsert: Job-TVJOOK(IterationCount=10, LaunchCount=1)
//   Compare.DapperSelect: Job-TVJOOK(IterationCount=10, LaunchCount=1)
//   Compare.EfCoreSelect: Job-TVJOOK(IterationCount=10, LaunchCount=1)
//   Compare.EfCoreInsert: Job-TVJOOK(IterationCount=10, LaunchCount=1)

Setup power plan (GUID: 8c5e7fda-e8bf-4a96-9a85-a6e23a8c635c FriendlyName: High performance)
// **************************
// Benchmark: Compare.NpgslInsert: Job-TVJOOK(IterationCount=10, LaunchCount=1)
// *** Execute ***
// Launch: 1 / 1
// Execute: dotnet 71f006f3-705d-44e6-97fd-544dc7b060fa.dll --anonymousPipes 1960 1028 --benchmarkName Benchmark.Compare.Compare.NpgslInsert --job "IterationCount=10, LaunchCount=1" --benchmarkId 0 in C:\Users\abcd2\OneDrive\Desktop\7-SEM-HIEU\lab_04\Benchmark\bin\Release\net8.0\71f006f3-705d-44e6-97fd-544dc7b060fa\bin\Release\net8.0
// BeforeAnythingElse

// Benchmark Process Environment Information:
// BenchmarkDotNet v0.14.0
// Runtime=.NET 8.0.8 (8.0.824.36612), X64 RyuJIT AVX-512F+CD+BW+DQ+VL+VBMI
// GC=Concurrent Workstation
// HardwareIntrinsics=AVX-512F+CD+BW+DQ+VL+VBMI,AES,BMI1,BMI2,FMA,LZCNT,PCLMUL,POPCNT VectorSize=256
// Job: Job-UKFTTK(IterationCount=10, LaunchCount=1)

[testcontainers.org 00:00:00.40] Connected to Docker:
  Host: npipe://./pipe/docker_engine
  Server Version: 26.1.4
  Kernel Version: 5.15.153.1-microsoft-standard-WSL2
  API Version: 1.45
  Operating System: Docker Desktop
  Total Memory: 3.76 GB
  Labels: 
    com.docker.desktop.address=npipe://\\.\pipe\docker_cli
[testcontainers.org 00:00:00.75] Docker container 2d47dea835e3 created
[testcontainers.org 00:00:00.84] Start Docker container 2d47dea835e3
[testcontainers.org 00:00:03.20] Wait for Docker container 2d47dea835e3 to complete readiness checks
[testcontainers.org 00:00:03.21] Docker container 2d47dea835e3 ready
[testcontainers.org 00:00:03.34] Docker container 472b3d11b487 created
[testcontainers.org 00:00:03.36] Start Docker container 472b3d11b487
[testcontainers.org 00:00:04.87] Wait for Docker container 472b3d11b487 to complete readiness checks
[testcontainers.org 00:00:04.89] Execute "pg_isready --host localhost --dbname BENCHMARK_testdb --username postgres" at Docker container 472b3d11b487
[testcontainers.org 00:00:06.14] Execute "pg_isready --host localhost --dbname BENCHMARK_testdb --username postgres" at Docker container 472b3d11b487
[testcontainers.org 00:00:07.25] Execute "pg_isready --host localhost --dbname BENCHMARK_testdb --username postgres" at Docker container 472b3d11b487
[testcontainers.org 00:00:07.31] Docker container 472b3d11b487 ready

System.Reflection.TargetInvocationException: Exception has been thrown by the target of an invocation.
 ---> System.IO.FileNotFoundException: Could not find file 'C:\Users\abcd2\OneDrive\Desktop\7-SEM-HIEU\lab_04\Benchmark\bin\Release\net8.0\71f006f3-705d-44e6-97fd-544dc7b060fa\bin\Release\net8.0\setup.sql'.
File name: 'C:\Users\abcd2\OneDrive\Desktop\7-SEM-HIEU\lab_04\Benchmark\bin\Release\net8.0\71f006f3-705d-44e6-97fd-544dc7b060fa\bin\Release\net8.0\setup.sql'
   at Microsoft.Win32.SafeHandles.SafeFileHandle.CreateFile(String fullPath, FileMode mode, FileAccess access, FileShare share, FileOptions options)
   at Microsoft.Win32.SafeHandles.SafeFileHandle.Open(String fullPath, FileMode mode, FileAccess access, FileShare share, FileOptions options, Int64 preallocationSize, Nullable`1 unixCreateMode)
   at System.IO.Strategies.OSFileStreamStrategy..ctor(String path, FileMode mode, FileAccess access, FileShare share, FileOptions options, Int64 preallocationSize, Nullable`1 unixCreateMode)
   at System.IO.Strategies.FileStreamHelpers.ChooseStrategyCore(String path, FileMode mode, FileAccess access, FileShare share, FileOptions options, Int64 preallocationSize, Nullable`1 unixCreateMode)
   at System.IO.FileStream..ctor(String path, FileMode mode, FileAccess access, FileShare share, Int32 bufferSize, FileOptions options, Int64 preallocationSize)
   at System.IO.File.AsyncStreamReader(String path, Encoding encoding)
   at System.IO.File.InternalReadAllTextAsync(String path, Encoding encoding, CancellationToken cancellationToken)
   at Benchmark.Setup.DBSetup.Init() in C:\Users\abcd2\OneDrive\Desktop\7-SEM-HIEU\lab_04\Benchmark\Setup\DBSetup.cs:line 27
   at Benchmark.Compare.Compare.GlobalSetup() in C:\Users\abcd2\OneDrive\Desktop\7-SEM-HIEU\lab_04\Benchmark\Compare\Compare.cs:line 29
   at BenchmarkDotNet.Helpers.AwaitHelper.GetResult(Task task)
   at BenchmarkDotNet.Autogenerated.Runnable_0.<.ctor>b__3_0() in C:\Users\abcd2\OneDrive\Desktop\7-SEM-HIEU\lab_04\Benchmark\bin\Release\net8.0\71f006f3-705d-44e6-97fd-544dc7b060fa\71f006f3-705d-44e6-97fd-544dc7b060fa.notcs:line 193
   at BenchmarkDotNet.Engines.EngineFactory.CreateReadyToRun(EngineParameters engineParameters)
   at BenchmarkDotNet.Autogenerated.Runnable_0.Run(IHost host, String benchmarkName) in C:\Users\abcd2\OneDrive\Desktop\7-SEM-HIEU\lab_04\Benchmark\bin\Release\net8.0\71f006f3-705d-44e6-97fd-544dc7b060fa\71f006f3-705d-44e6-97fd-544dc7b060fa.notcs:line 177
   at System.RuntimeMethodHandle.InvokeMethod(Object target, Void** arguments, Signature sig, Boolean isConstructor)
   at System.Reflection.MethodBaseInvoker.InvokeDirectByRefWithFewArgs(Object obj, Span`1 copyOfArgs, BindingFlags invokeAttr)
   --- End of inner exception stack trace ---
   at System.Reflection.MethodBaseInvoker.InvokeDirectByRefWithFewArgs(Object obj, Span`1 copyOfArgs, BindingFlags invokeAttr)
   at System.Reflection.MethodBaseInvoker.InvokeWithFewArgs(Object obj, BindingFlags invokeAttr, Binder binder, Object[] parameters, CultureInfo culture)
   at System.Reflection.MethodBase.Invoke(Object obj, Object[] parameters)
   at BenchmarkDotNet.Autogenerated.UniqueProgramName.AfterAssemblyLoadingAttached(String[] args) in C:\Users\abcd2\OneDrive\Desktop\7-SEM-HIEU\lab_04\Benchmark\bin\Release\net8.0\71f006f3-705d-44e6-97fd-544dc7b060fa\71f006f3-705d-44e6-97fd-544dc7b060fa.notcs:line 57
// AfterAll
No Workload Results were obtained from the run.
// Benchmark Process 21956 has exited with code -1.

// ** Remained 5 (83,3 %) benchmark(s) to run. Estimated finish 2024-11-29 16:21 (0h 0m from now) **
Setup power plan (GUID: 8c5e7fda-e8bf-4a96-9a85-a6e23a8c635c FriendlyName: High performance)
// **************************
// Benchmark: Compare.NpgslSelect: Job-TVJOOK(IterationCount=10, LaunchCount=1)
// *** Execute ***
// Launch: 1 / 1
// Execute: dotnet 71f006f3-705d-44e6-97fd-544dc7b060fa.dll --anonymousPipes 2280 2268 --benchmarkName Benchmark.Compare.Compare.NpgslSelect --job "IterationCount=10, LaunchCount=1" --benchmarkId 1 in C:\Users\abcd2\OneDrive\Desktop\7-SEM-HIEU\lab_04\Benchmark\bin\Release\net8.0\71f006f3-705d-44e6-97fd-544dc7b060fa\bin\Release\net8.0
// BeforeAnythingElse

// Benchmark Process Environment Information:
// BenchmarkDotNet v0.14.0
// Runtime=.NET 8.0.8 (8.0.824.36612), X64 RyuJIT AVX-512F+CD+BW+DQ+VL+VBMI
// GC=Concurrent Workstation
// HardwareIntrinsics=AVX-512F+CD+BW+DQ+VL+VBMI,AES,BMI1,BMI2,FMA,LZCNT,PCLMUL,POPCNT VectorSize=256
// Job: Job-MYWMPG(IterationCount=10, LaunchCount=1)

[testcontainers.org 00:00:00.17] Connected to Docker:
  Host: npipe://./pipe/docker_engine
  Server Version: 26.1.4
  Kernel Version: 5.15.153.1-microsoft-standard-WSL2
  API Version: 1.45
  Operating System: Docker Desktop
  Total Memory: 3.76 GB
  Labels: 
    com.docker.desktop.address=npipe://\\.\pipe\docker_cli
[testcontainers.org 00:00:00.36] Docker container e2a7425c829c created
[testcontainers.org 00:00:00.42] Start Docker container e2a7425c829c
[testcontainers.org 00:00:01.85] Wait for Docker container e2a7425c829c to complete readiness checks
[testcontainers.org 00:00:01.86] Docker container e2a7425c829c ready
[testcontainers.org 00:00:01.95] Docker container 2e1abe0964ba created
[testcontainers.org 00:00:01.96] Start Docker container 2e1abe0964ba
[testcontainers.org 00:00:03.30] Wait for Docker container 2e1abe0964ba to complete readiness checks
[testcontainers.org 00:00:03.31] Execute "pg_isready --host localhost --dbname BENCHMARK_testdb --username postgres" at Docker container 2e1abe0964ba
[testcontainers.org 00:00:04.46] Execute "pg_isready --host localhost --dbname BENCHMARK_testdb --username postgres" at Docker container 2e1abe0964ba
[testcontainers.org 00:00:04.52] Docker container 2e1abe0964ba ready

System.Reflection.TargetInvocationException: Exception has been thrown by the target of an invocation.
 ---> System.IO.FileNotFoundException: Could not find file 'C:\Users\abcd2\OneDrive\Desktop\7-SEM-HIEU\lab_04\Benchmark\bin\Release\net8.0\71f006f3-705d-44e6-97fd-544dc7b060fa\bin\Release\net8.0\setup.sql'.
File name: 'C:\Users\abcd2\OneDrive\Desktop\7-SEM-HIEU\lab_04\Benchmark\bin\Release\net8.0\71f006f3-705d-44e6-97fd-544dc7b060fa\bin\Release\net8.0\setup.sql'
   at Microsoft.Win32.SafeHandles.SafeFileHandle.CreateFile(String fullPath, FileMode mode, FileAccess access, FileShare share, FileOptions options)
   at Microsoft.Win32.SafeHandles.SafeFileHandle.Open(String fullPath, FileMode mode, FileAccess access, FileShare share, FileOptions options, Int64 preallocationSize, Nullable`1 unixCreateMode)
   at System.IO.Strategies.OSFileStreamStrategy..ctor(String path, FileMode mode, FileAccess access, FileShare share, FileOptions options, Int64 preallocationSize, Nullable`1 unixCreateMode)
   at System.IO.Strategies.FileStreamHelpers.ChooseStrategyCore(String path, FileMode mode, FileAccess access, FileShare share, FileOptions options, Int64 preallocationSize, Nullable`1 unixCreateMode)
   at System.IO.FileStream..ctor(String path, FileMode mode, FileAccess access, FileShare share, Int32 bufferSize, FileOptions options, Int64 preallocationSize)
   at System.IO.File.AsyncStreamReader(String path, Encoding encoding)
   at System.IO.File.InternalReadAllTextAsync(String path, Encoding encoding, CancellationToken cancellationToken)
   at Benchmark.Setup.DBSetup.Init() in C:\Users\abcd2\OneDrive\Desktop\7-SEM-HIEU\lab_04\Benchmark\Setup\DBSetup.cs:line 27
   at Benchmark.Compare.Compare.GlobalSetup() in C:\Users\abcd2\OneDrive\Desktop\7-SEM-HIEU\lab_04\Benchmark\Compare\Compare.cs:line 29
   at BenchmarkDotNet.Helpers.AwaitHelper.GetResult(Task task)
   at BenchmarkDotNet.Autogenerated.Runnable_1.<.ctor>b__3_0() in C:\Users\abcd2\OneDrive\Desktop\7-SEM-HIEU\lab_04\Benchmark\bin\Release\net8.0\71f006f3-705d-44e6-97fd-544dc7b060fa\71f006f3-705d-44e6-97fd-544dc7b060fa.notcs:line 386
   at BenchmarkDotNet.Engines.EngineFactory.CreateReadyToRun(EngineParameters engineParameters)
   at BenchmarkDotNet.Autogenerated.Runnable_1.Run(IHost host, String benchmarkName) in C:\Users\abcd2\OneDrive\Desktop\7-SEM-HIEU\lab_04\Benchmark\bin\Release\net8.0\71f006f3-705d-44e6-97fd-544dc7b060fa\71f006f3-705d-44e6-97fd-544dc7b060fa.notcs:line 370
   at System.RuntimeMethodHandle.InvokeMethod(Object target, Void** arguments, Signature sig, Boolean isConstructor)
   at System.Reflection.MethodBaseInvoker.InvokeDirectByRefWithFewArgs(Object obj, Span`1 copyOfArgs, BindingFlags invokeAttr)
   --- End of inner exception stack trace ---
   at System.Reflection.MethodBaseInvoker.InvokeDirectByRefWithFewArgs(Object obj, Span`1 copyOfArgs, BindingFlags invokeAttr)
   at System.Reflection.MethodBaseInvoker.InvokeWithFewArgs(Object obj, BindingFlags invokeAttr, Binder binder, Object[] parameters, CultureInfo culture)
   at System.Reflection.MethodBase.Invoke(Object obj, Object[] parameters)
   at BenchmarkDotNet.Autogenerated.UniqueProgramName.AfterAssemblyLoadingAttached(String[] args) in C:\Users\abcd2\OneDrive\Desktop\7-SEM-HIEU\lab_04\Benchmark\bin\Release\net8.0\71f006f3-705d-44e6-97fd-544dc7b060fa\71f006f3-705d-44e6-97fd-544dc7b060fa.notcs:line 57
// AfterAll
No Workload Results were obtained from the run.
// Benchmark Process 10644 has exited with code -1.

// ** Remained 4 (66,7 %) benchmark(s) to run. Estimated finish 2024-11-29 16:21 (0h 0m from now) **
Setup power plan (GUID: 8c5e7fda-e8bf-4a96-9a85-a6e23a8c635c FriendlyName: High performance)
// **************************
// Benchmark: Compare.DapperInsert: Job-TVJOOK(IterationCount=10, LaunchCount=1)
// *** Execute ***
// Launch: 1 / 1
// Execute: dotnet 71f006f3-705d-44e6-97fd-544dc7b060fa.dll --anonymousPipes 1848 2260 --benchmarkName Benchmark.Compare.Compare.DapperInsert --job "IterationCount=10, LaunchCount=1" --benchmarkId 2 in C:\Users\abcd2\OneDrive\Desktop\7-SEM-HIEU\lab_04\Benchmark\bin\Release\net8.0\71f006f3-705d-44e6-97fd-544dc7b060fa\bin\Release\net8.0
// BeforeAnythingElse

// Benchmark Process Environment Information:
// BenchmarkDotNet v0.14.0
// Runtime=.NET 8.0.8 (8.0.824.36612), X64 RyuJIT AVX-512F+CD+BW+DQ+VL+VBMI
// GC=Concurrent Workstation
// HardwareIntrinsics=AVX-512F+CD+BW+DQ+VL+VBMI,AES,BMI1,BMI2,FMA,LZCNT,PCLMUL,POPCNT VectorSize=256
// Job: Job-OQQFBN(IterationCount=10, LaunchCount=1)

[testcontainers.org 00:00:00.16] Connected to Docker:
  Host: npipe://./pipe/docker_engine
  Server Version: 26.1.4
  Kernel Version: 5.15.153.1-microsoft-standard-WSL2
  API Version: 1.45
  Operating System: Docker Desktop
  Total Memory: 3.76 GB
  Labels: 
    com.docker.desktop.address=npipe://\\.\pipe\docker_cli
[testcontainers.org 00:00:00.33] Docker container 3ac08c670f31 created
[testcontainers.org 00:00:00.38] Start Docker container 3ac08c670f31
[testcontainers.org 00:00:01.73] Wait for Docker container 3ac08c670f31 to complete readiness checks
[testcontainers.org 00:00:01.74] Docker container 3ac08c670f31 ready
[testcontainers.org 00:00:01.81] Docker container 81bdf03aafe1 created
[testcontainers.org 00:00:01.82] Start Docker container 81bdf03aafe1
[testcontainers.org 00:00:04.99] Wait for Docker container 81bdf03aafe1 to complete readiness checks
[testcontainers.org 00:00:05.25] Execute "pg_isready --host localhost --dbname BENCHMARK_testdb --username postgres" at Docker container 81bdf03aafe1
[testcontainers.org 00:00:06.37] Execute "pg_isready --host localhost --dbname BENCHMARK_testdb --username postgres" at Docker container 81bdf03aafe1
[testcontainers.org 00:00:06.47] Docker container 81bdf03aafe1 ready

System.Reflection.TargetInvocationException: Exception has been thrown by the target of an invocation.
 ---> System.IO.FileNotFoundException: Could not find file 'C:\Users\abcd2\OneDrive\Desktop\7-SEM-HIEU\lab_04\Benchmark\bin\Release\net8.0\71f006f3-705d-44e6-97fd-544dc7b060fa\bin\Release\net8.0\setup.sql'.
File name: 'C:\Users\abcd2\OneDrive\Desktop\7-SEM-HIEU\lab_04\Benchmark\bin\Release\net8.0\71f006f3-705d-44e6-97fd-544dc7b060fa\bin\Release\net8.0\setup.sql'
   at Microsoft.Win32.SafeHandles.SafeFileHandle.CreateFile(String fullPath, FileMode mode, FileAccess access, FileShare share, FileOptions options)
   at Microsoft.Win32.SafeHandles.SafeFileHandle.Open(String fullPath, FileMode mode, FileAccess access, FileShare share, FileOptions options, Int64 preallocationSize, Nullable`1 unixCreateMode)
   at System.IO.Strategies.OSFileStreamStrategy..ctor(String path, FileMode mode, FileAccess access, FileShare share, FileOptions options, Int64 preallocationSize, Nullable`1 unixCreateMode)
   at System.IO.Strategies.FileStreamHelpers.ChooseStrategyCore(String path, FileMode mode, FileAccess access, FileShare share, FileOptions options, Int64 preallocationSize, Nullable`1 unixCreateMode)
   at System.IO.FileStream..ctor(String path, FileMode mode, FileAccess access, FileShare share, Int32 bufferSize, FileOptions options, Int64 preallocationSize)
   at System.IO.File.AsyncStreamReader(String path, Encoding encoding)
   at System.IO.File.InternalReadAllTextAsync(String path, Encoding encoding, CancellationToken cancellationToken)
   at Benchmark.Setup.DBSetup.Init() in C:\Users\abcd2\OneDrive\Desktop\7-SEM-HIEU\lab_04\Benchmark\Setup\DBSetup.cs:line 27
   at Benchmark.Compare.Compare.GlobalSetup() in C:\Users\abcd2\OneDrive\Desktop\7-SEM-HIEU\lab_04\Benchmark\Compare\Compare.cs:line 29
   at BenchmarkDotNet.Helpers.AwaitHelper.GetResult(Task task)
   at BenchmarkDotNet.Autogenerated.Runnable_2.<.ctor>b__3_0() in C:\Users\abcd2\OneDrive\Desktop\7-SEM-HIEU\lab_04\Benchmark\bin\Release\net8.0\71f006f3-705d-44e6-97fd-544dc7b060fa\71f006f3-705d-44e6-97fd-544dc7b060fa.notcs:line 584
   at BenchmarkDotNet.Engines.EngineFactory.CreateReadyToRun(EngineParameters engineParameters)
   at BenchmarkDotNet.Autogenerated.Runnable_2.Run(IHost host, String benchmarkName) in C:\Users\abcd2\OneDrive\Desktop\7-SEM-HIEU\lab_04\Benchmark\bin\Release\net8.0\71f006f3-705d-44e6-97fd-544dc7b060fa\71f006f3-705d-44e6-97fd-544dc7b060fa.notcs:line 568
   at System.RuntimeMethodHandle.InvokeMethod(Object target, Void** arguments, Signature sig, Boolean isConstructor)
   at System.Reflection.MethodBaseInvoker.InvokeDirectByRefWithFewArgs(Object obj, Span`1 copyOfArgs, BindingFlags invokeAttr)
   --- End of inner exception stack trace ---
   at System.Reflection.MethodBaseInvoker.InvokeDirectByRefWithFewArgs(Object obj, Span`1 copyOfArgs, BindingFlags invokeAttr)
   at System.Reflection.MethodBaseInvoker.InvokeWithFewArgs(Object obj, BindingFlags invokeAttr, Binder binder, Object[] parameters, CultureInfo culture)
   at System.Reflection.MethodBase.Invoke(Object obj, Object[] parameters)
   at BenchmarkDotNet.Autogenerated.UniqueProgramName.AfterAssemblyLoadingAttached(String[] args) in C:\Users\abcd2\OneDrive\Desktop\7-SEM-HIEU\lab_04\Benchmark\bin\Release\net8.0\71f006f3-705d-44e6-97fd-544dc7b060fa\71f006f3-705d-44e6-97fd-544dc7b060fa.notcs:line 57
// AfterAll
No Workload Results were obtained from the run.
// Benchmark Process 13084 has exited with code -1.

// ** Remained 3 (50,0 %) benchmark(s) to run. Estimated finish 2024-11-29 16:21 (0h 0m from now) **
Setup power plan (GUID: 8c5e7fda-e8bf-4a96-9a85-a6e23a8c635c FriendlyName: High performance)
// **************************
// Benchmark: Compare.DapperSelect: Job-TVJOOK(IterationCount=10, LaunchCount=1)
// *** Execute ***
// Launch: 1 / 1
// Execute: dotnet 71f006f3-705d-44e6-97fd-544dc7b060fa.dll --anonymousPipes 2364 792 --benchmarkName Benchmark.Compare.Compare.DapperSelect --job "IterationCount=10, LaunchCount=1" --benchmarkId 3 in C:\Users\abcd2\OneDrive\Desktop\7-SEM-HIEU\lab_04\Benchmark\bin\Release\net8.0\71f006f3-705d-44e6-97fd-544dc7b060fa\bin\Release\net8.0
// BeforeAnythingElse

// Benchmark Process Environment Information:
// BenchmarkDotNet v0.14.0
// Runtime=.NET 8.0.8 (8.0.824.36612), X64 RyuJIT AVX-512F+CD+BW+DQ+VL+VBMI
// GC=Concurrent Workstation
// HardwareIntrinsics=AVX-512F+CD+BW+DQ+VL+VBMI,AES,BMI1,BMI2,FMA,LZCNT,PCLMUL,POPCNT VectorSize=256
// Job: Job-WRTHDY(IterationCount=10, LaunchCount=1)

[testcontainers.org 00:00:00.14] Connected to Docker:
  Host: npipe://./pipe/docker_engine
  Server Version: 26.1.4
  Kernel Version: 5.15.153.1-microsoft-standard-WSL2
  API Version: 1.45
  Operating System: Docker Desktop
  Total Memory: 3.76 GB
  Labels: 
    com.docker.desktop.address=npipe://\\.\pipe\docker_cli
[testcontainers.org 00:00:00.30] Docker container 596dbd8d9021 created
[testcontainers.org 00:00:00.36] Start Docker container 596dbd8d9021
[testcontainers.org 00:00:01.70] Wait for Docker container 596dbd8d9021 to complete readiness checks
[testcontainers.org 00:00:01.72] Docker container 596dbd8d9021 ready
[testcontainers.org 00:00:01.79] Docker container 1ba0225b1484 created
[testcontainers.org 00:00:01.80] Start Docker container 1ba0225b1484
[testcontainers.org 00:00:03.17] Wait for Docker container 1ba0225b1484 to complete readiness checks
[testcontainers.org 00:00:03.18] Execute "pg_isready --host localhost --dbname BENCHMARK_testdb --username postgres" at Docker container 1ba0225b1484
[testcontainers.org 00:00:04.27] Execute "pg_isready --host localhost --dbname BENCHMARK_testdb --username postgres" at Docker container 1ba0225b1484
[testcontainers.org 00:00:04.35] Docker container 1ba0225b1484 ready

System.Reflection.TargetInvocationException: Exception has been thrown by the target of an invocation.
 ---> System.IO.FileNotFoundException: Could not find file 'C:\Users\abcd2\OneDrive\Desktop\7-SEM-HIEU\lab_04\Benchmark\bin\Release\net8.0\71f006f3-705d-44e6-97fd-544dc7b060fa\bin\Release\net8.0\setup.sql'.
File name: 'C:\Users\abcd2\OneDrive\Desktop\7-SEM-HIEU\lab_04\Benchmark\bin\Release\net8.0\71f006f3-705d-44e6-97fd-544dc7b060fa\bin\Release\net8.0\setup.sql'
   at Microsoft.Win32.SafeHandles.SafeFileHandle.CreateFile(String fullPath, FileMode mode, FileAccess access, FileShare share, FileOptions options)
   at Microsoft.Win32.SafeHandles.SafeFileHandle.Open(String fullPath, FileMode mode, FileAccess access, FileShare share, FileOptions options, Int64 preallocationSize, Nullable`1 unixCreateMode)
   at System.IO.Strategies.OSFileStreamStrategy..ctor(String path, FileMode mode, FileAccess access, FileShare share, FileOptions options, Int64 preallocationSize, Nullable`1 unixCreateMode)
   at System.IO.Strategies.FileStreamHelpers.ChooseStrategyCore(String path, FileMode mode, FileAccess access, FileShare share, FileOptions options, Int64 preallocationSize, Nullable`1 unixCreateMode)
   at System.IO.FileStream..ctor(String path, FileMode mode, FileAccess access, FileShare share, Int32 bufferSize, FileOptions options, Int64 preallocationSize)
   at System.IO.File.AsyncStreamReader(String path, Encoding encoding)
   at System.IO.File.InternalReadAllTextAsync(String path, Encoding encoding, CancellationToken cancellationToken)
   at Benchmark.Setup.DBSetup.Init() in C:\Users\abcd2\OneDrive\Desktop\7-SEM-HIEU\lab_04\Benchmark\Setup\DBSetup.cs:line 27
   at Benchmark.Compare.Compare.GlobalSetup() in C:\Users\abcd2\OneDrive\Desktop\7-SEM-HIEU\lab_04\Benchmark\Compare\Compare.cs:line 29
   at BenchmarkDotNet.Helpers.AwaitHelper.GetResult(Task task)
   at BenchmarkDotNet.Autogenerated.Runnable_3.<.ctor>b__3_0() in C:\Users\abcd2\OneDrive\Desktop\7-SEM-HIEU\lab_04\Benchmark\bin\Release\net8.0\71f006f3-705d-44e6-97fd-544dc7b060fa\71f006f3-705d-44e6-97fd-544dc7b060fa.notcs:line 777
   at BenchmarkDotNet.Engines.EngineFactory.CreateReadyToRun(EngineParameters engineParameters)
   at BenchmarkDotNet.Autogenerated.Runnable_3.Run(IHost host, String benchmarkName) in C:\Users\abcd2\OneDrive\Desktop\7-SEM-HIEU\lab_04\Benchmark\bin\Release\net8.0\71f006f3-705d-44e6-97fd-544dc7b060fa\71f006f3-705d-44e6-97fd-544dc7b060fa.notcs:line 761
   at System.RuntimeMethodHandle.InvokeMethod(Object target, Void** arguments, Signature sig, Boolean isConstructor)
   at System.Reflection.MethodBaseInvoker.InvokeDirectByRefWithFewArgs(Object obj, Span`1 copyOfArgs, BindingFlags invokeAttr)
   --- End of inner exception stack trace ---
   at System.Reflection.MethodBaseInvoker.InvokeDirectByRefWithFewArgs(Object obj, Span`1 copyOfArgs, BindingFlags invokeAttr)
   at System.Reflection.MethodBaseInvoker.InvokeWithFewArgs(Object obj, BindingFlags invokeAttr, Binder binder, Object[] parameters, CultureInfo culture)
   at System.Reflection.MethodBase.Invoke(Object obj, Object[] parameters)
   at BenchmarkDotNet.Autogenerated.UniqueProgramName.AfterAssemblyLoadingAttached(String[] args) in C:\Users\abcd2\OneDrive\Desktop\7-SEM-HIEU\lab_04\Benchmark\bin\Release\net8.0\71f006f3-705d-44e6-97fd-544dc7b060fa\71f006f3-705d-44e6-97fd-544dc7b060fa.notcs:line 57
// AfterAll
No Workload Results were obtained from the run.
// Benchmark Process 7052 has exited with code -1.

// ** Remained 2 (33,3 %) benchmark(s) to run. Estimated finish 2024-11-29 16:21 (0h 0m from now) **
Setup power plan (GUID: 8c5e7fda-e8bf-4a96-9a85-a6e23a8c635c FriendlyName: High performance)
// **************************
// Benchmark: Compare.EfCoreSelect: Job-TVJOOK(IterationCount=10, LaunchCount=1)
// *** Execute ***
// Launch: 1 / 1
// Execute: dotnet 71f006f3-705d-44e6-97fd-544dc7b060fa.dll --anonymousPipes 1720 2292 --benchmarkName Benchmark.Compare.Compare.EfCoreSelect --job "IterationCount=10, LaunchCount=1" --benchmarkId 4 in C:\Users\abcd2\OneDrive\Desktop\7-SEM-HIEU\lab_04\Benchmark\bin\Release\net8.0\71f006f3-705d-44e6-97fd-544dc7b060fa\bin\Release\net8.0
// BeforeAnythingElse

// Benchmark Process Environment Information:
// BenchmarkDotNet v0.14.0
// Runtime=.NET 8.0.8 (8.0.824.36612), X64 RyuJIT AVX-512F+CD+BW+DQ+VL+VBMI
// GC=Concurrent Workstation
// HardwareIntrinsics=AVX-512F+CD+BW+DQ+VL+VBMI,AES,BMI1,BMI2,FMA,LZCNT,PCLMUL,POPCNT VectorSize=256
// Job: Job-ZUANSU(IterationCount=10, LaunchCount=1)

[testcontainers.org 00:00:00.17] Connected to Docker:
  Host: npipe://./pipe/docker_engine
  Server Version: 26.1.4
  Kernel Version: 5.15.153.1-microsoft-standard-WSL2
  API Version: 1.45
  Operating System: Docker Desktop
  Total Memory: 3.76 GB
  Labels: 
    com.docker.desktop.address=npipe://\\.\pipe\docker_cli
[testcontainers.org 00:00:00.33] Docker container 7464817b85b6 created
[testcontainers.org 00:00:00.37] Start Docker container 7464817b85b6
[testcontainers.org 00:00:01.71] Wait for Docker container 7464817b85b6 to complete readiness checks
[testcontainers.org 00:00:01.72] Docker container 7464817b85b6 ready
[testcontainers.org 00:00:01.79] Docker container 18324b60fc7a created
[testcontainers.org 00:00:01.81] Start Docker container 18324b60fc7a
[testcontainers.org 00:00:03.11] Wait for Docker container 18324b60fc7a to complete readiness checks
[testcontainers.org 00:00:03.12] Execute "pg_isready --host localhost --dbname BENCHMARK_testdb --username postgres" at Docker container 18324b60fc7a
[testcontainers.org 00:00:04.22] Execute "pg_isready --host localhost --dbname BENCHMARK_testdb --username postgres" at Docker container 18324b60fc7a
[testcontainers.org 00:00:04.28] Docker container 18324b60fc7a ready

System.Reflection.TargetInvocationException: Exception has been thrown by the target of an invocation.
 ---> System.IO.FileNotFoundException: Could not find file 'C:\Users\abcd2\OneDrive\Desktop\7-SEM-HIEU\lab_04\Benchmark\bin\Release\net8.0\71f006f3-705d-44e6-97fd-544dc7b060fa\bin\Release\net8.0\setup.sql'.
File name: 'C:\Users\abcd2\OneDrive\Desktop\7-SEM-HIEU\lab_04\Benchmark\bin\Release\net8.0\71f006f3-705d-44e6-97fd-544dc7b060fa\bin\Release\net8.0\setup.sql'
   at Microsoft.Win32.SafeHandles.SafeFileHandle.CreateFile(String fullPath, FileMode mode, FileAccess access, FileShare share, FileOptions options)
   at Microsoft.Win32.SafeHandles.SafeFileHandle.Open(String fullPath, FileMode mode, FileAccess access, FileShare share, FileOptions options, Int64 preallocationSize, Nullable`1 unixCreateMode)
   at System.IO.Strategies.OSFileStreamStrategy..ctor(String path, FileMode mode, FileAccess access, FileShare share, FileOptions options, Int64 preallocationSize, Nullable`1 unixCreateMode)
   at System.IO.Strategies.FileStreamHelpers.ChooseStrategyCore(String path, FileMode mode, FileAccess access, FileShare share, FileOptions options, Int64 preallocationSize, Nullable`1 unixCreateMode)
   at System.IO.FileStream..ctor(String path, FileMode mode, FileAccess access, FileShare share, Int32 bufferSize, FileOptions options, Int64 preallocationSize)
   at System.IO.File.AsyncStreamReader(String path, Encoding encoding)
   at System.IO.File.InternalReadAllTextAsync(String path, Encoding encoding, CancellationToken cancellationToken)
   at Benchmark.Setup.DBSetup.Init() in C:\Users\abcd2\OneDrive\Desktop\7-SEM-HIEU\lab_04\Benchmark\Setup\DBSetup.cs:line 27
   at Benchmark.Compare.Compare.GlobalSetup() in C:\Users\abcd2\OneDrive\Desktop\7-SEM-HIEU\lab_04\Benchmark\Compare\Compare.cs:line 29
   at BenchmarkDotNet.Helpers.AwaitHelper.GetResult(Task task)
   at BenchmarkDotNet.Autogenerated.Runnable_4.<.ctor>b__3_0() in C:\Users\abcd2\OneDrive\Desktop\7-SEM-HIEU\lab_04\Benchmark\bin\Release\net8.0\71f006f3-705d-44e6-97fd-544dc7b060fa\71f006f3-705d-44e6-97fd-544dc7b060fa.notcs:line 975
   at BenchmarkDotNet.Engines.EngineFactory.CreateReadyToRun(EngineParameters engineParameters)
   at BenchmarkDotNet.Autogenerated.Runnable_4.Run(IHost host, String benchmarkName) in C:\Users\abcd2\OneDrive\Desktop\7-SEM-HIEU\lab_04\Benchmark\bin\Release\net8.0\71f006f3-705d-44e6-97fd-544dc7b060fa\71f006f3-705d-44e6-97fd-544dc7b060fa.notcs:line 959
   at System.RuntimeMethodHandle.InvokeMethod(Object target, Void** arguments, Signature sig, Boolean isConstructor)
   at System.Reflection.MethodBaseInvoker.InvokeDirectByRefWithFewArgs(Object obj, Span`1 copyOfArgs, BindingFlags invokeAttr)
   --- End of inner exception stack trace ---
   at System.Reflection.MethodBaseInvoker.InvokeDirectByRefWithFewArgs(Object obj, Span`1 copyOfArgs, BindingFlags invokeAttr)
   at System.Reflection.MethodBaseInvoker.InvokeWithFewArgs(Object obj, BindingFlags invokeAttr, Binder binder, Object[] parameters, CultureInfo culture)
   at System.Reflection.MethodBase.Invoke(Object obj, Object[] parameters)
   at BenchmarkDotNet.Autogenerated.UniqueProgramName.AfterAssemblyLoadingAttached(String[] args) in C:\Users\abcd2\OneDrive\Desktop\7-SEM-HIEU\lab_04\Benchmark\bin\Release\net8.0\71f006f3-705d-44e6-97fd-544dc7b060fa\71f006f3-705d-44e6-97fd-544dc7b060fa.notcs:line 57
// AfterAll
No Workload Results were obtained from the run.
// Benchmark Process 11984 has exited with code -1.

// ** Remained 1 (16,7 %) benchmark(s) to run. Estimated finish 2024-11-29 16:21 (0h 0m from now) **
Setup power plan (GUID: 8c5e7fda-e8bf-4a96-9a85-a6e23a8c635c FriendlyName: High performance)
// **************************
// Benchmark: Compare.EfCoreInsert: Job-TVJOOK(IterationCount=10, LaunchCount=1)
// *** Execute ***
// Launch: 1 / 1
// Execute: dotnet 71f006f3-705d-44e6-97fd-544dc7b060fa.dll --anonymousPipes 1236 1676 --benchmarkName Benchmark.Compare.Compare.EfCoreInsert --job "IterationCount=10, LaunchCount=1" --benchmarkId 5 in C:\Users\abcd2\OneDrive\Desktop\7-SEM-HIEU\lab_04\Benchmark\bin\Release\net8.0\71f006f3-705d-44e6-97fd-544dc7b060fa\bin\Release\net8.0
// BeforeAnythingElse

// Benchmark Process Environment Information:
// BenchmarkDotNet v0.14.0
// Runtime=.NET 8.0.8 (8.0.824.36612), X64 RyuJIT AVX-512F+CD+BW+DQ+VL+VBMI
// GC=Concurrent Workstation
// HardwareIntrinsics=AVX-512F+CD+BW+DQ+VL+VBMI,AES,BMI1,BMI2,FMA,LZCNT,PCLMUL,POPCNT VectorSize=256
// Job: Job-PFPQXR(IterationCount=10, LaunchCount=1)

[testcontainers.org 00:00:00.14] Connected to Docker:
  Host: npipe://./pipe/docker_engine
  Server Version: 26.1.4
  Kernel Version: 5.15.153.1-microsoft-standard-WSL2
  API Version: 1.45
  Operating System: Docker Desktop
  Total Memory: 3.76 GB
  Labels: 
    com.docker.desktop.address=npipe://\\.\pipe\docker_cli
[testcontainers.org 00:00:00.32] Docker container a9d9610ecb9b created
[testcontainers.org 00:00:00.37] Start Docker container a9d9610ecb9b
[testcontainers.org 00:00:02.01] Wait for Docker container a9d9610ecb9b to complete readiness checks
[testcontainers.org 00:00:02.03] Docker container a9d9610ecb9b ready
[testcontainers.org 00:00:02.10] Docker container 3d8bd4dc9432 created
[testcontainers.org 00:00:02.12] Start Docker container 3d8bd4dc9432
[testcontainers.org 00:00:03.47] Wait for Docker container 3d8bd4dc9432 to complete readiness checks
[testcontainers.org 00:00:03.48] Execute "pg_isready --host localhost --dbname BENCHMARK_testdb --username postgres" at Docker container 3d8bd4dc9432
[testcontainers.org 00:00:04.61] Execute "pg_isready --host localhost --dbname BENCHMARK_testdb --username postgres" at Docker container 3d8bd4dc9432
[testcontainers.org 00:00:04.67] Docker container 3d8bd4dc9432 ready

System.Reflection.TargetInvocationException: Exception has been thrown by the target of an invocation.
 ---> System.IO.FileNotFoundException: Could not find file 'C:\Users\abcd2\OneDrive\Desktop\7-SEM-HIEU\lab_04\Benchmark\bin\Release\net8.0\71f006f3-705d-44e6-97fd-544dc7b060fa\bin\Release\net8.0\setup.sql'.
File name: 'C:\Users\abcd2\OneDrive\Desktop\7-SEM-HIEU\lab_04\Benchmark\bin\Release\net8.0\71f006f3-705d-44e6-97fd-544dc7b060fa\bin\Release\net8.0\setup.sql'
   at Microsoft.Win32.SafeHandles.SafeFileHandle.CreateFile(String fullPath, FileMode mode, FileAccess access, FileShare share, FileOptions options)
   at Microsoft.Win32.SafeHandles.SafeFileHandle.Open(String fullPath, FileMode mode, FileAccess access, FileShare share, FileOptions options, Int64 preallocationSize, Nullable`1 unixCreateMode)
   at System.IO.Strategies.OSFileStreamStrategy..ctor(String path, FileMode mode, FileAccess access, FileShare share, FileOptions options, Int64 preallocationSize, Nullable`1 unixCreateMode)
   at System.IO.Strategies.FileStreamHelpers.ChooseStrategyCore(String path, FileMode mode, FileAccess access, FileShare share, FileOptions options, Int64 preallocationSize, Nullable`1 unixCreateMode)
   at System.IO.FileStream..ctor(String path, FileMode mode, FileAccess access, FileShare share, Int32 bufferSize, FileOptions options, Int64 preallocationSize)
   at System.IO.File.AsyncStreamReader(String path, Encoding encoding)
   at System.IO.File.InternalReadAllTextAsync(String path, Encoding encoding, CancellationToken cancellationToken)
   at Benchmark.Setup.DBSetup.Init() in C:\Users\abcd2\OneDrive\Desktop\7-SEM-HIEU\lab_04\Benchmark\Setup\DBSetup.cs:line 27
   at Benchmark.Compare.Compare.GlobalSetup() in C:\Users\abcd2\OneDrive\Desktop\7-SEM-HIEU\lab_04\Benchmark\Compare\Compare.cs:line 29
   at BenchmarkDotNet.Helpers.AwaitHelper.GetResult(Task task)
   at BenchmarkDotNet.Autogenerated.Runnable_5.<.ctor>b__3_0() in C:\Users\abcd2\OneDrive\Desktop\7-SEM-HIEU\lab_04\Benchmark\bin\Release\net8.0\71f006f3-705d-44e6-97fd-544dc7b060fa\71f006f3-705d-44e6-97fd-544dc7b060fa.notcs:line 1173
   at BenchmarkDotNet.Engines.EngineFactory.CreateReadyToRun(EngineParameters engineParameters)
   at BenchmarkDotNet.Autogenerated.Runnable_5.Run(IHost host, String benchmarkName) in C:\Users\abcd2\OneDrive\Desktop\7-SEM-HIEU\lab_04\Benchmark\bin\Release\net8.0\71f006f3-705d-44e6-97fd-544dc7b060fa\71f006f3-705d-44e6-97fd-544dc7b060fa.notcs:line 1157
   at System.RuntimeMethodHandle.InvokeMethod(Object target, Void** arguments, Signature sig, Boolean isConstructor)
   at System.Reflection.MethodBaseInvoker.InvokeDirectByRefWithFewArgs(Object obj, Span`1 copyOfArgs, BindingFlags invokeAttr)
   --- End of inner exception stack trace ---
   at System.Reflection.MethodBaseInvoker.InvokeDirectByRefWithFewArgs(Object obj, Span`1 copyOfArgs, BindingFlags invokeAttr)
   at System.Reflection.MethodBaseInvoker.InvokeWithFewArgs(Object obj, BindingFlags invokeAttr, Binder binder, Object[] parameters, CultureInfo culture)
   at System.Reflection.MethodBase.Invoke(Object obj, Object[] parameters)
   at BenchmarkDotNet.Autogenerated.UniqueProgramName.AfterAssemblyLoadingAttached(String[] args) in C:\Users\abcd2\OneDrive\Desktop\7-SEM-HIEU\lab_04\Benchmark\bin\Release\net8.0\71f006f3-705d-44e6-97fd-544dc7b060fa\71f006f3-705d-44e6-97fd-544dc7b060fa.notcs:line 57
// AfterAll
No Workload Results were obtained from the run.
// Benchmark Process 22968 has exited with code -1.

// ** Remained 0 (0,0 %) benchmark(s) to run. Estimated finish 2024-11-29 16:21 (0h 0m from now) **
Successfully reverted power plan (GUID: 49ef8fc0-bb7f-488e-b6a0-f1fc77ec649b FriendlyName: Dell)
// ***** BenchmarkRunner: Finish  *****

// * Export *
  BenchmarkDotNet.Artifacts\results\Benchmark.Compare.Compare-report.csv
  BenchmarkDotNet.Artifacts\results\Benchmark.Compare.Compare-report-github.md
  BenchmarkDotNet.Artifacts\results\Benchmark.Compare.Compare-report.html
  BenchmarkDotNet.Artifacts\results\Benchmark.Compare.Compare-report-default.md
  BenchmarkDotNet.Artifacts\results\Benchmark.Compare.Compare-measurements.csv
RPlotExporter couldn't find Rscript.exe in your PATH and no R_HOME environment variable is defined
  BenchmarkDotNet.Artifacts\results\BuildPlots.R

// * Detailed results *
Compare.NpgslInsert: Job-TVJOOK(IterationCount=10, LaunchCount=1)
Runtime = .NET 8.0.8 (8.0.824.36612), X64 RyuJIT AVX-512F+CD+BW+DQ+VL+VBMI; GC = Concurrent Workstation
There are not any results runs

Compare.NpgslSelect: Job-TVJOOK(IterationCount=10, LaunchCount=1)
Runtime = .NET 8.0.8 (8.0.824.36612), X64 RyuJIT AVX-512F+CD+BW+DQ+VL+VBMI; GC = Concurrent Workstation
There are not any results runs

Compare.DapperInsert: Job-TVJOOK(IterationCount=10, LaunchCount=1)
Runtime = .NET 8.0.8 (8.0.824.36612), X64 RyuJIT AVX-512F+CD+BW+DQ+VL+VBMI; GC = Concurrent Workstation
There are not any results runs

Compare.DapperSelect: Job-TVJOOK(IterationCount=10, LaunchCount=1)
Runtime = .NET 8.0.8 (8.0.824.36612), X64 RyuJIT AVX-512F+CD+BW+DQ+VL+VBMI; GC = Concurrent Workstation
There are not any results runs

Compare.EfCoreSelect: Job-TVJOOK(IterationCount=10, LaunchCount=1)
Runtime = .NET 8.0.8 (8.0.824.36612), X64 RyuJIT AVX-512F+CD+BW+DQ+VL+VBMI; GC = Concurrent Workstation
There are not any results runs

Compare.EfCoreInsert: Job-TVJOOK(IterationCount=10, LaunchCount=1)
Runtime = .NET 8.0.8 (8.0.824.36612), X64 RyuJIT AVX-512F+CD+BW+DQ+VL+VBMI; GC = Concurrent Workstation
There are not any results runs

// * Summary *

BenchmarkDotNet v0.14.0, Windows 10 (10.0.19045.5131/22H2/2022Update)
11th Gen Intel Core i7-1165G7 2.80GHz, 1 CPU, 8 logical and 4 physical cores
.NET SDK 8.0.400
  [Host]     : .NET 8.0.8 (8.0.824.36612), X64 RyuJIT AVX-512F+CD+BW+DQ+VL+VBMI
  Job-TVJOOK : .NET 8.0.8 (8.0.824.36612), X64 RyuJIT AVX-512F+CD+BW+DQ+VL+VBMI

IterationCount=10  LaunchCount=1  

| Method       | Mean | Error |
|------------- |-----:|------:|
| NpgslInsert  |   NA |    NA |
| NpgslSelect  |   NA |    NA |
| DapperInsert |   NA |    NA |
| DapperSelect |   NA |    NA |
| EfCoreSelect |   NA |    NA |
| EfCoreInsert |   NA |    NA |

Benchmarks with issues:
  Compare.NpgslInsert: Job-TVJOOK(IterationCount=10, LaunchCount=1)
  Compare.NpgslSelect: Job-TVJOOK(IterationCount=10, LaunchCount=1)
  Compare.DapperInsert: Job-TVJOOK(IterationCount=10, LaunchCount=1)
  Compare.DapperSelect: Job-TVJOOK(IterationCount=10, LaunchCount=1)
  Compare.EfCoreSelect: Job-TVJOOK(IterationCount=10, LaunchCount=1)
  Compare.EfCoreInsert: Job-TVJOOK(IterationCount=10, LaunchCount=1)

// * Warnings *
Environment
  Summary -> Detected error exit code from one of the benchmarks. It might be caused by following antivirus software:
        - Windows Defender (windowsdefender://)
Use InProcessEmitToolchain or InProcessNoEmitToolchain to avoid new process creation.


// * Legends *
  Mean  : Arithmetic mean of all measurements
  Error : Half of 99.9% confidence interval
  1 ns  : 1 Nanosecond (0.000000001 sec)

// * Diagnostic Output - MemoryDiagnoser *


// ***** BenchmarkRunner: End *****
Run time: 00:00:33 (33.98 sec), executed benchmarks: 6

Global total time: 00:00:44 (44.09 sec), executed benchmarks: 6
// * Artifacts cleanup *
Artifacts cleanup is finished
