// Validating benchmarks:
// ***** BenchmarkRunner: Start   *****
// ***** Found 6 benchmark(s) in total *****
// ***** Building 1 exe(s) in Parallel: Start   *****
// start dotnet  restore /p:UseSharedCompilation=false /p:BuildInParallel=false /m:1 /p:Deterministic=true /p:Optimize=true /p:IntermediateOutputPath="C:\Users\abcd2\OneDrive\Desktop\7-SEM-HIEU\lab_03\Benchmark\bin\Release\net8.0\9877d5c2-c08c-4b8f-85bb-8cef091e4718\obj\Release\net8.0/" /p:OutDir="C:\Users\abcd2\OneDrive\Desktop\7-SEM-HIEU\lab_03\Benchmark\bin\Release\net8.0\9877d5c2-c08c-4b8f-85bb-8cef091e4718\bin\Release\net8.0/" /p:OutputPath="C:\Users\abcd2\OneDrive\Desktop\7-SEM-HIEU\lab_03\Benchmark\bin\Release\net8.0\9877d5c2-c08c-4b8f-85bb-8cef091e4718\bin\Release\net8.0/" in C:\Users\abcd2\OneDrive\Desktop\7-SEM-HIEU\lab_03\Benchmark\bin\Release\net8.0\9877d5c2-c08c-4b8f-85bb-8cef091e4718
// command took 1.72 sec and exited with 0
// start dotnet  build -c Release --no-restore /p:UseSharedCompilation=false /p:BuildInParallel=false /m:1 /p:Deterministic=true /p:Optimize=true /p:IntermediateOutputPath="C:\Users\abcd2\OneDrive\Desktop\7-SEM-HIEU\lab_03\Benchmark\bin\Release\net8.0\9877d5c2-c08c-4b8f-85bb-8cef091e4718\obj\Release\net8.0/" /p:OutDir="C:\Users\abcd2\OneDrive\Desktop\7-SEM-HIEU\lab_03\Benchmark\bin\Release\net8.0\9877d5c2-c08c-4b8f-85bb-8cef091e4718\bin\Release\net8.0/" /p:OutputPath="C:\Users\abcd2\OneDrive\Desktop\7-SEM-HIEU\lab_03\Benchmark\bin\Release\net8.0\9877d5c2-c08c-4b8f-85bb-8cef091e4718\bin\Release\net8.0/" --output "C:\Users\abcd2\OneDrive\Desktop\7-SEM-HIEU\lab_03\Benchmark\bin\Release\net8.0\9877d5c2-c08c-4b8f-85bb-8cef091e4718\bin\Release\net8.0/" in C:\Users\abcd2\OneDrive\Desktop\7-SEM-HIEU\lab_03\Benchmark\bin\Release\net8.0\9877d5c2-c08c-4b8f-85bb-8cef091e4718
// command took 6.6 sec and exited with 0
// ***** Done, took 00:00:08 (8.46 sec)   *****
// Found 6 benchmarks:
//   Compare.NpgslInsert: Job-NIXUSM(IterationCount=10, LaunchCount=1)
//   Compare.NpgslSelect: Job-NIXUSM(IterationCount=10, LaunchCount=1)
//   Compare.DapperInsert: Job-NIXUSM(IterationCount=10, LaunchCount=1)
//   Compare.DapperSelect: Job-NIXUSM(IterationCount=10, LaunchCount=1)
//   Compare.EfCoreSelect: Job-NIXUSM(IterationCount=10, LaunchCount=1)
//   Compare.EfCoreInsert: Job-NIXUSM(IterationCount=10, LaunchCount=1)

Setup power plan (GUID: 8c5e7fda-e8bf-4a96-9a85-a6e23a8c635c FriendlyName: High performance)
// **************************
// Benchmark: Compare.NpgslInsert: Job-NIXUSM(IterationCount=10, LaunchCount=1)
// *** Execute ***
// Launch: 1 / 1
// Execute: dotnet 9877d5c2-c08c-4b8f-85bb-8cef091e4718.dll --anonymousPipes 2236 1400 --benchmarkName Benchmark.Compare.Compare.NpgslInsert --job "IterationCount=10, LaunchCount=1" --benchmarkId 0 in C:\Users\abcd2\OneDrive\Desktop\7-SEM-HIEU\lab_03\Benchmark\bin\Release\net8.0\9877d5c2-c08c-4b8f-85bb-8cef091e4718\bin\Release\net8.0
// BeforeAnythingElse

// Benchmark Process Environment Information:
// BenchmarkDotNet v0.14.0
// Runtime=.NET 8.0.8 (8.0.824.36612), X64 RyuJIT AVX-512F+CD+BW+DQ+VL+VBMI
// GC=Concurrent Workstation
// HardwareIntrinsics=AVX-512F+CD+BW+DQ+VL+VBMI,AES,BMI1,BMI2,FMA,LZCNT,PCLMUL,POPCNT VectorSize=256
// Job: Job-DITZRJ(IterationCount=10, LaunchCount=1)

OverheadJitting  1: 1 op, 171900.00 ns, 171.9000 us/op

System.Reflection.TargetInvocationException: Exception has been thrown by the target of an invocation.
 ---> System.InvalidOperationException: Could not find resource 'PostgreSqlContainer'. Please create the resource by calling StartAsync(CancellationToken) or CreateAsync(CancellationToken).
   at DotNet.Testcontainers.Guard.ThrowIf[TType](ArgumentInfo`1& argument, Func`2 condition, Func`2 ifClause) in /_/src/Testcontainers/Guard.Null.cs:line 62
   at DotNet.Testcontainers.Resource.ThrowIfResourceNotFound() in /_/src/Testcontainers/Resource.cs:line 79
   at DotNet.Testcontainers.Containers.DockerContainer.GetMappedPublicPort(String containerPort) in /_/src/Testcontainers/Containers/DockerContainer.cs:line 238
   at DotNet.Testcontainers.Containers.DockerContainer.GetMappedPublicPort(Int32 containerPort) in /_/src/Testcontainers/Containers/DockerContainer.cs:line 232
   at Testcontainers.PostgreSql.PostgreSqlContainer.GetConnectionString() in /_/src/Testcontainers.PostgreSql/PostgreSqlContainer.cs:line 27
   at Benchmark.Setup.DBSetup.get_ConnectionString() in C:\Users\abcd2\OneDrive\Desktop\7-SEM-HIEU\lab_03\Benchmark\Setup\DBSetup.cs:line 19
   at Benchmark.Compare.Compare.NpgslInsert() in C:\Users\abcd2\OneDrive\Desktop\7-SEM-HIEU\lab_03\Benchmark\Compare\Compare.cs:line 36
   at BenchmarkDotNet.Autogenerated.Runnable_0.WorkloadActionNoUnroll(Int64 invokeCount) in C:\Users\abcd2\OneDrive\Desktop\7-SEM-HIEU\lab_03\Benchmark\bin\Release\net8.0\9877d5c2-c08c-4b8f-85bb-8cef091e4718\9877d5c2-c08c-4b8f-85bb-8cef091e4718.notcs:line 312
   at BenchmarkDotNet.Engines.Engine.Measure(Action`1 action, Int64 invokeCount)
   at BenchmarkDotNet.Engines.Engine.RunIteration(IterationData data)
   at BenchmarkDotNet.Engines.EngineFactory.Jit(Engine engine, Int32 jitIndex, Int32 invokeCount, Int32 unrollFactor)
   at BenchmarkDotNet.Engines.EngineFactory.CreateReadyToRun(EngineParameters engineParameters)
   at BenchmarkDotNet.Autogenerated.Runnable_0.Run(IHost host, String benchmarkName) in C:\Users\abcd2\OneDrive\Desktop\7-SEM-HIEU\lab_03\Benchmark\bin\Release\net8.0\9877d5c2-c08c-4b8f-85bb-8cef091e4718\9877d5c2-c08c-4b8f-85bb-8cef091e4718.notcs:line 177
   at System.RuntimeMethodHandle.InvokeMethod(Object target, Void** arguments, Signature sig, Boolean isConstructor)
   at System.Reflection.MethodBaseInvoker.InvokeDirectByRefWithFewArgs(Object obj, Span`1 copyOfArgs, BindingFlags invokeAttr)
   --- End of inner exception stack trace ---
   at System.Reflection.MethodBaseInvoker.InvokeDirectByRefWithFewArgs(Object obj, Span`1 copyOfArgs, BindingFlags invokeAttr)
   at System.Reflection.MethodBaseInvoker.InvokeWithFewArgs(Object obj, BindingFlags invokeAttr, Binder binder, Object[] parameters, CultureInfo culture)
   at System.Reflection.MethodBase.Invoke(Object obj, Object[] parameters)
   at BenchmarkDotNet.Autogenerated.UniqueProgramName.AfterAssemblyLoadingAttached(String[] args) in C:\Users\abcd2\OneDrive\Desktop\7-SEM-HIEU\lab_03\Benchmark\bin\Release\net8.0\9877d5c2-c08c-4b8f-85bb-8cef091e4718\9877d5c2-c08c-4b8f-85bb-8cef091e4718.notcs:line 57
// AfterAll
No Workload Results were obtained from the run.
// Benchmark Process 20400 has exited with code -1.

// ** Remained 5 (83,3 %) benchmark(s) to run. Estimated finish 2024-11-12 12:41 (0h 0m from now) **
Setup power plan (GUID: 8c5e7fda-e8bf-4a96-9a85-a6e23a8c635c FriendlyName: High performance)
// **************************
// Benchmark: Compare.NpgslSelect: Job-NIXUSM(IterationCount=10, LaunchCount=1)
// *** Execute ***
// Launch: 1 / 1
// Execute: dotnet 9877d5c2-c08c-4b8f-85bb-8cef091e4718.dll --anonymousPipes 2184 2188 --benchmarkName Benchmark.Compare.Compare.NpgslSelect --job "IterationCount=10, LaunchCount=1" --benchmarkId 1 in C:\Users\abcd2\OneDrive\Desktop\7-SEM-HIEU\lab_03\Benchmark\bin\Release\net8.0\9877d5c2-c08c-4b8f-85bb-8cef091e4718\bin\Release\net8.0
// BeforeAnythingElse

// Benchmark Process Environment Information:
// BenchmarkDotNet v0.14.0
// Runtime=.NET 8.0.8 (8.0.824.36612), X64 RyuJIT AVX-512F+CD+BW+DQ+VL+VBMI
// GC=Concurrent Workstation
// HardwareIntrinsics=AVX-512F+CD+BW+DQ+VL+VBMI,AES,BMI1,BMI2,FMA,LZCNT,PCLMUL,POPCNT VectorSize=256
// Job: Job-IXFGJZ(IterationCount=10, LaunchCount=1)

OverheadJitting  1: 1 op, 242000.00 ns, 242.0000 us/op

System.Reflection.TargetInvocationException: Exception has been thrown by the target of an invocation.
 ---> System.InvalidOperationException: Could not find resource 'PostgreSqlContainer'. Please create the resource by calling StartAsync(CancellationToken) or CreateAsync(CancellationToken).
   at DotNet.Testcontainers.Guard.ThrowIf[TType](ArgumentInfo`1& argument, Func`2 condition, Func`2 ifClause) in /_/src/Testcontainers/Guard.Null.cs:line 62
   at DotNet.Testcontainers.Resource.ThrowIfResourceNotFound() in /_/src/Testcontainers/Resource.cs:line 79
   at DotNet.Testcontainers.Containers.DockerContainer.GetMappedPublicPort(String containerPort) in /_/src/Testcontainers/Containers/DockerContainer.cs:line 238
   at DotNet.Testcontainers.Containers.DockerContainer.GetMappedPublicPort(Int32 containerPort) in /_/src/Testcontainers/Containers/DockerContainer.cs:line 232
   at Testcontainers.PostgreSql.PostgreSqlContainer.GetConnectionString() in /_/src/Testcontainers.PostgreSql/PostgreSqlContainer.cs:line 27
   at Benchmark.Setup.DBSetup.get_ConnectionString() in C:\Users\abcd2\OneDrive\Desktop\7-SEM-HIEU\lab_03\Benchmark\Setup\DBSetup.cs:line 19
   at Benchmark.Compare.Compare.NpgslSelect() in C:\Users\abcd2\OneDrive\Desktop\7-SEM-HIEU\lab_03\Benchmark\Compare\Compare.cs:line 43
   at BenchmarkDotNet.Autogenerated.Runnable_1.WorkloadActionNoUnroll(Int64 invokeCount) in C:\Users\abcd2\OneDrive\Desktop\7-SEM-HIEU\lab_03\Benchmark\bin\Release\net8.0\9877d5c2-c08c-4b8f-85bb-8cef091e4718\9877d5c2-c08c-4b8f-85bb-8cef091e4718.notcs:line 507
   at BenchmarkDotNet.Engines.Engine.Measure(Action`1 action, Int64 invokeCount)
   at BenchmarkDotNet.Engines.Engine.RunIteration(IterationData data)
   at BenchmarkDotNet.Engines.EngineFactory.Jit(Engine engine, Int32 jitIndex, Int32 invokeCount, Int32 unrollFactor)
   at BenchmarkDotNet.Engines.EngineFactory.CreateReadyToRun(EngineParameters engineParameters)
   at BenchmarkDotNet.Autogenerated.Runnable_1.Run(IHost host, String benchmarkName) in C:\Users\abcd2\OneDrive\Desktop\7-SEM-HIEU\lab_03\Benchmark\bin\Release\net8.0\9877d5c2-c08c-4b8f-85bb-8cef091e4718\9877d5c2-c08c-4b8f-85bb-8cef091e4718.notcs:line 370
   at System.RuntimeMethodHandle.InvokeMethod(Object target, Void** arguments, Signature sig, Boolean isConstructor)
   at System.Reflection.MethodBaseInvoker.InvokeDirectByRefWithFewArgs(Object obj, Span`1 copyOfArgs, BindingFlags invokeAttr)
   --- End of inner exception stack trace ---
   at System.Reflection.MethodBaseInvoker.InvokeDirectByRefWithFewArgs(Object obj, Span`1 copyOfArgs, BindingFlags invokeAttr)
   at System.Reflection.MethodBaseInvoker.InvokeWithFewArgs(Object obj, BindingFlags invokeAttr, Binder binder, Object[] parameters, CultureInfo culture)
   at System.Reflection.MethodBase.Invoke(Object obj, Object[] parameters)
   at BenchmarkDotNet.Autogenerated.UniqueProgramName.AfterAssemblyLoadingAttached(String[] args) in C:\Users\abcd2\OneDrive\Desktop\7-SEM-HIEU\lab_03\Benchmark\bin\Release\net8.0\9877d5c2-c08c-4b8f-85bb-8cef091e4718\9877d5c2-c08c-4b8f-85bb-8cef091e4718.notcs:line 57
// AfterAll
No Workload Results were obtained from the run.
// Benchmark Process 2096 has exited with code -1.

// ** Remained 4 (66,7 %) benchmark(s) to run. Estimated finish 2024-11-12 12:41 (0h 0m from now) **
Setup power plan (GUID: 8c5e7fda-e8bf-4a96-9a85-a6e23a8c635c FriendlyName: High performance)
// **************************
// Benchmark: Compare.DapperInsert: Job-NIXUSM(IterationCount=10, LaunchCount=1)
// *** Execute ***
// Launch: 1 / 1
// Execute: dotnet 9877d5c2-c08c-4b8f-85bb-8cef091e4718.dll --anonymousPipes 2184 2188 --benchmarkName Benchmark.Compare.Compare.DapperInsert --job "IterationCount=10, LaunchCount=1" --benchmarkId 2 in C:\Users\abcd2\OneDrive\Desktop\7-SEM-HIEU\lab_03\Benchmark\bin\Release\net8.0\9877d5c2-c08c-4b8f-85bb-8cef091e4718\bin\Release\net8.0
// BeforeAnythingElse

// Benchmark Process Environment Information:
// BenchmarkDotNet v0.14.0
// Runtime=.NET 8.0.8 (8.0.824.36612), X64 RyuJIT AVX-512F+CD+BW+DQ+VL+VBMI
// GC=Concurrent Workstation
// HardwareIntrinsics=AVX-512F+CD+BW+DQ+VL+VBMI,AES,BMI1,BMI2,FMA,LZCNT,PCLMUL,POPCNT VectorSize=256
// Job: Job-OOEIZN(IterationCount=10, LaunchCount=1)

OverheadJitting  1: 1 op, 195500.00 ns, 195.5000 us/op

System.Reflection.TargetInvocationException: Exception has been thrown by the target of an invocation.
 ---> System.InvalidOperationException: Could not find resource 'PostgreSqlContainer'. Please create the resource by calling StartAsync(CancellationToken) or CreateAsync(CancellationToken).
   at DotNet.Testcontainers.Guard.ThrowIf[TType](ArgumentInfo`1& argument, Func`2 condition, Func`2 ifClause) in /_/src/Testcontainers/Guard.Null.cs:line 62
   at DotNet.Testcontainers.Resource.ThrowIfResourceNotFound() in /_/src/Testcontainers/Resource.cs:line 79
   at DotNet.Testcontainers.Containers.DockerContainer.GetMappedPublicPort(String containerPort) in /_/src/Testcontainers/Containers/DockerContainer.cs:line 238
   at DotNet.Testcontainers.Containers.DockerContainer.GetMappedPublicPort(Int32 containerPort) in /_/src/Testcontainers/Containers/DockerContainer.cs:line 232
   at Testcontainers.PostgreSql.PostgreSqlContainer.GetConnectionString() in /_/src/Testcontainers.PostgreSql/PostgreSqlContainer.cs:line 27
   at Benchmark.Setup.DBSetup.get_ConnectionString() in C:\Users\abcd2\OneDrive\Desktop\7-SEM-HIEU\lab_03\Benchmark\Setup\DBSetup.cs:line 19
   at Benchmark.Compare.Compare.DapperInsert() in C:\Users\abcd2\OneDrive\Desktop\7-SEM-HIEU\lab_03\Benchmark\Compare\Compare.cs:line 52
   at BenchmarkDotNet.Autogenerated.Runnable_2.WorkloadActionNoUnroll(Int64 invokeCount) in C:\Users\abcd2\OneDrive\Desktop\7-SEM-HIEU\lab_03\Benchmark\bin\Release\net8.0\9877d5c2-c08c-4b8f-85bb-8cef091e4718\9877d5c2-c08c-4b8f-85bb-8cef091e4718.notcs:line 703
   at BenchmarkDotNet.Engines.Engine.Measure(Action`1 action, Int64 invokeCount)
   at BenchmarkDotNet.Engines.Engine.RunIteration(IterationData data)
   at BenchmarkDotNet.Engines.EngineFactory.Jit(Engine engine, Int32 jitIndex, Int32 invokeCount, Int32 unrollFactor)
   at BenchmarkDotNet.Engines.EngineFactory.CreateReadyToRun(EngineParameters engineParameters)
   at BenchmarkDotNet.Autogenerated.Runnable_2.Run(IHost host, String benchmarkName) in C:\Users\abcd2\OneDrive\Desktop\7-SEM-HIEU\lab_03\Benchmark\bin\Release\net8.0\9877d5c2-c08c-4b8f-85bb-8cef091e4718\9877d5c2-c08c-4b8f-85bb-8cef091e4718.notcs:line 568
   at System.RuntimeMethodHandle.InvokeMethod(Object target, Void** arguments, Signature sig, Boolean isConstructor)
   at System.Reflection.MethodBaseInvoker.InvokeDirectByRefWithFewArgs(Object obj, Span`1 copyOfArgs, BindingFlags invokeAttr)
   --- End of inner exception stack trace ---
   at System.Reflection.MethodBaseInvoker.InvokeDirectByRefWithFewArgs(Object obj, Span`1 copyOfArgs, BindingFlags invokeAttr)
   at System.Reflection.MethodBaseInvoker.InvokeWithFewArgs(Object obj, BindingFlags invokeAttr, Binder binder, Object[] parameters, CultureInfo culture)
   at System.Reflection.MethodBase.Invoke(Object obj, Object[] parameters)
   at BenchmarkDotNet.Autogenerated.UniqueProgramName.AfterAssemblyLoadingAttached(String[] args) in C:\Users\abcd2\OneDrive\Desktop\7-SEM-HIEU\lab_03\Benchmark\bin\Release\net8.0\9877d5c2-c08c-4b8f-85bb-8cef091e4718\9877d5c2-c08c-4b8f-85bb-8cef091e4718.notcs:line 57
// AfterAll
No Workload Results were obtained from the run.
// Benchmark Process 16124 has exited with code -1.

// ** Remained 3 (50,0 %) benchmark(s) to run. Estimated finish 2024-11-12 12:41 (0h 0m from now) **
Setup power plan (GUID: 8c5e7fda-e8bf-4a96-9a85-a6e23a8c635c FriendlyName: High performance)
// **************************
// Benchmark: Compare.DapperSelect: Job-NIXUSM(IterationCount=10, LaunchCount=1)
// *** Execute ***
// Launch: 1 / 1
// Execute: dotnet 9877d5c2-c08c-4b8f-85bb-8cef091e4718.dll --anonymousPipes 2184 2024 --benchmarkName Benchmark.Compare.Compare.DapperSelect --job "IterationCount=10, LaunchCount=1" --benchmarkId 3 in C:\Users\abcd2\OneDrive\Desktop\7-SEM-HIEU\lab_03\Benchmark\bin\Release\net8.0\9877d5c2-c08c-4b8f-85bb-8cef091e4718\bin\Release\net8.0
// BeforeAnythingElse

// Benchmark Process Environment Information:
// BenchmarkDotNet v0.14.0
// Runtime=.NET 8.0.8 (8.0.824.36612), X64 RyuJIT AVX-512F+CD+BW+DQ+VL+VBMI
// GC=Concurrent Workstation
// HardwareIntrinsics=AVX-512F+CD+BW+DQ+VL+VBMI,AES,BMI1,BMI2,FMA,LZCNT,PCLMUL,POPCNT VectorSize=256
// Job: Job-CDVVEY(IterationCount=10, LaunchCount=1)

OverheadJitting  1: 1 op, 247100.00 ns, 247.1000 us/op

System.Reflection.TargetInvocationException: Exception has been thrown by the target of an invocation.
 ---> System.InvalidOperationException: Could not find resource 'PostgreSqlContainer'. Please create the resource by calling StartAsync(CancellationToken) or CreateAsync(CancellationToken).
   at DotNet.Testcontainers.Guard.ThrowIf[TType](ArgumentInfo`1& argument, Func`2 condition, Func`2 ifClause) in /_/src/Testcontainers/Guard.Null.cs:line 62
   at DotNet.Testcontainers.Resource.ThrowIfResourceNotFound() in /_/src/Testcontainers/Resource.cs:line 79
   at DotNet.Testcontainers.Containers.DockerContainer.GetMappedPublicPort(String containerPort) in /_/src/Testcontainers/Containers/DockerContainer.cs:line 238
   at DotNet.Testcontainers.Containers.DockerContainer.GetMappedPublicPort(Int32 containerPort) in /_/src/Testcontainers/Containers/DockerContainer.cs:line 232
   at Testcontainers.PostgreSql.PostgreSqlContainer.GetConnectionString() in /_/src/Testcontainers.PostgreSql/PostgreSqlContainer.cs:line 27
   at Benchmark.Setup.DBSetup.get_ConnectionString() in C:\Users\abcd2\OneDrive\Desktop\7-SEM-HIEU\lab_03\Benchmark\Setup\DBSetup.cs:line 19
   at Benchmark.Compare.Compare.DapperSelect() in C:\Users\abcd2\OneDrive\Desktop\7-SEM-HIEU\lab_03\Benchmark\Compare\Compare.cs:line 59
   at BenchmarkDotNet.Autogenerated.Runnable_3.WorkloadActionNoUnroll(Int64 invokeCount) in C:\Users\abcd2\OneDrive\Desktop\7-SEM-HIEU\lab_03\Benchmark\bin\Release\net8.0\9877d5c2-c08c-4b8f-85bb-8cef091e4718\9877d5c2-c08c-4b8f-85bb-8cef091e4718.notcs:line 898
   at BenchmarkDotNet.Engines.Engine.Measure(Action`1 action, Int64 invokeCount)
   at BenchmarkDotNet.Engines.Engine.RunIteration(IterationData data)
   at BenchmarkDotNet.Engines.EngineFactory.Jit(Engine engine, Int32 jitIndex, Int32 invokeCount, Int32 unrollFactor)
   at BenchmarkDotNet.Engines.EngineFactory.CreateReadyToRun(EngineParameters engineParameters)
   at BenchmarkDotNet.Autogenerated.Runnable_3.Run(IHost host, String benchmarkName) in C:\Users\abcd2\OneDrive\Desktop\7-SEM-HIEU\lab_03\Benchmark\bin\Release\net8.0\9877d5c2-c08c-4b8f-85bb-8cef091e4718\9877d5c2-c08c-4b8f-85bb-8cef091e4718.notcs:line 761
   at System.RuntimeMethodHandle.InvokeMethod(Object target, Void** arguments, Signature sig, Boolean isConstructor)
   at System.Reflection.MethodBaseInvoker.InvokeDirectByRefWithFewArgs(Object obj, Span`1 copyOfArgs, BindingFlags invokeAttr)
   --- End of inner exception stack trace ---
   at System.Reflection.MethodBaseInvoker.InvokeDirectByRefWithFewArgs(Object obj, Span`1 copyOfArgs, BindingFlags invokeAttr)
   at System.Reflection.MethodBaseInvoker.InvokeWithFewArgs(Object obj, BindingFlags invokeAttr, Binder binder, Object[] parameters, CultureInfo culture)
   at System.Reflection.MethodBase.Invoke(Object obj, Object[] parameters)
   at BenchmarkDotNet.Autogenerated.UniqueProgramName.AfterAssemblyLoadingAttached(String[] args) in C:\Users\abcd2\OneDrive\Desktop\7-SEM-HIEU\lab_03\Benchmark\bin\Release\net8.0\9877d5c2-c08c-4b8f-85bb-8cef091e4718\9877d5c2-c08c-4b8f-85bb-8cef091e4718.notcs:line 57
// AfterAll
No Workload Results were obtained from the run.
// Benchmark Process 18468 has exited with code -1.

// ** Remained 2 (33,3 %) benchmark(s) to run. Estimated finish 2024-11-12 12:41 (0h 0m from now) **
Setup power plan (GUID: 8c5e7fda-e8bf-4a96-9a85-a6e23a8c635c FriendlyName: High performance)
// **************************
// Benchmark: Compare.EfCoreSelect: Job-NIXUSM(IterationCount=10, LaunchCount=1)
// *** Execute ***
// Launch: 1 / 1
// Execute: dotnet 9877d5c2-c08c-4b8f-85bb-8cef091e4718.dll --anonymousPipes 2536 2532 --benchmarkName Benchmark.Compare.Compare.EfCoreSelect --job "IterationCount=10, LaunchCount=1" --benchmarkId 4 in C:\Users\abcd2\OneDrive\Desktop\7-SEM-HIEU\lab_03\Benchmark\bin\Release\net8.0\9877d5c2-c08c-4b8f-85bb-8cef091e4718\bin\Release\net8.0
// BeforeAnythingElse

// Benchmark Process Environment Information:
// BenchmarkDotNet v0.14.0
// Runtime=.NET 8.0.8 (8.0.824.36612), X64 RyuJIT AVX-512F+CD+BW+DQ+VL+VBMI
// GC=Concurrent Workstation
// HardwareIntrinsics=AVX-512F+CD+BW+DQ+VL+VBMI,AES,BMI1,BMI2,FMA,LZCNT,PCLMUL,POPCNT VectorSize=256
// Job: Job-UIVFAS(IterationCount=10, LaunchCount=1)

OverheadJitting  1: 1 op, 225700.00 ns, 225.7000 us/op

System.Reflection.TargetInvocationException: Exception has been thrown by the target of an invocation.
 ---> System.InvalidOperationException: Could not find resource 'PostgreSqlContainer'. Please create the resource by calling StartAsync(CancellationToken) or CreateAsync(CancellationToken).
   at DotNet.Testcontainers.Guard.ThrowIf[TType](ArgumentInfo`1& argument, Func`2 condition, Func`2 ifClause) in /_/src/Testcontainers/Guard.Null.cs:line 62
   at DotNet.Testcontainers.Resource.ThrowIfResourceNotFound() in /_/src/Testcontainers/Resource.cs:line 79
   at DotNet.Testcontainers.Containers.DockerContainer.GetMappedPublicPort(String containerPort) in /_/src/Testcontainers/Containers/DockerContainer.cs:line 238
   at DotNet.Testcontainers.Containers.DockerContainer.GetMappedPublicPort(Int32 containerPort) in /_/src/Testcontainers/Containers/DockerContainer.cs:line 232
   at Testcontainers.PostgreSql.PostgreSqlContainer.GetConnectionString() in /_/src/Testcontainers.PostgreSql/PostgreSqlContainer.cs:line 27
   at Benchmark.Setup.DBSetup.get_ConnectionString() in C:\Users\abcd2\OneDrive\Desktop\7-SEM-HIEU\lab_03\Benchmark\Setup\DBSetup.cs:line 19
   at Benchmark.Compare.Compare.EfCoreSelect() in C:\Users\abcd2\OneDrive\Desktop\7-SEM-HIEU\lab_03\Benchmark\Compare\Compare.cs:line 69
   at BenchmarkDotNet.Autogenerated.Runnable_4.WorkloadActionNoUnroll(Int64 invokeCount) in C:\Users\abcd2\OneDrive\Desktop\7-SEM-HIEU\lab_03\Benchmark\bin\Release\net8.0\9877d5c2-c08c-4b8f-85bb-8cef091e4718\9877d5c2-c08c-4b8f-85bb-8cef091e4718.notcs:line 1096
   at BenchmarkDotNet.Engines.Engine.Measure(Action`1 action, Int64 invokeCount)
   at BenchmarkDotNet.Engines.Engine.RunIteration(IterationData data)
   at BenchmarkDotNet.Engines.EngineFactory.Jit(Engine engine, Int32 jitIndex, Int32 invokeCount, Int32 unrollFactor)
   at BenchmarkDotNet.Engines.EngineFactory.CreateReadyToRun(EngineParameters engineParameters)
   at BenchmarkDotNet.Autogenerated.Runnable_4.Run(IHost host, String benchmarkName) in C:\Users\abcd2\OneDrive\Desktop\7-SEM-HIEU\lab_03\Benchmark\bin\Release\net8.0\9877d5c2-c08c-4b8f-85bb-8cef091e4718\9877d5c2-c08c-4b8f-85bb-8cef091e4718.notcs:line 959
   at System.RuntimeMethodHandle.InvokeMethod(Object target, Void** arguments, Signature sig, Boolean isConstructor)
   at System.Reflection.MethodBaseInvoker.InvokeDirectByRefWithFewArgs(Object obj, Span`1 copyOfArgs, BindingFlags invokeAttr)
   --- End of inner exception stack trace ---
   at System.Reflection.MethodBaseInvoker.InvokeDirectByRefWithFewArgs(Object obj, Span`1 copyOfArgs, BindingFlags invokeAttr)
   at System.Reflection.MethodBaseInvoker.InvokeWithFewArgs(Object obj, BindingFlags invokeAttr, Binder binder, Object[] parameters, CultureInfo culture)
   at System.Reflection.MethodBase.Invoke(Object obj, Object[] parameters)
   at BenchmarkDotNet.Autogenerated.UniqueProgramName.AfterAssemblyLoadingAttached(String[] args) in C:\Users\abcd2\OneDrive\Desktop\7-SEM-HIEU\lab_03\Benchmark\bin\Release\net8.0\9877d5c2-c08c-4b8f-85bb-8cef091e4718\9877d5c2-c08c-4b8f-85bb-8cef091e4718.notcs:line 57
// AfterAll
No Workload Results were obtained from the run.
// Benchmark Process 21424 has exited with code -1.

// ** Remained 1 (16,7 %) benchmark(s) to run. Estimated finish 2024-11-12 12:41 (0h 0m from now) **
Setup power plan (GUID: 8c5e7fda-e8bf-4a96-9a85-a6e23a8c635c FriendlyName: High performance)
// **************************
// Benchmark: Compare.EfCoreInsert: Job-NIXUSM(IterationCount=10, LaunchCount=1)
// *** Execute ***
// Launch: 1 / 1
// Execute: dotnet 9877d5c2-c08c-4b8f-85bb-8cef091e4718.dll --anonymousPipes 2032 2184 --benchmarkName Benchmark.Compare.Compare.EfCoreInsert --job "IterationCount=10, LaunchCount=1" --benchmarkId 5 in C:\Users\abcd2\OneDrive\Desktop\7-SEM-HIEU\lab_03\Benchmark\bin\Release\net8.0\9877d5c2-c08c-4b8f-85bb-8cef091e4718\bin\Release\net8.0
// BeforeAnythingElse

// Benchmark Process Environment Information:
// BenchmarkDotNet v0.14.0
// Runtime=.NET 8.0.8 (8.0.824.36612), X64 RyuJIT AVX-512F+CD+BW+DQ+VL+VBMI
// GC=Concurrent Workstation
// HardwareIntrinsics=AVX-512F+CD+BW+DQ+VL+VBMI,AES,BMI1,BMI2,FMA,LZCNT,PCLMUL,POPCNT VectorSize=256
// Job: Job-DYKGBI(IterationCount=10, LaunchCount=1)

OverheadJitting  1: 1 op, 160700.00 ns, 160.7000 us/op

System.Reflection.TargetInvocationException: Exception has been thrown by the target of an invocation.
 ---> System.InvalidOperationException: Could not find resource 'PostgreSqlContainer'. Please create the resource by calling StartAsync(CancellationToken) or CreateAsync(CancellationToken).
   at DotNet.Testcontainers.Guard.ThrowIf[TType](ArgumentInfo`1& argument, Func`2 condition, Func`2 ifClause) in /_/src/Testcontainers/Guard.Null.cs:line 62
   at DotNet.Testcontainers.Resource.ThrowIfResourceNotFound() in /_/src/Testcontainers/Resource.cs:line 79
   at DotNet.Testcontainers.Containers.DockerContainer.GetMappedPublicPort(String containerPort) in /_/src/Testcontainers/Containers/DockerContainer.cs:line 238
   at DotNet.Testcontainers.Containers.DockerContainer.GetMappedPublicPort(Int32 containerPort) in /_/src/Testcontainers/Containers/DockerContainer.cs:line 232
   at Testcontainers.PostgreSql.PostgreSqlContainer.GetConnectionString() in /_/src/Testcontainers.PostgreSql/PostgreSqlContainer.cs:line 27
   at Benchmark.Setup.DBSetup.get_ConnectionString() in C:\Users\abcd2\OneDrive\Desktop\7-SEM-HIEU\lab_03\Benchmark\Setup\DBSetup.cs:line 19
   at Benchmark.Compare.Compare.EfCoreInsert() in C:\Users\abcd2\OneDrive\Desktop\7-SEM-HIEU\lab_03\Benchmark\Compare\Compare.cs:line 81
   at BenchmarkDotNet.Autogenerated.Runnable_5.WorkloadActionNoUnroll(Int64 invokeCount) in C:\Users\abcd2\OneDrive\Desktop\7-SEM-HIEU\lab_03\Benchmark\bin\Release\net8.0\9877d5c2-c08c-4b8f-85bb-8cef091e4718\9877d5c2-c08c-4b8f-85bb-8cef091e4718.notcs:line 1292
   at BenchmarkDotNet.Engines.Engine.Measure(Action`1 action, Int64 invokeCount)
   at BenchmarkDotNet.Engines.Engine.RunIteration(IterationData data)
   at BenchmarkDotNet.Engines.EngineFactory.Jit(Engine engine, Int32 jitIndex, Int32 invokeCount, Int32 unrollFactor)
   at BenchmarkDotNet.Engines.EngineFactory.CreateReadyToRun(EngineParameters engineParameters)
   at BenchmarkDotNet.Autogenerated.Runnable_5.Run(IHost host, String benchmarkName) in C:\Users\abcd2\OneDrive\Desktop\7-SEM-HIEU\lab_03\Benchmark\bin\Release\net8.0\9877d5c2-c08c-4b8f-85bb-8cef091e4718\9877d5c2-c08c-4b8f-85bb-8cef091e4718.notcs:line 1157
   at System.RuntimeMethodHandle.InvokeMethod(Object target, Void** arguments, Signature sig, Boolean isConstructor)
   at System.Reflection.MethodBaseInvoker.InvokeDirectByRefWithFewArgs(Object obj, Span`1 copyOfArgs, BindingFlags invokeAttr)
   --- End of inner exception stack trace ---
   at System.Reflection.MethodBaseInvoker.InvokeDirectByRefWithFewArgs(Object obj, Span`1 copyOfArgs, BindingFlags invokeAttr)
   at System.Reflection.MethodBaseInvoker.InvokeWithFewArgs(Object obj, BindingFlags invokeAttr, Binder binder, Object[] parameters, CultureInfo culture)
   at System.Reflection.MethodBase.Invoke(Object obj, Object[] parameters)
   at BenchmarkDotNet.Autogenerated.UniqueProgramName.AfterAssemblyLoadingAttached(String[] args) in C:\Users\abcd2\OneDrive\Desktop\7-SEM-HIEU\lab_03\Benchmark\bin\Release\net8.0\9877d5c2-c08c-4b8f-85bb-8cef091e4718\9877d5c2-c08c-4b8f-85bb-8cef091e4718.notcs:line 57
// AfterAll
No Workload Results were obtained from the run.
// Benchmark Process 12920 has exited with code -1.

// ** Remained 0 (0,0 %) benchmark(s) to run. Estimated finish 2024-11-12 12:41 (0h 0m from now) **
Successfully reverted power plan (GUID: 49ef8fc0-bb7f-488e-b6a0-f1fc77ec649b FriendlyName: Dell)
// ***** BenchmarkRunner: Finish  *****

// * Export *
  BenchmarkDotNet.Artifacts\results\Benchmark.Compare.Compare-report.csv
  BenchmarkDotNet.Artifacts\results\Benchmark.Compare.Compare-report-github.md
  BenchmarkDotNet.Artifacts\results\Benchmark.Compare.Compare-report.html
  BenchmarkDotNet.Artifacts\results\Benchmark.Compare.Compare-report-default.md
  BenchmarkDotNet.Artifacts\results\Benchmark.Compare.Compare-measurements.csv
RPlotExporter couldn't find Rscript.exe in your PATH and no R_HOME environment variable is defined
  BenchmarkDotNet.Artifacts\results\BuildPlots.R

// * Detailed results *
Compare.NpgslInsert: Job-NIXUSM(IterationCount=10, LaunchCount=1)
Runtime = .NET 8.0.8 (8.0.824.36612), X64 RyuJIT AVX-512F+CD+BW+DQ+VL+VBMI; GC = Concurrent Workstation
There are not any results runs

Compare.NpgslSelect: Job-NIXUSM(IterationCount=10, LaunchCount=1)
Runtime = .NET 8.0.8 (8.0.824.36612), X64 RyuJIT AVX-512F+CD+BW+DQ+VL+VBMI; GC = Concurrent Workstation
There are not any results runs

Compare.DapperInsert: Job-NIXUSM(IterationCount=10, LaunchCount=1)
Runtime = .NET 8.0.8 (8.0.824.36612), X64 RyuJIT AVX-512F+CD+BW+DQ+VL+VBMI; GC = Concurrent Workstation
There are not any results runs

Compare.DapperSelect: Job-NIXUSM(IterationCount=10, LaunchCount=1)
Runtime = .NET 8.0.8 (8.0.824.36612), X64 RyuJIT AVX-512F+CD+BW+DQ+VL+VBMI; GC = Concurrent Workstation
There are not any results runs

Compare.EfCoreSelect: Job-NIXUSM(IterationCount=10, LaunchCount=1)
Runtime = .NET 8.0.8 (8.0.824.36612), X64 RyuJIT AVX-512F+CD+BW+DQ+VL+VBMI; GC = Concurrent Workstation
There are not any results runs

Compare.EfCoreInsert: Job-NIXUSM(IterationCount=10, LaunchCount=1)
Runtime = .NET 8.0.8 (8.0.824.36612), X64 RyuJIT AVX-512F+CD+BW+DQ+VL+VBMI; GC = Concurrent Workstation
There are not any results runs

// * Summary *

BenchmarkDotNet v0.14.0, Windows 10 (10.0.19045.5011/22H2/2022Update)
11th Gen Intel Core i7-1165G7 2.80GHz, 1 CPU, 8 logical and 4 physical cores
.NET SDK 8.0.400
  [Host]     : .NET 8.0.8 (8.0.824.36612), X64 RyuJIT AVX-512F+CD+BW+DQ+VL+VBMI
  Job-NIXUSM : .NET 8.0.8 (8.0.824.36612), X64 RyuJIT AVX-512F+CD+BW+DQ+VL+VBMI

IterationCount=10  LaunchCount=1  

| Method       | Mean | Error |
|------------- |-----:|------:|
| NpgslInsert  |   NA |    NA |
| NpgslSelect  |   NA |    NA |
| DapperInsert |   NA |    NA |
| DapperSelect |   NA |    NA |
| EfCoreSelect |   NA |    NA |
| EfCoreInsert |   NA |    NA |

Benchmarks with issues:
  Compare.NpgslInsert: Job-NIXUSM(IterationCount=10, LaunchCount=1)
  Compare.NpgslSelect: Job-NIXUSM(IterationCount=10, LaunchCount=1)
  Compare.DapperInsert: Job-NIXUSM(IterationCount=10, LaunchCount=1)
  Compare.DapperSelect: Job-NIXUSM(IterationCount=10, LaunchCount=1)
  Compare.EfCoreSelect: Job-NIXUSM(IterationCount=10, LaunchCount=1)
  Compare.EfCoreInsert: Job-NIXUSM(IterationCount=10, LaunchCount=1)

// * Warnings *
Environment
  Summary -> Detected error exit code from one of the benchmarks. It might be caused by following antivirus software:
        - Windows Defender (windowsdefender://)
Use InProcessEmitToolchain or InProcessNoEmitToolchain to avoid new process creation.


// * Legends *
  Mean  : Arithmetic mean of all measurements
  Error : Half of 99.9% confidence interval
  1 ns  : 1 Nanosecond (0.000000001 sec)

// * Diagnostic Output - MemoryDiagnoser *


// ***** BenchmarkRunner: End *****
Run time: 00:00:02 (2.13 sec), executed benchmarks: 6

Global total time: 00:00:10 (10.94 sec), executed benchmarks: 6
// * Artifacts cleanup *
Artifacts cleanup is finished
