// Validating benchmarks:
// ***** BenchmarkRunner: Start   *****
// ***** Found 4 benchmark(s) in total *****
// ***** Building 1 exe(s) in Parallel: Start   *****
// start dotnet  restore /p:UseSharedCompilation=false /p:BuildInParallel=false /m:1 /p:Deterministic=true /p:Optimize=true /p:IntermediateOutputPath="C:\Users\abcd2\OneDrive\Desktop\7-SEM-HIEU\lab_04\Benchmark\bin\Release\net8.0\03e95201-9523-48bf-97e0-c6a6a1445882\obj\Release\net8.0/" /p:OutDir="C:\Users\abcd2\OneDrive\Desktop\7-SEM-HIEU\lab_04\Benchmark\bin\Release\net8.0\03e95201-9523-48bf-97e0-c6a6a1445882\bin\Release\net8.0/" /p:OutputPath="C:\Users\abcd2\OneDrive\Desktop\7-SEM-HIEU\lab_04\Benchmark\bin\Release\net8.0\03e95201-9523-48bf-97e0-c6a6a1445882\bin\Release\net8.0/" in C:\Users\abcd2\OneDrive\Desktop\7-SEM-HIEU\lab_04\Benchmark\bin\Release\net8.0\03e95201-9523-48bf-97e0-c6a6a1445882
// command took 1.57 sec and exited with 0
// start dotnet  build -c Release --no-restore /p:UseSharedCompilation=false /p:BuildInParallel=false /m:1 /p:Deterministic=true /p:Optimize=true /p:IntermediateOutputPath="C:\Users\abcd2\OneDrive\Desktop\7-SEM-HIEU\lab_04\Benchmark\bin\Release\net8.0\03e95201-9523-48bf-97e0-c6a6a1445882\obj\Release\net8.0/" /p:OutDir="C:\Users\abcd2\OneDrive\Desktop\7-SEM-HIEU\lab_04\Benchmark\bin\Release\net8.0\03e95201-9523-48bf-97e0-c6a6a1445882\bin\Release\net8.0/" /p:OutputPath="C:\Users\abcd2\OneDrive\Desktop\7-SEM-HIEU\lab_04\Benchmark\bin\Release\net8.0\03e95201-9523-48bf-97e0-c6a6a1445882\bin\Release\net8.0/" --output "C:\Users\abcd2\OneDrive\Desktop\7-SEM-HIEU\lab_04\Benchmark\bin\Release\net8.0\03e95201-9523-48bf-97e0-c6a6a1445882\bin\Release\net8.0/" in C:\Users\abcd2\OneDrive\Desktop\7-SEM-HIEU\lab_04\Benchmark\bin\Release\net8.0\03e95201-9523-48bf-97e0-c6a6a1445882
// command took 5.29 sec and exited with 0
// ***** Done, took 00:00:06 (6.99 sec)   *****
// Found 4 benchmarks:
//   Compare.NpgslInsert: Job-FSADLQ(IterationCount=10, LaunchCount=1)
//   Compare.NpgslSelect: Job-FSADLQ(IterationCount=10, LaunchCount=1)
//   Compare.DapperInsert: Job-FSADLQ(IterationCount=10, LaunchCount=1)
//   Compare.DapperSelect: Job-FSADLQ(IterationCount=10, LaunchCount=1)

Setup power plan (GUID: 8c5e7fda-e8bf-4a96-9a85-a6e23a8c635c FriendlyName: High performance)
// **************************
// Benchmark: Compare.NpgslInsert: Job-FSADLQ(IterationCount=10, LaunchCount=1)
// *** Execute ***
// Launch: 1 / 1
// Execute: dotnet 03e95201-9523-48bf-97e0-c6a6a1445882.dll --anonymousPipes 2208 1328 --benchmarkName Benchmark.Compare.Compare.NpgslInsert --job "IterationCount=10, LaunchCount=1" --benchmarkId 0 in C:\Users\abcd2\OneDrive\Desktop\7-SEM-HIEU\lab_04\Benchmark\bin\Release\net8.0\03e95201-9523-48bf-97e0-c6a6a1445882\bin\Release\net8.0
// BeforeAnythingElse

// Benchmark Process Environment Information:
// BenchmarkDotNet v0.14.0
// Runtime=.NET 8.0.8 (8.0.824.36612), X64 RyuJIT AVX-512F+CD+BW+DQ+VL+VBMI
// GC=Concurrent Workstation
// HardwareIntrinsics=AVX-512F+CD+BW+DQ+VL+VBMI,AES,BMI1,BMI2,FMA,LZCNT,PCLMUL,POPCNT VectorSize=256
// Job: Job-DLILOD(IterationCount=10, LaunchCount=1)

[testcontainers.org 00:00:00.19] Connected to Docker:
  Host: npipe://./pipe/docker_engine
  Server Version: 26.1.4
  Kernel Version: 5.15.153.1-microsoft-standard-WSL2
  API Version: 1.45
  Operating System: Docker Desktop
  Total Memory: 3.76 GB
  Labels: 
    com.docker.desktop.address=npipe://\\.\pipe\docker_cli
[testcontainers.org 00:00:00.40] Docker container f022b5fb5cf9 created
[testcontainers.org 00:00:00.46] Start Docker container f022b5fb5cf9
[testcontainers.org 00:00:01.87] Wait for Docker container f022b5fb5cf9 to complete readiness checks
[testcontainers.org 00:00:01.88] Docker container f022b5fb5cf9 ready
[testcontainers.org 00:00:01.95] Docker container 23c7e2b14673 created
[testcontainers.org 00:00:01.97] Start Docker container 23c7e2b14673
[testcontainers.org 00:00:03.31] Wait for Docker container 23c7e2b14673 to complete readiness checks
[testcontainers.org 00:00:03.33] Execute "pg_isready --host localhost --dbname BENCHMARK_testdb --username postgres" at Docker container 23c7e2b14673
[testcontainers.org 00:00:03.41] Docker container 23c7e2b14673 ready

System.Reflection.TargetInvocationException: Exception has been thrown by the target of an invocation.
 ---> System.IO.FileNotFoundException: Could not find file 'C:\Users\abcd2\OneDrive\Desktop\7-SEM-HIEU\lab_04\Benchmark\bin\Release\net8.0\03e95201-9523-48bf-97e0-c6a6a1445882\bin\Release\net8.0\setup.sql'.
File name: 'C:\Users\abcd2\OneDrive\Desktop\7-SEM-HIEU\lab_04\Benchmark\bin\Release\net8.0\03e95201-9523-48bf-97e0-c6a6a1445882\bin\Release\net8.0\setup.sql'
   at Microsoft.Win32.SafeHandles.SafeFileHandle.CreateFile(String fullPath, FileMode mode, FileAccess access, FileShare share, FileOptions options)
   at Microsoft.Win32.SafeHandles.SafeFileHandle.Open(String fullPath, FileMode mode, FileAccess access, FileShare share, FileOptions options, Int64 preallocationSize, Nullable`1 unixCreateMode)
   at System.IO.Strategies.OSFileStreamStrategy..ctor(String path, FileMode mode, FileAccess access, FileShare share, FileOptions options, Int64 preallocationSize, Nullable`1 unixCreateMode)
   at System.IO.Strategies.FileStreamHelpers.ChooseStrategyCore(String path, FileMode mode, FileAccess access, FileShare share, FileOptions options, Int64 preallocationSize, Nullable`1 unixCreateMode)
   at System.IO.FileStream..ctor(String path, FileMode mode, FileAccess access, FileShare share, Int32 bufferSize, FileOptions options, Int64 preallocationSize)
   at System.IO.File.AsyncStreamReader(String path, Encoding encoding)
   at System.IO.File.InternalReadAllTextAsync(String path, Encoding encoding, CancellationToken cancellationToken)
   at Benchmark.Setup.DBSetup.Init() in C:\Users\abcd2\OneDrive\Desktop\7-SEM-HIEU\lab_04\Benchmark\Setup\DBSetup.cs:line 27
   at Benchmark.Compare.Compare.GlobalSetup() in C:\Users\abcd2\OneDrive\Desktop\7-SEM-HIEU\lab_04\Benchmark\Compare\Compare.cs:line 29
   at BenchmarkDotNet.Helpers.AwaitHelper.GetResult(Task task)
   at BenchmarkDotNet.Autogenerated.Runnable_0.<.ctor>b__3_0() in C:\Users\abcd2\OneDrive\Desktop\7-SEM-HIEU\lab_04\Benchmark\bin\Release\net8.0\03e95201-9523-48bf-97e0-c6a6a1445882\03e95201-9523-48bf-97e0-c6a6a1445882.notcs:line 193
   at BenchmarkDotNet.Engines.EngineFactory.CreateReadyToRun(EngineParameters engineParameters)
   at BenchmarkDotNet.Autogenerated.Runnable_0.Run(IHost host, String benchmarkName) in C:\Users\abcd2\OneDrive\Desktop\7-SEM-HIEU\lab_04\Benchmark\bin\Release\net8.0\03e95201-9523-48bf-97e0-c6a6a1445882\03e95201-9523-48bf-97e0-c6a6a1445882.notcs:line 177
   at System.RuntimeMethodHandle.InvokeMethod(Object target, Void** arguments, Signature sig, Boolean isConstructor)
   at System.Reflection.MethodBaseInvoker.InvokeDirectByRefWithFewArgs(Object obj, Span`1 copyOfArgs, BindingFlags invokeAttr)
   --- End of inner exception stack trace ---
   at System.Reflection.MethodBaseInvoker.InvokeDirectByRefWithFewArgs(Object obj, Span`1 copyOfArgs, BindingFlags invokeAttr)
   at System.Reflection.MethodBaseInvoker.InvokeWithFewArgs(Object obj, BindingFlags invokeAttr, Binder binder, Object[] parameters, CultureInfo culture)
   at System.Reflection.MethodBase.Invoke(Object obj, Object[] parameters)
   at BenchmarkDotNet.Autogenerated.UniqueProgramName.AfterAssemblyLoadingAttached(String[] args) in C:\Users\abcd2\OneDrive\Desktop\7-SEM-HIEU\lab_04\Benchmark\bin\Release\net8.0\03e95201-9523-48bf-97e0-c6a6a1445882\03e95201-9523-48bf-97e0-c6a6a1445882.notcs:line 57
// AfterAll
No Workload Results were obtained from the run.
// Benchmark Process 13528 has exited with code -1.

// ** Remained 3 (75,0 %) benchmark(s) to run. Estimated finish 2024-11-29 16:30 (0h 0m from now) **
Setup power plan (GUID: 8c5e7fda-e8bf-4a96-9a85-a6e23a8c635c FriendlyName: High performance)
// **************************
// Benchmark: Compare.NpgslSelect: Job-FSADLQ(IterationCount=10, LaunchCount=1)
// *** Execute ***
// Launch: 1 / 1
// Execute: dotnet 03e95201-9523-48bf-97e0-c6a6a1445882.dll --anonymousPipes 1892 1888 --benchmarkName Benchmark.Compare.Compare.NpgslSelect --job "IterationCount=10, LaunchCount=1" --benchmarkId 1 in C:\Users\abcd2\OneDrive\Desktop\7-SEM-HIEU\lab_04\Benchmark\bin\Release\net8.0\03e95201-9523-48bf-97e0-c6a6a1445882\bin\Release\net8.0
// BeforeAnythingElse

// Benchmark Process Environment Information:
// BenchmarkDotNet v0.14.0
// Runtime=.NET 8.0.8 (8.0.824.36612), X64 RyuJIT AVX-512F+CD+BW+DQ+VL+VBMI
// GC=Concurrent Workstation
// HardwareIntrinsics=AVX-512F+CD+BW+DQ+VL+VBMI,AES,BMI1,BMI2,FMA,LZCNT,PCLMUL,POPCNT VectorSize=256
// Job: Job-XXDOVU(IterationCount=10, LaunchCount=1)

[testcontainers.org 00:00:00.14] Connected to Docker:
  Host: npipe://./pipe/docker_engine
  Server Version: 26.1.4
  Kernel Version: 5.15.153.1-microsoft-standard-WSL2
  API Version: 1.45
  Operating System: Docker Desktop
  Total Memory: 3.76 GB
  Labels: 
    com.docker.desktop.address=npipe://\\.\pipe\docker_cli
[testcontainers.org 00:00:00.31] Docker container bcf06f24fefc created
[testcontainers.org 00:00:00.36] Start Docker container bcf06f24fefc
[testcontainers.org 00:00:01.68] Wait for Docker container bcf06f24fefc to complete readiness checks
[testcontainers.org 00:00:01.68] Docker container bcf06f24fefc ready
[testcontainers.org 00:00:01.75] Docker container 06972febb2d8 created
[testcontainers.org 00:00:01.77] Start Docker container 06972febb2d8
[testcontainers.org 00:00:03.08] Wait for Docker container 06972febb2d8 to complete readiness checks
[testcontainers.org 00:00:03.09] Execute "pg_isready --host localhost --dbname BENCHMARK_testdb --username postgres" at Docker container 06972febb2d8
[testcontainers.org 00:00:03.21] Docker container 06972febb2d8 ready

System.Reflection.TargetInvocationException: Exception has been thrown by the target of an invocation.
 ---> System.IO.FileNotFoundException: Could not find file 'C:\Users\abcd2\OneDrive\Desktop\7-SEM-HIEU\lab_04\Benchmark\bin\Release\net8.0\03e95201-9523-48bf-97e0-c6a6a1445882\bin\Release\net8.0\setup.sql'.
File name: 'C:\Users\abcd2\OneDrive\Desktop\7-SEM-HIEU\lab_04\Benchmark\bin\Release\net8.0\03e95201-9523-48bf-97e0-c6a6a1445882\bin\Release\net8.0\setup.sql'
   at Microsoft.Win32.SafeHandles.SafeFileHandle.CreateFile(String fullPath, FileMode mode, FileAccess access, FileShare share, FileOptions options)
   at Microsoft.Win32.SafeHandles.SafeFileHandle.Open(String fullPath, FileMode mode, FileAccess access, FileShare share, FileOptions options, Int64 preallocationSize, Nullable`1 unixCreateMode)
   at System.IO.Strategies.OSFileStreamStrategy..ctor(String path, FileMode mode, FileAccess access, FileShare share, FileOptions options, Int64 preallocationSize, Nullable`1 unixCreateMode)
   at System.IO.Strategies.FileStreamHelpers.ChooseStrategyCore(String path, FileMode mode, FileAccess access, FileShare share, FileOptions options, Int64 preallocationSize, Nullable`1 unixCreateMode)
   at System.IO.FileStream..ctor(String path, FileMode mode, FileAccess access, FileShare share, Int32 bufferSize, FileOptions options, Int64 preallocationSize)
   at System.IO.File.AsyncStreamReader(String path, Encoding encoding)
   at System.IO.File.InternalReadAllTextAsync(String path, Encoding encoding, CancellationToken cancellationToken)
   at Benchmark.Setup.DBSetup.Init() in C:\Users\abcd2\OneDrive\Desktop\7-SEM-HIEU\lab_04\Benchmark\Setup\DBSetup.cs:line 27
   at Benchmark.Compare.Compare.GlobalSetup() in C:\Users\abcd2\OneDrive\Desktop\7-SEM-HIEU\lab_04\Benchmark\Compare\Compare.cs:line 29
   at BenchmarkDotNet.Helpers.AwaitHelper.GetResult(Task task)
   at BenchmarkDotNet.Autogenerated.Runnable_1.<.ctor>b__3_0() in C:\Users\abcd2\OneDrive\Desktop\7-SEM-HIEU\lab_04\Benchmark\bin\Release\net8.0\03e95201-9523-48bf-97e0-c6a6a1445882\03e95201-9523-48bf-97e0-c6a6a1445882.notcs:line 386
   at BenchmarkDotNet.Engines.EngineFactory.CreateReadyToRun(EngineParameters engineParameters)
   at BenchmarkDotNet.Autogenerated.Runnable_1.Run(IHost host, String benchmarkName) in C:\Users\abcd2\OneDrive\Desktop\7-SEM-HIEU\lab_04\Benchmark\bin\Release\net8.0\03e95201-9523-48bf-97e0-c6a6a1445882\03e95201-9523-48bf-97e0-c6a6a1445882.notcs:line 370
   at System.RuntimeMethodHandle.InvokeMethod(Object target, Void** arguments, Signature sig, Boolean isConstructor)
   at System.Reflection.MethodBaseInvoker.InvokeDirectByRefWithFewArgs(Object obj, Span`1 copyOfArgs, BindingFlags invokeAttr)
   --- End of inner exception stack trace ---
   at System.Reflection.MethodBaseInvoker.InvokeDirectByRefWithFewArgs(Object obj, Span`1 copyOfArgs, BindingFlags invokeAttr)
   at System.Reflection.MethodBaseInvoker.InvokeWithFewArgs(Object obj, BindingFlags invokeAttr, Binder binder, Object[] parameters, CultureInfo culture)
   at System.Reflection.MethodBase.Invoke(Object obj, Object[] parameters)
   at BenchmarkDotNet.Autogenerated.UniqueProgramName.AfterAssemblyLoadingAttached(String[] args) in C:\Users\abcd2\OneDrive\Desktop\7-SEM-HIEU\lab_04\Benchmark\bin\Release\net8.0\03e95201-9523-48bf-97e0-c6a6a1445882\03e95201-9523-48bf-97e0-c6a6a1445882.notcs:line 57
// AfterAll
No Workload Results were obtained from the run.
// Benchmark Process 3452 has exited with code -1.

// ** Remained 2 (50,0 %) benchmark(s) to run. Estimated finish 2024-11-29 16:30 (0h 0m from now) **
Setup power plan (GUID: 8c5e7fda-e8bf-4a96-9a85-a6e23a8c635c FriendlyName: High performance)
// **************************
// Benchmark: Compare.DapperInsert: Job-FSADLQ(IterationCount=10, LaunchCount=1)
// *** Execute ***
// Launch: 1 / 1
// Execute: dotnet 03e95201-9523-48bf-97e0-c6a6a1445882.dll --anonymousPipes 1892 1888 --benchmarkName Benchmark.Compare.Compare.DapperInsert --job "IterationCount=10, LaunchCount=1" --benchmarkId 2 in C:\Users\abcd2\OneDrive\Desktop\7-SEM-HIEU\lab_04\Benchmark\bin\Release\net8.0\03e95201-9523-48bf-97e0-c6a6a1445882\bin\Release\net8.0
// BeforeAnythingElse

// Benchmark Process Environment Information:
// BenchmarkDotNet v0.14.0
// Runtime=.NET 8.0.8 (8.0.824.36612), X64 RyuJIT AVX-512F+CD+BW+DQ+VL+VBMI
// GC=Concurrent Workstation
// HardwareIntrinsics=AVX-512F+CD+BW+DQ+VL+VBMI,AES,BMI1,BMI2,FMA,LZCNT,PCLMUL,POPCNT VectorSize=256
// Job: Job-FGDZYK(IterationCount=10, LaunchCount=1)

[testcontainers.org 00:00:00.13] Connected to Docker:
  Host: npipe://./pipe/docker_engine
  Server Version: 26.1.4
  Kernel Version: 5.15.153.1-microsoft-standard-WSL2
  API Version: 1.45
  Operating System: Docker Desktop
  Total Memory: 3.76 GB
  Labels: 
    com.docker.desktop.address=npipe://\\.\pipe\docker_cli
[testcontainers.org 00:00:00.30] Docker container 390e9dc51e43 created
[testcontainers.org 00:00:00.35] Start Docker container 390e9dc51e43
[testcontainers.org 00:00:01.68] Wait for Docker container 390e9dc51e43 to complete readiness checks
[testcontainers.org 00:00:01.69] Docker container 390e9dc51e43 ready
[testcontainers.org 00:00:01.77] Docker container 17f1b00e59b2 created
[testcontainers.org 00:00:01.78] Start Docker container 17f1b00e59b2
[testcontainers.org 00:00:03.12] Wait for Docker container 17f1b00e59b2 to complete readiness checks
[testcontainers.org 00:00:03.13] Execute "pg_isready --host localhost --dbname BENCHMARK_testdb --username postgres" at Docker container 17f1b00e59b2
[testcontainers.org 00:00:04.22] Execute "pg_isready --host localhost --dbname BENCHMARK_testdb --username postgres" at Docker container 17f1b00e59b2
[testcontainers.org 00:00:04.28] Docker container 17f1b00e59b2 ready

System.Reflection.TargetInvocationException: Exception has been thrown by the target of an invocation.
 ---> System.IO.FileNotFoundException: Could not find file 'C:\Users\abcd2\OneDrive\Desktop\7-SEM-HIEU\lab_04\Benchmark\bin\Release\net8.0\03e95201-9523-48bf-97e0-c6a6a1445882\bin\Release\net8.0\setup.sql'.
File name: 'C:\Users\abcd2\OneDrive\Desktop\7-SEM-HIEU\lab_04\Benchmark\bin\Release\net8.0\03e95201-9523-48bf-97e0-c6a6a1445882\bin\Release\net8.0\setup.sql'
   at Microsoft.Win32.SafeHandles.SafeFileHandle.CreateFile(String fullPath, FileMode mode, FileAccess access, FileShare share, FileOptions options)
   at Microsoft.Win32.SafeHandles.SafeFileHandle.Open(String fullPath, FileMode mode, FileAccess access, FileShare share, FileOptions options, Int64 preallocationSize, Nullable`1 unixCreateMode)
   at System.IO.Strategies.OSFileStreamStrategy..ctor(String path, FileMode mode, FileAccess access, FileShare share, FileOptions options, Int64 preallocationSize, Nullable`1 unixCreateMode)
   at System.IO.Strategies.FileStreamHelpers.ChooseStrategyCore(String path, FileMode mode, FileAccess access, FileShare share, FileOptions options, Int64 preallocationSize, Nullable`1 unixCreateMode)
   at System.IO.FileStream..ctor(String path, FileMode mode, FileAccess access, FileShare share, Int32 bufferSize, FileOptions options, Int64 preallocationSize)
   at System.IO.File.AsyncStreamReader(String path, Encoding encoding)
   at System.IO.File.InternalReadAllTextAsync(String path, Encoding encoding, CancellationToken cancellationToken)
   at Benchmark.Setup.DBSetup.Init() in C:\Users\abcd2\OneDrive\Desktop\7-SEM-HIEU\lab_04\Benchmark\Setup\DBSetup.cs:line 27
   at Benchmark.Compare.Compare.GlobalSetup() in C:\Users\abcd2\OneDrive\Desktop\7-SEM-HIEU\lab_04\Benchmark\Compare\Compare.cs:line 29
   at BenchmarkDotNet.Helpers.AwaitHelper.GetResult(Task task)
   at BenchmarkDotNet.Autogenerated.Runnable_2.<.ctor>b__3_0() in C:\Users\abcd2\OneDrive\Desktop\7-SEM-HIEU\lab_04\Benchmark\bin\Release\net8.0\03e95201-9523-48bf-97e0-c6a6a1445882\03e95201-9523-48bf-97e0-c6a6a1445882.notcs:line 584
   at BenchmarkDotNet.Engines.EngineFactory.CreateReadyToRun(EngineParameters engineParameters)
   at BenchmarkDotNet.Autogenerated.Runnable_2.Run(IHost host, String benchmarkName) in C:\Users\abcd2\OneDrive\Desktop\7-SEM-HIEU\lab_04\Benchmark\bin\Release\net8.0\03e95201-9523-48bf-97e0-c6a6a1445882\03e95201-9523-48bf-97e0-c6a6a1445882.notcs:line 568
   at System.RuntimeMethodHandle.InvokeMethod(Object target, Void** arguments, Signature sig, Boolean isConstructor)
   at System.Reflection.MethodBaseInvoker.InvokeDirectByRefWithFewArgs(Object obj, Span`1 copyOfArgs, BindingFlags invokeAttr)
   --- End of inner exception stack trace ---
   at System.Reflection.MethodBaseInvoker.InvokeDirectByRefWithFewArgs(Object obj, Span`1 copyOfArgs, BindingFlags invokeAttr)
   at System.Reflection.MethodBaseInvoker.InvokeWithFewArgs(Object obj, BindingFlags invokeAttr, Binder binder, Object[] parameters, CultureInfo culture)
   at System.Reflection.MethodBase.Invoke(Object obj, Object[] parameters)
   at BenchmarkDotNet.Autogenerated.UniqueProgramName.AfterAssemblyLoadingAttached(String[] args) in C:\Users\abcd2\OneDrive\Desktop\7-SEM-HIEU\lab_04\Benchmark\bin\Release\net8.0\03e95201-9523-48bf-97e0-c6a6a1445882\03e95201-9523-48bf-97e0-c6a6a1445882.notcs:line 57
// AfterAll
No Workload Results were obtained from the run.
// Benchmark Process 24124 has exited with code -1.

// ** Remained 1 (25,0 %) benchmark(s) to run. Estimated finish 2024-11-29 16:30 (0h 0m from now) **
Setup power plan (GUID: 8c5e7fda-e8bf-4a96-9a85-a6e23a8c635c FriendlyName: High performance)
// **************************
// Benchmark: Compare.DapperSelect: Job-FSADLQ(IterationCount=10, LaunchCount=1)
// *** Execute ***
// Launch: 1 / 1
// Execute: dotnet 03e95201-9523-48bf-97e0-c6a6a1445882.dll --anonymousPipes 1652 1976 --benchmarkName Benchmark.Compare.Compare.DapperSelect --job "IterationCount=10, LaunchCount=1" --benchmarkId 3 in C:\Users\abcd2\OneDrive\Desktop\7-SEM-HIEU\lab_04\Benchmark\bin\Release\net8.0\03e95201-9523-48bf-97e0-c6a6a1445882\bin\Release\net8.0
// BeforeAnythingElse

// Benchmark Process Environment Information:
// BenchmarkDotNet v0.14.0
// Runtime=.NET 8.0.8 (8.0.824.36612), X64 RyuJIT AVX-512F+CD+BW+DQ+VL+VBMI
// GC=Concurrent Workstation
// HardwareIntrinsics=AVX-512F+CD+BW+DQ+VL+VBMI,AES,BMI1,BMI2,FMA,LZCNT,PCLMUL,POPCNT VectorSize=256
// Job: Job-MMBWWX(IterationCount=10, LaunchCount=1)

[testcontainers.org 00:00:00.15] Connected to Docker:
  Host: npipe://./pipe/docker_engine
  Server Version: 26.1.4
  Kernel Version: 5.15.153.1-microsoft-standard-WSL2
  API Version: 1.45
  Operating System: Docker Desktop
  Total Memory: 3.76 GB
  Labels: 
    com.docker.desktop.address=npipe://\\.\pipe\docker_cli
[testcontainers.org 00:00:00.35] Docker container d183cd114e55 created
[testcontainers.org 00:00:00.41] Start Docker container d183cd114e55
[testcontainers.org 00:00:01.78] Wait for Docker container d183cd114e55 to complete readiness checks
[testcontainers.org 00:00:01.79] Docker container d183cd114e55 ready
[testcontainers.org 00:00:01.89] Docker container b465311a7f13 created
[testcontainers.org 00:00:01.91] Start Docker container b465311a7f13
[testcontainers.org 00:00:03.88] Wait for Docker container b465311a7f13 to complete readiness checks
[testcontainers.org 00:00:03.89] Execute "pg_isready --host localhost --dbname BENCHMARK_testdb --username postgres" at Docker container b465311a7f13
[testcontainers.org 00:00:04.97] Execute "pg_isready --host localhost --dbname BENCHMARK_testdb --username postgres" at Docker container b465311a7f13
[testcontainers.org 00:00:05.03] Docker container b465311a7f13 ready

System.Reflection.TargetInvocationException: Exception has been thrown by the target of an invocation.
 ---> System.IO.FileNotFoundException: Could not find file 'C:\Users\abcd2\OneDrive\Desktop\7-SEM-HIEU\lab_04\Benchmark\bin\Release\net8.0\03e95201-9523-48bf-97e0-c6a6a1445882\bin\Release\net8.0\setup.sql'.
File name: 'C:\Users\abcd2\OneDrive\Desktop\7-SEM-HIEU\lab_04\Benchmark\bin\Release\net8.0\03e95201-9523-48bf-97e0-c6a6a1445882\bin\Release\net8.0\setup.sql'
   at Microsoft.Win32.SafeHandles.SafeFileHandle.CreateFile(String fullPath, FileMode mode, FileAccess access, FileShare share, FileOptions options)
   at Microsoft.Win32.SafeHandles.SafeFileHandle.Open(String fullPath, FileMode mode, FileAccess access, FileShare share, FileOptions options, Int64 preallocationSize, Nullable`1 unixCreateMode)
   at System.IO.Strategies.OSFileStreamStrategy..ctor(String path, FileMode mode, FileAccess access, FileShare share, FileOptions options, Int64 preallocationSize, Nullable`1 unixCreateMode)
   at System.IO.Strategies.FileStreamHelpers.ChooseStrategyCore(String path, FileMode mode, FileAccess access, FileShare share, FileOptions options, Int64 preallocationSize, Nullable`1 unixCreateMode)
   at System.IO.FileStream..ctor(String path, FileMode mode, FileAccess access, FileShare share, Int32 bufferSize, FileOptions options, Int64 preallocationSize)
   at System.IO.File.AsyncStreamReader(String path, Encoding encoding)
   at System.IO.File.InternalReadAllTextAsync(String path, Encoding encoding, CancellationToken cancellationToken)
   at Benchmark.Setup.DBSetup.Init() in C:\Users\abcd2\OneDrive\Desktop\7-SEM-HIEU\lab_04\Benchmark\Setup\DBSetup.cs:line 27
   at Benchmark.Compare.Compare.GlobalSetup() in C:\Users\abcd2\OneDrive\Desktop\7-SEM-HIEU\lab_04\Benchmark\Compare\Compare.cs:line 29
   at BenchmarkDotNet.Helpers.AwaitHelper.GetResult(Task task)
   at BenchmarkDotNet.Autogenerated.Runnable_3.<.ctor>b__3_0() in C:\Users\abcd2\OneDrive\Desktop\7-SEM-HIEU\lab_04\Benchmark\bin\Release\net8.0\03e95201-9523-48bf-97e0-c6a6a1445882\03e95201-9523-48bf-97e0-c6a6a1445882.notcs:line 777
   at BenchmarkDotNet.Engines.EngineFactory.CreateReadyToRun(EngineParameters engineParameters)
   at BenchmarkDotNet.Autogenerated.Runnable_3.Run(IHost host, String benchmarkName) in C:\Users\abcd2\OneDrive\Desktop\7-SEM-HIEU\lab_04\Benchmark\bin\Release\net8.0\03e95201-9523-48bf-97e0-c6a6a1445882\03e95201-9523-48bf-97e0-c6a6a1445882.notcs:line 761
   at System.RuntimeMethodHandle.InvokeMethod(Object target, Void** arguments, Signature sig, Boolean isConstructor)
   at System.Reflection.MethodBaseInvoker.InvokeDirectByRefWithFewArgs(Object obj, Span`1 copyOfArgs, BindingFlags invokeAttr)
   --- End of inner exception stack trace ---
   at System.Reflection.MethodBaseInvoker.InvokeDirectByRefWithFewArgs(Object obj, Span`1 copyOfArgs, BindingFlags invokeAttr)
   at System.Reflection.MethodBaseInvoker.InvokeWithFewArgs(Object obj, BindingFlags invokeAttr, Binder binder, Object[] parameters, CultureInfo culture)
   at System.Reflection.MethodBase.Invoke(Object obj, Object[] parameters)
   at BenchmarkDotNet.Autogenerated.UniqueProgramName.AfterAssemblyLoadingAttached(String[] args) in C:\Users\abcd2\OneDrive\Desktop\7-SEM-HIEU\lab_04\Benchmark\bin\Release\net8.0\03e95201-9523-48bf-97e0-c6a6a1445882\03e95201-9523-48bf-97e0-c6a6a1445882.notcs:line 57
// AfterAll
No Workload Results were obtained from the run.
// Benchmark Process 15608 has exited with code -1.

// ** Remained 0 (0,0 %) benchmark(s) to run. Estimated finish 2024-11-29 16:30 (0h 0m from now) **
Successfully reverted power plan (GUID: 49ef8fc0-bb7f-488e-b6a0-f1fc77ec649b FriendlyName: Dell)
// ***** BenchmarkRunner: Finish  *****

// * Export *
  BenchmarkDotNet.Artifacts\results\Benchmark.Compare.Compare-report.csv
  BenchmarkDotNet.Artifacts\results\Benchmark.Compare.Compare-report-github.md
  BenchmarkDotNet.Artifacts\results\Benchmark.Compare.Compare-report.html
  BenchmarkDotNet.Artifacts\results\Benchmark.Compare.Compare-report-default.md
  BenchmarkDotNet.Artifacts\results\Benchmark.Compare.Compare-measurements.csv
RPlotExporter couldn't find Rscript.exe in your PATH and no R_HOME environment variable is defined
  BenchmarkDotNet.Artifacts\results\BuildPlots.R

// * Detailed results *
Compare.NpgslInsert: Job-FSADLQ(IterationCount=10, LaunchCount=1)
Runtime = .NET 8.0.8 (8.0.824.36612), X64 RyuJIT AVX-512F+CD+BW+DQ+VL+VBMI; GC = Concurrent Workstation
There are not any results runs

Compare.NpgslSelect: Job-FSADLQ(IterationCount=10, LaunchCount=1)
Runtime = .NET 8.0.8 (8.0.824.36612), X64 RyuJIT AVX-512F+CD+BW+DQ+VL+VBMI; GC = Concurrent Workstation
There are not any results runs

Compare.DapperInsert: Job-FSADLQ(IterationCount=10, LaunchCount=1)
Runtime = .NET 8.0.8 (8.0.824.36612), X64 RyuJIT AVX-512F+CD+BW+DQ+VL+VBMI; GC = Concurrent Workstation
There are not any results runs

Compare.DapperSelect: Job-FSADLQ(IterationCount=10, LaunchCount=1)
Runtime = .NET 8.0.8 (8.0.824.36612), X64 RyuJIT AVX-512F+CD+BW+DQ+VL+VBMI; GC = Concurrent Workstation
There are not any results runs

// * Summary *

BenchmarkDotNet v0.14.0, Windows 10 (10.0.19045.5131/22H2/2022Update)
11th Gen Intel Core i7-1165G7 2.80GHz, 1 CPU, 8 logical and 4 physical cores
.NET SDK 8.0.400
  [Host]     : .NET 8.0.8 (8.0.824.36612), X64 RyuJIT AVX-512F+CD+BW+DQ+VL+VBMI
  Job-FSADLQ : .NET 8.0.8 (8.0.824.36612), X64 RyuJIT AVX-512F+CD+BW+DQ+VL+VBMI

IterationCount=10  LaunchCount=1  

| Method       | Mean | Error |
|------------- |-----:|------:|
| NpgslInsert  |   NA |    NA |
| NpgslSelect  |   NA |    NA |
| DapperInsert |   NA |    NA |
| DapperSelect |   NA |    NA |

Benchmarks with issues:
  Compare.NpgslInsert: Job-FSADLQ(IterationCount=10, LaunchCount=1)
  Compare.NpgslSelect: Job-FSADLQ(IterationCount=10, LaunchCount=1)
  Compare.DapperInsert: Job-FSADLQ(IterationCount=10, LaunchCount=1)
  Compare.DapperSelect: Job-FSADLQ(IterationCount=10, LaunchCount=1)

// * Warnings *
Environment
  Summary -> Detected error exit code from one of the benchmarks. It might be caused by following antivirus software:
        - Windows Defender (windowsdefender://)
Use InProcessEmitToolchain or InProcessNoEmitToolchain to avoid new process creation.


// * Legends *
  Mean  : Arithmetic mean of all measurements
  Error : Half of 99.9% confidence interval
  1 ns  : 1 Nanosecond (0.000000001 sec)

// * Diagnostic Output - MemoryDiagnoser *


// ***** BenchmarkRunner: End *****
Run time: 00:00:17 (17.29 sec), executed benchmarks: 4

Global total time: 00:00:24 (24.62 sec), executed benchmarks: 4
// * Artifacts cleanup *
Artifacts cleanup is finished
