// Validating benchmarks:
// ***** BenchmarkRunner: Start   *****
// ***** Found 6 benchmark(s) in total *****
// ***** Building 1 exe(s) in Parallel: Start   *****
// start dotnet  restore /p:UseSharedCompilation=false /p:BuildInParallel=false /m:1 /p:Deterministic=true /p:Optimize=true /p:IntermediateOutputPath="C:\Users\abcd2\OneDrive\Desktop\7-SEM-HIEU\lab_03\Benchmark\bin\Release\net8.0\c2a9862d-575c-4ba7-98f1-0458f49a6a2b\obj\Release\net8.0/" /p:OutDir="C:\Users\abcd2\OneDrive\Desktop\7-SEM-HIEU\lab_03\Benchmark\bin\Release\net8.0\c2a9862d-575c-4ba7-98f1-0458f49a6a2b\bin\Release\net8.0/" /p:OutputPath="C:\Users\abcd2\OneDrive\Desktop\7-SEM-HIEU\lab_03\Benchmark\bin\Release\net8.0\c2a9862d-575c-4ba7-98f1-0458f49a6a2b\bin\Release\net8.0/" in C:\Users\abcd2\OneDrive\Desktop\7-SEM-HIEU\lab_03\Benchmark\bin\Release\net8.0\c2a9862d-575c-4ba7-98f1-0458f49a6a2b
// command took 2.99 sec and exited with 0
// start dotnet  build -c Release --no-restore /p:UseSharedCompilation=false /p:BuildInParallel=false /m:1 /p:Deterministic=true /p:Optimize=true /p:IntermediateOutputPath="C:\Users\abcd2\OneDrive\Desktop\7-SEM-HIEU\lab_03\Benchmark\bin\Release\net8.0\c2a9862d-575c-4ba7-98f1-0458f49a6a2b\obj\Release\net8.0/" /p:OutDir="C:\Users\abcd2\OneDrive\Desktop\7-SEM-HIEU\lab_03\Benchmark\bin\Release\net8.0\c2a9862d-575c-4ba7-98f1-0458f49a6a2b\bin\Release\net8.0/" /p:OutputPath="C:\Users\abcd2\OneDrive\Desktop\7-SEM-HIEU\lab_03\Benchmark\bin\Release\net8.0\c2a9862d-575c-4ba7-98f1-0458f49a6a2b\bin\Release\net8.0/" --output "C:\Users\abcd2\OneDrive\Desktop\7-SEM-HIEU\lab_03\Benchmark\bin\Release\net8.0\c2a9862d-575c-4ba7-98f1-0458f49a6a2b\bin\Release\net8.0/" in C:\Users\abcd2\OneDrive\Desktop\7-SEM-HIEU\lab_03\Benchmark\bin\Release\net8.0\c2a9862d-575c-4ba7-98f1-0458f49a6a2b
// command took 5.61 sec and exited with 0
// ***** Done, took 00:00:08 (8.86 sec)   *****
// Found 6 benchmarks:
//   Compare.NpgslInsert: Job-LDHCCM(IterationCount=10, LaunchCount=1)
//   Compare.NpgslSelect: Job-LDHCCM(IterationCount=10, LaunchCount=1)
//   Compare.DapperInsert: Job-LDHCCM(IterationCount=10, LaunchCount=1)
//   Compare.DapperSelect: Job-LDHCCM(IterationCount=10, LaunchCount=1)
//   Compare.EfCoreSelect: Job-LDHCCM(IterationCount=10, LaunchCount=1)
//   Compare.EfCoreInsert: Job-LDHCCM(IterationCount=10, LaunchCount=1)

Setup power plan (GUID: 8c5e7fda-e8bf-4a96-9a85-a6e23a8c635c FriendlyName: High performance)
// **************************
// Benchmark: Compare.NpgslInsert: Job-LDHCCM(IterationCount=10, LaunchCount=1)
// *** Execute ***
// Launch: 1 / 1
// Execute: dotnet c2a9862d-575c-4ba7-98f1-0458f49a6a2b.dll --anonymousPipes 1396 1392 --benchmarkName Benchmark.Compare.Compare.NpgslInsert --job "IterationCount=10, LaunchCount=1" --benchmarkId 0 in C:\Users\abcd2\OneDrive\Desktop\7-SEM-HIEU\lab_03\Benchmark\bin\Release\net8.0\c2a9862d-575c-4ba7-98f1-0458f49a6a2b\bin\Release\net8.0
// BeforeAnythingElse

// Benchmark Process Environment Information:
// BenchmarkDotNet v0.14.0
// Runtime=.NET 8.0.8 (8.0.824.36612), X64 RyuJIT AVX-512F+CD+BW+DQ+VL+VBMI
// GC=Concurrent Workstation
// HardwareIntrinsics=AVX-512F+CD+BW+DQ+VL+VBMI,AES,BMI1,BMI2,FMA,LZCNT,PCLMUL,POPCNT VectorSize=256
// Job: Job-EATXKC(IterationCount=10, LaunchCount=1)


System.Reflection.TargetInvocationException: Exception has been thrown by the target of an invocation.
 ---> System.InvalidOperationException: Could not find resource 'PostgreSqlContainer'. Please create the resource by calling StartAsync(CancellationToken) or CreateAsync(CancellationToken).
   at DotNet.Testcontainers.Guard.ThrowIf[TType](ArgumentInfo`1& argument, Func`2 condition, Func`2 ifClause) in /_/src/Testcontainers/Guard.Null.cs:line 62
   at DotNet.Testcontainers.Resource.ThrowIfResourceNotFound() in /_/src/Testcontainers/Resource.cs:line 79
   at DotNet.Testcontainers.Containers.DockerContainer.GetMappedPublicPort(String containerPort) in /_/src/Testcontainers/Containers/DockerContainer.cs:line 238
   at DotNet.Testcontainers.Containers.DockerContainer.GetMappedPublicPort(Int32 containerPort) in /_/src/Testcontainers/Containers/DockerContainer.cs:line 232
   at Testcontainers.PostgreSql.PostgreSqlContainer.GetConnectionString() in /_/src/Testcontainers.PostgreSql/PostgreSqlContainer.cs:line 27
   at Benchmark.Setup.DBSetup.get_ConnectionString() in C:\Users\abcd2\OneDrive\Desktop\7-SEM-HIEU\lab_03\Benchmark\Setup\DBSetup.cs:line 19
   at Benchmark.Compare.Compare.GlobalSetup() in C:\Users\abcd2\OneDrive\Desktop\7-SEM-HIEU\lab_03\Benchmark\Compare\Compare.cs:line 30
   at BenchmarkDotNet.Engines.EngineFactory.CreateReadyToRun(EngineParameters engineParameters)
   at BenchmarkDotNet.Autogenerated.Runnable_0.Run(IHost host, String benchmarkName) in C:\Users\abcd2\OneDrive\Desktop\7-SEM-HIEU\lab_03\Benchmark\bin\Release\net8.0\c2a9862d-575c-4ba7-98f1-0458f49a6a2b\c2a9862d-575c-4ba7-98f1-0458f49a6a2b.notcs:line 177
   at System.RuntimeMethodHandle.InvokeMethod(Object target, Void** arguments, Signature sig, Boolean isConstructor)
   at System.Reflection.MethodBaseInvoker.InvokeDirectByRefWithFewArgs(Object obj, Span`1 copyOfArgs, BindingFlags invokeAttr)
   --- End of inner exception stack trace ---
   at System.Reflection.MethodBaseInvoker.InvokeDirectByRefWithFewArgs(Object obj, Span`1 copyOfArgs, BindingFlags invokeAttr)
   at System.Reflection.MethodBaseInvoker.InvokeWithFewArgs(Object obj, BindingFlags invokeAttr, Binder binder, Object[] parameters, CultureInfo culture)
   at System.Reflection.MethodBase.Invoke(Object obj, Object[] parameters)
   at BenchmarkDotNet.Autogenerated.UniqueProgramName.AfterAssemblyLoadingAttached(String[] args) in C:\Users\abcd2\OneDrive\Desktop\7-SEM-HIEU\lab_03\Benchmark\bin\Release\net8.0\c2a9862d-575c-4ba7-98f1-0458f49a6a2b\c2a9862d-575c-4ba7-98f1-0458f49a6a2b.notcs:line 57
// AfterAll
No Workload Results were obtained from the run.
// Benchmark Process 21156 has exited with code -1.

// ** Remained 5 (83,3 %) benchmark(s) to run. Estimated finish 2024-11-12 12:38 (0h 0m from now) **
Setup power plan (GUID: 8c5e7fda-e8bf-4a96-9a85-a6e23a8c635c FriendlyName: High performance)
// **************************
// Benchmark: Compare.NpgslSelect: Job-LDHCCM(IterationCount=10, LaunchCount=1)
// *** Execute ***
// Launch: 1 / 1
// Execute: dotnet c2a9862d-575c-4ba7-98f1-0458f49a6a2b.dll --anonymousPipes 1824 1348 --benchmarkName Benchmark.Compare.Compare.NpgslSelect --job "IterationCount=10, LaunchCount=1" --benchmarkId 1 in C:\Users\abcd2\OneDrive\Desktop\7-SEM-HIEU\lab_03\Benchmark\bin\Release\net8.0\c2a9862d-575c-4ba7-98f1-0458f49a6a2b\bin\Release\net8.0
// BeforeAnythingElse

// Benchmark Process Environment Information:
// BenchmarkDotNet v0.14.0
// Runtime=.NET 8.0.8 (8.0.824.36612), X64 RyuJIT AVX-512F+CD+BW+DQ+VL+VBMI
// GC=Concurrent Workstation
// HardwareIntrinsics=AVX-512F+CD+BW+DQ+VL+VBMI,AES,BMI1,BMI2,FMA,LZCNT,PCLMUL,POPCNT VectorSize=256
// Job: Job-LZZUNL(IterationCount=10, LaunchCount=1)


System.Reflection.TargetInvocationException: Exception has been thrown by the target of an invocation.
 ---> System.InvalidOperationException: Could not find resource 'PostgreSqlContainer'. Please create the resource by calling StartAsync(CancellationToken) or CreateAsync(CancellationToken).
   at DotNet.Testcontainers.Guard.ThrowIf[TType](ArgumentInfo`1& argument, Func`2 condition, Func`2 ifClause) in /_/src/Testcontainers/Guard.Null.cs:line 62
   at DotNet.Testcontainers.Resource.ThrowIfResourceNotFound() in /_/src/Testcontainers/Resource.cs:line 79
   at DotNet.Testcontainers.Containers.DockerContainer.GetMappedPublicPort(String containerPort) in /_/src/Testcontainers/Containers/DockerContainer.cs:line 238
   at DotNet.Testcontainers.Containers.DockerContainer.GetMappedPublicPort(Int32 containerPort) in /_/src/Testcontainers/Containers/DockerContainer.cs:line 232
   at Testcontainers.PostgreSql.PostgreSqlContainer.GetConnectionString() in /_/src/Testcontainers.PostgreSql/PostgreSqlContainer.cs:line 27
   at Benchmark.Setup.DBSetup.get_ConnectionString() in C:\Users\abcd2\OneDrive\Desktop\7-SEM-HIEU\lab_03\Benchmark\Setup\DBSetup.cs:line 19
   at Benchmark.Compare.Compare.GlobalSetup() in C:\Users\abcd2\OneDrive\Desktop\7-SEM-HIEU\lab_03\Benchmark\Compare\Compare.cs:line 30
   at BenchmarkDotNet.Engines.EngineFactory.CreateReadyToRun(EngineParameters engineParameters)
   at BenchmarkDotNet.Autogenerated.Runnable_1.Run(IHost host, String benchmarkName) in C:\Users\abcd2\OneDrive\Desktop\7-SEM-HIEU\lab_03\Benchmark\bin\Release\net8.0\c2a9862d-575c-4ba7-98f1-0458f49a6a2b\c2a9862d-575c-4ba7-98f1-0458f49a6a2b.notcs:line 370
   at System.RuntimeMethodHandle.InvokeMethod(Object target, Void** arguments, Signature sig, Boolean isConstructor)
   at System.Reflection.MethodBaseInvoker.InvokeDirectByRefWithFewArgs(Object obj, Span`1 copyOfArgs, BindingFlags invokeAttr)
   --- End of inner exception stack trace ---
   at System.Reflection.MethodBaseInvoker.InvokeDirectByRefWithFewArgs(Object obj, Span`1 copyOfArgs, BindingFlags invokeAttr)
   at System.Reflection.MethodBaseInvoker.InvokeWithFewArgs(Object obj, BindingFlags invokeAttr, Binder binder, Object[] parameters, CultureInfo culture)
   at System.Reflection.MethodBase.Invoke(Object obj, Object[] parameters)
   at BenchmarkDotNet.Autogenerated.UniqueProgramName.AfterAssemblyLoadingAttached(String[] args) in C:\Users\abcd2\OneDrive\Desktop\7-SEM-HIEU\lab_03\Benchmark\bin\Release\net8.0\c2a9862d-575c-4ba7-98f1-0458f49a6a2b\c2a9862d-575c-4ba7-98f1-0458f49a6a2b.notcs:line 57
// AfterAll
No Workload Results were obtained from the run.
// Benchmark Process 20592 has exited with code -1.

// ** Remained 4 (66,7 %) benchmark(s) to run. Estimated finish 2024-11-12 12:38 (0h 0m from now) **
Setup power plan (GUID: 8c5e7fda-e8bf-4a96-9a85-a6e23a8c635c FriendlyName: High performance)
// **************************
// Benchmark: Compare.DapperInsert: Job-LDHCCM(IterationCount=10, LaunchCount=1)
// *** Execute ***
// Launch: 1 / 1
// Execute: dotnet c2a9862d-575c-4ba7-98f1-0458f49a6a2b.dll --anonymousPipes 2192 1852 --benchmarkName Benchmark.Compare.Compare.DapperInsert --job "IterationCount=10, LaunchCount=1" --benchmarkId 2 in C:\Users\abcd2\OneDrive\Desktop\7-SEM-HIEU\lab_03\Benchmark\bin\Release\net8.0\c2a9862d-575c-4ba7-98f1-0458f49a6a2b\bin\Release\net8.0
// BeforeAnythingElse

// Benchmark Process Environment Information:
// BenchmarkDotNet v0.14.0
// Runtime=.NET 8.0.8 (8.0.824.36612), X64 RyuJIT AVX-512F+CD+BW+DQ+VL+VBMI
// GC=Concurrent Workstation
// HardwareIntrinsics=AVX-512F+CD+BW+DQ+VL+VBMI,AES,BMI1,BMI2,FMA,LZCNT,PCLMUL,POPCNT VectorSize=256
// Job: Job-OEIQLJ(IterationCount=10, LaunchCount=1)


System.Reflection.TargetInvocationException: Exception has been thrown by the target of an invocation.
 ---> System.InvalidOperationException: Could not find resource 'PostgreSqlContainer'. Please create the resource by calling StartAsync(CancellationToken) or CreateAsync(CancellationToken).
   at DotNet.Testcontainers.Guard.ThrowIf[TType](ArgumentInfo`1& argument, Func`2 condition, Func`2 ifClause) in /_/src/Testcontainers/Guard.Null.cs:line 62
   at DotNet.Testcontainers.Resource.ThrowIfResourceNotFound() in /_/src/Testcontainers/Resource.cs:line 79
   at DotNet.Testcontainers.Containers.DockerContainer.GetMappedPublicPort(String containerPort) in /_/src/Testcontainers/Containers/DockerContainer.cs:line 238
   at DotNet.Testcontainers.Containers.DockerContainer.GetMappedPublicPort(Int32 containerPort) in /_/src/Testcontainers/Containers/DockerContainer.cs:line 232
   at Testcontainers.PostgreSql.PostgreSqlContainer.GetConnectionString() in /_/src/Testcontainers.PostgreSql/PostgreSqlContainer.cs:line 27
   at Benchmark.Setup.DBSetup.get_ConnectionString() in C:\Users\abcd2\OneDrive\Desktop\7-SEM-HIEU\lab_03\Benchmark\Setup\DBSetup.cs:line 19
   at Benchmark.Compare.Compare.GlobalSetup() in C:\Users\abcd2\OneDrive\Desktop\7-SEM-HIEU\lab_03\Benchmark\Compare\Compare.cs:line 30
   at BenchmarkDotNet.Engines.EngineFactory.CreateReadyToRun(EngineParameters engineParameters)
   at BenchmarkDotNet.Autogenerated.Runnable_2.Run(IHost host, String benchmarkName) in C:\Users\abcd2\OneDrive\Desktop\7-SEM-HIEU\lab_03\Benchmark\bin\Release\net8.0\c2a9862d-575c-4ba7-98f1-0458f49a6a2b\c2a9862d-575c-4ba7-98f1-0458f49a6a2b.notcs:line 568
   at System.RuntimeMethodHandle.InvokeMethod(Object target, Void** arguments, Signature sig, Boolean isConstructor)
   at System.Reflection.MethodBaseInvoker.InvokeDirectByRefWithFewArgs(Object obj, Span`1 copyOfArgs, BindingFlags invokeAttr)
   --- End of inner exception stack trace ---
   at System.Reflection.MethodBaseInvoker.InvokeDirectByRefWithFewArgs(Object obj, Span`1 copyOfArgs, BindingFlags invokeAttr)
   at System.Reflection.MethodBaseInvoker.InvokeWithFewArgs(Object obj, BindingFlags invokeAttr, Binder binder, Object[] parameters, CultureInfo culture)
   at System.Reflection.MethodBase.Invoke(Object obj, Object[] parameters)
   at BenchmarkDotNet.Autogenerated.UniqueProgramName.AfterAssemblyLoadingAttached(String[] args) in C:\Users\abcd2\OneDrive\Desktop\7-SEM-HIEU\lab_03\Benchmark\bin\Release\net8.0\c2a9862d-575c-4ba7-98f1-0458f49a6a2b\c2a9862d-575c-4ba7-98f1-0458f49a6a2b.notcs:line 57
// AfterAll
No Workload Results were obtained from the run.
// Benchmark Process 3832 has exited with code -1.

// ** Remained 3 (50,0 %) benchmark(s) to run. Estimated finish 2024-11-12 12:38 (0h 0m from now) **
Setup power plan (GUID: 8c5e7fda-e8bf-4a96-9a85-a6e23a8c635c FriendlyName: High performance)
// **************************
// Benchmark: Compare.DapperSelect: Job-LDHCCM(IterationCount=10, LaunchCount=1)
// *** Execute ***
// Launch: 1 / 1
// Execute: dotnet c2a9862d-575c-4ba7-98f1-0458f49a6a2b.dll --anonymousPipes 2008 2256 --benchmarkName Benchmark.Compare.Compare.DapperSelect --job "IterationCount=10, LaunchCount=1" --benchmarkId 3 in C:\Users\abcd2\OneDrive\Desktop\7-SEM-HIEU\lab_03\Benchmark\bin\Release\net8.0\c2a9862d-575c-4ba7-98f1-0458f49a6a2b\bin\Release\net8.0
// BeforeAnythingElse

// Benchmark Process Environment Information:
// BenchmarkDotNet v0.14.0
// Runtime=.NET 8.0.8 (8.0.824.36612), X64 RyuJIT AVX-512F+CD+BW+DQ+VL+VBMI
// GC=Concurrent Workstation
// HardwareIntrinsics=AVX-512F+CD+BW+DQ+VL+VBMI,AES,BMI1,BMI2,FMA,LZCNT,PCLMUL,POPCNT VectorSize=256
// Job: Job-NLWQWP(IterationCount=10, LaunchCount=1)


System.Reflection.TargetInvocationException: Exception has been thrown by the target of an invocation.
 ---> System.InvalidOperationException: Could not find resource 'PostgreSqlContainer'. Please create the resource by calling StartAsync(CancellationToken) or CreateAsync(CancellationToken).
   at DotNet.Testcontainers.Guard.ThrowIf[TType](ArgumentInfo`1& argument, Func`2 condition, Func`2 ifClause) in /_/src/Testcontainers/Guard.Null.cs:line 62
   at DotNet.Testcontainers.Resource.ThrowIfResourceNotFound() in /_/src/Testcontainers/Resource.cs:line 79
   at DotNet.Testcontainers.Containers.DockerContainer.GetMappedPublicPort(String containerPort) in /_/src/Testcontainers/Containers/DockerContainer.cs:line 238
   at DotNet.Testcontainers.Containers.DockerContainer.GetMappedPublicPort(Int32 containerPort) in /_/src/Testcontainers/Containers/DockerContainer.cs:line 232
   at Testcontainers.PostgreSql.PostgreSqlContainer.GetConnectionString() in /_/src/Testcontainers.PostgreSql/PostgreSqlContainer.cs:line 27
   at Benchmark.Setup.DBSetup.get_ConnectionString() in C:\Users\abcd2\OneDrive\Desktop\7-SEM-HIEU\lab_03\Benchmark\Setup\DBSetup.cs:line 19
   at Benchmark.Compare.Compare.GlobalSetup() in C:\Users\abcd2\OneDrive\Desktop\7-SEM-HIEU\lab_03\Benchmark\Compare\Compare.cs:line 30
   at BenchmarkDotNet.Engines.EngineFactory.CreateReadyToRun(EngineParameters engineParameters)
   at BenchmarkDotNet.Autogenerated.Runnable_3.Run(IHost host, String benchmarkName) in C:\Users\abcd2\OneDrive\Desktop\7-SEM-HIEU\lab_03\Benchmark\bin\Release\net8.0\c2a9862d-575c-4ba7-98f1-0458f49a6a2b\c2a9862d-575c-4ba7-98f1-0458f49a6a2b.notcs:line 761
   at System.RuntimeMethodHandle.InvokeMethod(Object target, Void** arguments, Signature sig, Boolean isConstructor)
   at System.Reflection.MethodBaseInvoker.InvokeDirectByRefWithFewArgs(Object obj, Span`1 copyOfArgs, BindingFlags invokeAttr)
   --- End of inner exception stack trace ---
   at System.Reflection.MethodBaseInvoker.InvokeDirectByRefWithFewArgs(Object obj, Span`1 copyOfArgs, BindingFlags invokeAttr)
   at System.Reflection.MethodBaseInvoker.InvokeWithFewArgs(Object obj, BindingFlags invokeAttr, Binder binder, Object[] parameters, CultureInfo culture)
   at System.Reflection.MethodBase.Invoke(Object obj, Object[] parameters)
   at BenchmarkDotNet.Autogenerated.UniqueProgramName.AfterAssemblyLoadingAttached(String[] args) in C:\Users\abcd2\OneDrive\Desktop\7-SEM-HIEU\lab_03\Benchmark\bin\Release\net8.0\c2a9862d-575c-4ba7-98f1-0458f49a6a2b\c2a9862d-575c-4ba7-98f1-0458f49a6a2b.notcs:line 57
// AfterAll
No Workload Results were obtained from the run.
// Benchmark Process 8924 has exited with code -1.

// ** Remained 2 (33,3 %) benchmark(s) to run. Estimated finish 2024-11-12 12:38 (0h 0m from now) **
Setup power plan (GUID: 8c5e7fda-e8bf-4a96-9a85-a6e23a8c635c FriendlyName: High performance)
// **************************
// Benchmark: Compare.EfCoreSelect: Job-LDHCCM(IterationCount=10, LaunchCount=1)
// *** Execute ***
// Launch: 1 / 1
// Execute: dotnet c2a9862d-575c-4ba7-98f1-0458f49a6a2b.dll --anonymousPipes 1432 2024 --benchmarkName Benchmark.Compare.Compare.EfCoreSelect --job "IterationCount=10, LaunchCount=1" --benchmarkId 4 in C:\Users\abcd2\OneDrive\Desktop\7-SEM-HIEU\lab_03\Benchmark\bin\Release\net8.0\c2a9862d-575c-4ba7-98f1-0458f49a6a2b\bin\Release\net8.0
// BeforeAnythingElse

// Benchmark Process Environment Information:
// BenchmarkDotNet v0.14.0
// Runtime=.NET 8.0.8 (8.0.824.36612), X64 RyuJIT AVX-512F+CD+BW+DQ+VL+VBMI
// GC=Concurrent Workstation
// HardwareIntrinsics=AVX-512F+CD+BW+DQ+VL+VBMI,AES,BMI1,BMI2,FMA,LZCNT,PCLMUL,POPCNT VectorSize=256
// Job: Job-TAXTSC(IterationCount=10, LaunchCount=1)


System.Reflection.TargetInvocationException: Exception has been thrown by the target of an invocation.
 ---> System.InvalidOperationException: Could not find resource 'PostgreSqlContainer'. Please create the resource by calling StartAsync(CancellationToken) or CreateAsync(CancellationToken).
   at DotNet.Testcontainers.Guard.ThrowIf[TType](ArgumentInfo`1& argument, Func`2 condition, Func`2 ifClause) in /_/src/Testcontainers/Guard.Null.cs:line 62
   at DotNet.Testcontainers.Resource.ThrowIfResourceNotFound() in /_/src/Testcontainers/Resource.cs:line 79
   at DotNet.Testcontainers.Containers.DockerContainer.GetMappedPublicPort(String containerPort) in /_/src/Testcontainers/Containers/DockerContainer.cs:line 238
   at DotNet.Testcontainers.Containers.DockerContainer.GetMappedPublicPort(Int32 containerPort) in /_/src/Testcontainers/Containers/DockerContainer.cs:line 232
   at Testcontainers.PostgreSql.PostgreSqlContainer.GetConnectionString() in /_/src/Testcontainers.PostgreSql/PostgreSqlContainer.cs:line 27
   at Benchmark.Setup.DBSetup.get_ConnectionString() in C:\Users\abcd2\OneDrive\Desktop\7-SEM-HIEU\lab_03\Benchmark\Setup\DBSetup.cs:line 19
   at Benchmark.Compare.Compare.GlobalSetup() in C:\Users\abcd2\OneDrive\Desktop\7-SEM-HIEU\lab_03\Benchmark\Compare\Compare.cs:line 30
   at BenchmarkDotNet.Engines.EngineFactory.CreateReadyToRun(EngineParameters engineParameters)
   at BenchmarkDotNet.Autogenerated.Runnable_4.Run(IHost host, String benchmarkName) in C:\Users\abcd2\OneDrive\Desktop\7-SEM-HIEU\lab_03\Benchmark\bin\Release\net8.0\c2a9862d-575c-4ba7-98f1-0458f49a6a2b\c2a9862d-575c-4ba7-98f1-0458f49a6a2b.notcs:line 959
   at System.RuntimeMethodHandle.InvokeMethod(Object target, Void** arguments, Signature sig, Boolean isConstructor)
   at System.Reflection.MethodBaseInvoker.InvokeDirectByRefWithFewArgs(Object obj, Span`1 copyOfArgs, BindingFlags invokeAttr)
   --- End of inner exception stack trace ---
   at System.Reflection.MethodBaseInvoker.InvokeDirectByRefWithFewArgs(Object obj, Span`1 copyOfArgs, BindingFlags invokeAttr)
   at System.Reflection.MethodBaseInvoker.InvokeWithFewArgs(Object obj, BindingFlags invokeAttr, Binder binder, Object[] parameters, CultureInfo culture)
   at System.Reflection.MethodBase.Invoke(Object obj, Object[] parameters)
   at BenchmarkDotNet.Autogenerated.UniqueProgramName.AfterAssemblyLoadingAttached(String[] args) in C:\Users\abcd2\OneDrive\Desktop\7-SEM-HIEU\lab_03\Benchmark\bin\Release\net8.0\c2a9862d-575c-4ba7-98f1-0458f49a6a2b\c2a9862d-575c-4ba7-98f1-0458f49a6a2b.notcs:line 57
// AfterAll
No Workload Results were obtained from the run.
// Benchmark Process 13716 has exited with code -1.

// ** Remained 1 (16,7 %) benchmark(s) to run. Estimated finish 2024-11-12 12:38 (0h 0m from now) **
Setup power plan (GUID: 8c5e7fda-e8bf-4a96-9a85-a6e23a8c635c FriendlyName: High performance)
// **************************
// Benchmark: Compare.EfCoreInsert: Job-LDHCCM(IterationCount=10, LaunchCount=1)
// *** Execute ***
// Launch: 1 / 1
// Execute: dotnet c2a9862d-575c-4ba7-98f1-0458f49a6a2b.dll --anonymousPipes 1856 2012 --benchmarkName Benchmark.Compare.Compare.EfCoreInsert --job "IterationCount=10, LaunchCount=1" --benchmarkId 5 in C:\Users\abcd2\OneDrive\Desktop\7-SEM-HIEU\lab_03\Benchmark\bin\Release\net8.0\c2a9862d-575c-4ba7-98f1-0458f49a6a2b\bin\Release\net8.0
// BeforeAnythingElse

// Benchmark Process Environment Information:
// BenchmarkDotNet v0.14.0
// Runtime=.NET 8.0.8 (8.0.824.36612), X64 RyuJIT AVX-512F+CD+BW+DQ+VL+VBMI
// GC=Concurrent Workstation
// HardwareIntrinsics=AVX-512F+CD+BW+DQ+VL+VBMI,AES,BMI1,BMI2,FMA,LZCNT,PCLMUL,POPCNT VectorSize=256
// Job: Job-FYVXNE(IterationCount=10, LaunchCount=1)


System.Reflection.TargetInvocationException: Exception has been thrown by the target of an invocation.
 ---> System.InvalidOperationException: Could not find resource 'PostgreSqlContainer'. Please create the resource by calling StartAsync(CancellationToken) or CreateAsync(CancellationToken).
   at DotNet.Testcontainers.Guard.ThrowIf[TType](ArgumentInfo`1& argument, Func`2 condition, Func`2 ifClause) in /_/src/Testcontainers/Guard.Null.cs:line 62
   at DotNet.Testcontainers.Resource.ThrowIfResourceNotFound() in /_/src/Testcontainers/Resource.cs:line 79
   at DotNet.Testcontainers.Containers.DockerContainer.GetMappedPublicPort(String containerPort) in /_/src/Testcontainers/Containers/DockerContainer.cs:line 238
   at DotNet.Testcontainers.Containers.DockerContainer.GetMappedPublicPort(Int32 containerPort) in /_/src/Testcontainers/Containers/DockerContainer.cs:line 232
   at Testcontainers.PostgreSql.PostgreSqlContainer.GetConnectionString() in /_/src/Testcontainers.PostgreSql/PostgreSqlContainer.cs:line 27
   at Benchmark.Setup.DBSetup.get_ConnectionString() in C:\Users\abcd2\OneDrive\Desktop\7-SEM-HIEU\lab_03\Benchmark\Setup\DBSetup.cs:line 19
   at Benchmark.Compare.Compare.GlobalSetup() in C:\Users\abcd2\OneDrive\Desktop\7-SEM-HIEU\lab_03\Benchmark\Compare\Compare.cs:line 30
   at BenchmarkDotNet.Engines.EngineFactory.CreateReadyToRun(EngineParameters engineParameters)
   at BenchmarkDotNet.Autogenerated.Runnable_5.Run(IHost host, String benchmarkName) in C:\Users\abcd2\OneDrive\Desktop\7-SEM-HIEU\lab_03\Benchmark\bin\Release\net8.0\c2a9862d-575c-4ba7-98f1-0458f49a6a2b\c2a9862d-575c-4ba7-98f1-0458f49a6a2b.notcs:line 1157
   at System.RuntimeMethodHandle.InvokeMethod(Object target, Void** arguments, Signature sig, Boolean isConstructor)
   at System.Reflection.MethodBaseInvoker.InvokeDirectByRefWithFewArgs(Object obj, Span`1 copyOfArgs, BindingFlags invokeAttr)
   --- End of inner exception stack trace ---
   at System.Reflection.MethodBaseInvoker.InvokeDirectByRefWithFewArgs(Object obj, Span`1 copyOfArgs, BindingFlags invokeAttr)
   at System.Reflection.MethodBaseInvoker.InvokeWithFewArgs(Object obj, BindingFlags invokeAttr, Binder binder, Object[] parameters, CultureInfo culture)
   at System.Reflection.MethodBase.Invoke(Object obj, Object[] parameters)
   at BenchmarkDotNet.Autogenerated.UniqueProgramName.AfterAssemblyLoadingAttached(String[] args) in C:\Users\abcd2\OneDrive\Desktop\7-SEM-HIEU\lab_03\Benchmark\bin\Release\net8.0\c2a9862d-575c-4ba7-98f1-0458f49a6a2b\c2a9862d-575c-4ba7-98f1-0458f49a6a2b.notcs:line 57
// AfterAll
No Workload Results were obtained from the run.
// Benchmark Process 10080 has exited with code -1.

// ** Remained 0 (0,0 %) benchmark(s) to run. Estimated finish 2024-11-12 12:38 (0h 0m from now) **
Successfully reverted power plan (GUID: 49ef8fc0-bb7f-488e-b6a0-f1fc77ec649b FriendlyName: Dell)
// ***** BenchmarkRunner: Finish  *****

// * Export *
  BenchmarkDotNet.Artifacts\results\Benchmark.Compare.Compare-report.csv
  BenchmarkDotNet.Artifacts\results\Benchmark.Compare.Compare-report-github.md
  BenchmarkDotNet.Artifacts\results\Benchmark.Compare.Compare-report.html
  BenchmarkDotNet.Artifacts\results\Benchmark.Compare.Compare-report-default.md
  BenchmarkDotNet.Artifacts\results\Benchmark.Compare.Compare-measurements.csv
RPlotExporter couldn't find Rscript.exe in your PATH and no R_HOME environment variable is defined
  BenchmarkDotNet.Artifacts\results\BuildPlots.R

// * Detailed results *
Compare.NpgslInsert: Job-LDHCCM(IterationCount=10, LaunchCount=1)
Runtime = .NET 8.0.8 (8.0.824.36612), X64 RyuJIT AVX-512F+CD+BW+DQ+VL+VBMI; GC = Concurrent Workstation
There are not any results runs

Compare.NpgslSelect: Job-LDHCCM(IterationCount=10, LaunchCount=1)
Runtime = .NET 8.0.8 (8.0.824.36612), X64 RyuJIT AVX-512F+CD+BW+DQ+VL+VBMI; GC = Concurrent Workstation
There are not any results runs

Compare.DapperInsert: Job-LDHCCM(IterationCount=10, LaunchCount=1)
Runtime = .NET 8.0.8 (8.0.824.36612), X64 RyuJIT AVX-512F+CD+BW+DQ+VL+VBMI; GC = Concurrent Workstation
There are not any results runs

Compare.DapperSelect: Job-LDHCCM(IterationCount=10, LaunchCount=1)
Runtime = .NET 8.0.8 (8.0.824.36612), X64 RyuJIT AVX-512F+CD+BW+DQ+VL+VBMI; GC = Concurrent Workstation
There are not any results runs

Compare.EfCoreSelect: Job-LDHCCM(IterationCount=10, LaunchCount=1)
Runtime = .NET 8.0.8 (8.0.824.36612), X64 RyuJIT AVX-512F+CD+BW+DQ+VL+VBMI; GC = Concurrent Workstation
There are not any results runs

Compare.EfCoreInsert: Job-LDHCCM(IterationCount=10, LaunchCount=1)
Runtime = .NET 8.0.8 (8.0.824.36612), X64 RyuJIT AVX-512F+CD+BW+DQ+VL+VBMI; GC = Concurrent Workstation
There are not any results runs

// * Summary *

BenchmarkDotNet v0.14.0, Windows 10 (10.0.19045.5011/22H2/2022Update)
11th Gen Intel Core i7-1165G7 2.80GHz, 1 CPU, 8 logical and 4 physical cores
.NET SDK 8.0.400
  [Host]     : .NET 8.0.8 (8.0.824.36612), X64 RyuJIT AVX-512F+CD+BW+DQ+VL+VBMI
  Job-LDHCCM : .NET 8.0.8 (8.0.824.36612), X64 RyuJIT AVX-512F+CD+BW+DQ+VL+VBMI

IterationCount=10  LaunchCount=1  

| Method       | Mean | Error |
|------------- |-----:|------:|
| NpgslInsert  |   NA |    NA |
| NpgslSelect  |   NA |    NA |
| DapperInsert |   NA |    NA |
| DapperSelect |   NA |    NA |
| EfCoreSelect |   NA |    NA |
| EfCoreInsert |   NA |    NA |

Benchmarks with issues:
  Compare.NpgslInsert: Job-LDHCCM(IterationCount=10, LaunchCount=1)
  Compare.NpgslSelect: Job-LDHCCM(IterationCount=10, LaunchCount=1)
  Compare.DapperInsert: Job-LDHCCM(IterationCount=10, LaunchCount=1)
  Compare.DapperSelect: Job-LDHCCM(IterationCount=10, LaunchCount=1)
  Compare.EfCoreSelect: Job-LDHCCM(IterationCount=10, LaunchCount=1)
  Compare.EfCoreInsert: Job-LDHCCM(IterationCount=10, LaunchCount=1)

// * Warnings *
Environment
  Summary -> Detected error exit code from one of the benchmarks. It might be caused by following antivirus software:
        - Windows Defender (windowsdefender://)
Use InProcessEmitToolchain or InProcessNoEmitToolchain to avoid new process creation.


// * Legends *
  Mean  : Arithmetic mean of all measurements
  Error : Half of 99.9% confidence interval
  1 ns  : 1 Nanosecond (0.000000001 sec)

// * Diagnostic Output - MemoryDiagnoser *


// ***** BenchmarkRunner: End *****
Run time: 00:00:02 (2.34 sec), executed benchmarks: 6

Global total time: 00:00:11 (11.54 sec), executed benchmarks: 6
// * Artifacts cleanup *
Artifacts cleanup is finished
