// Validating benchmarks:
// ***** BenchmarkRunner: Start   *****
// ***** Found 4 benchmark(s) in total *****
// ***** Building 1 exe(s) in Parallel: Start   *****
// start dotnet  restore /p:UseSharedCompilation=false /p:BuildInParallel=false /m:1 /p:Deterministic=true /p:Optimize=true /p:IntermediateOutputPath="C:\Users\abcd2\OneDrive\Desktop\7-SEM-HIEU\lab_04\Benchmark\bin\Release\net8.0\be3f2b10-afc9-4a0e-b34a-ec266fe249ed\obj\Release\net8.0/" /p:OutDir="C:\Users\abcd2\OneDrive\Desktop\7-SEM-HIEU\lab_04\Benchmark\bin\Release\net8.0\be3f2b10-afc9-4a0e-b34a-ec266fe249ed\bin\Release\net8.0/" /p:OutputPath="C:\Users\abcd2\OneDrive\Desktop\7-SEM-HIEU\lab_04\Benchmark\bin\Release\net8.0\be3f2b10-afc9-4a0e-b34a-ec266fe249ed\bin\Release\net8.0/" in C:\Users\abcd2\OneDrive\Desktop\7-SEM-HIEU\lab_04\Benchmark\bin\Release\net8.0\be3f2b10-afc9-4a0e-b34a-ec266fe249ed
// command took 2.34 sec and exited with 0
// start dotnet  build -c Release --no-restore /p:UseSharedCompilation=false /p:BuildInParallel=false /m:1 /p:Deterministic=true /p:Optimize=true /p:IntermediateOutputPath="C:\Users\abcd2\OneDrive\Desktop\7-SEM-HIEU\lab_04\Benchmark\bin\Release\net8.0\be3f2b10-afc9-4a0e-b34a-ec266fe249ed\obj\Release\net8.0/" /p:OutDir="C:\Users\abcd2\OneDrive\Desktop\7-SEM-HIEU\lab_04\Benchmark\bin\Release\net8.0\be3f2b10-afc9-4a0e-b34a-ec266fe249ed\bin\Release\net8.0/" /p:OutputPath="C:\Users\abcd2\OneDrive\Desktop\7-SEM-HIEU\lab_04\Benchmark\bin\Release\net8.0\be3f2b10-afc9-4a0e-b34a-ec266fe249ed\bin\Release\net8.0/" --output "C:\Users\abcd2\OneDrive\Desktop\7-SEM-HIEU\lab_04\Benchmark\bin\Release\net8.0\be3f2b10-afc9-4a0e-b34a-ec266fe249ed\bin\Release\net8.0/" in C:\Users\abcd2\OneDrive\Desktop\7-SEM-HIEU\lab_04\Benchmark\bin\Release\net8.0\be3f2b10-afc9-4a0e-b34a-ec266fe249ed
// command took 6.31 sec and exited with 0
// ***** Done, took 00:00:08 (8.91 sec)   *****
// Found 4 benchmarks:
//   Compare.NpgslInsert: Job-MYLOAU(IterationCount=3, LaunchCount=1)
//   Compare.NpgslSelect: Job-MYLOAU(IterationCount=3, LaunchCount=1)
//   Compare.DapperInsert: Job-MYLOAU(IterationCount=3, LaunchCount=1)
//   Compare.DapperSelect: Job-MYLOAU(IterationCount=3, LaunchCount=1)

Setup power plan (GUID: 8c5e7fda-e8bf-4a96-9a85-a6e23a8c635c FriendlyName: High performance)
// **************************
// Benchmark: Compare.NpgslInsert: Job-MYLOAU(IterationCount=3, LaunchCount=1)
// *** Execute ***
// Launch: 1 / 1
// Execute: dotnet be3f2b10-afc9-4a0e-b34a-ec266fe249ed.dll --anonymousPipes 1384 2200 --benchmarkName Benchmark.Compare.Compare.NpgslInsert --job "IterationCount=3, LaunchCount=1" --benchmarkId 0 in C:\Users\abcd2\OneDrive\Desktop\7-SEM-HIEU\lab_04\Benchmark\bin\Release\net8.0\be3f2b10-afc9-4a0e-b34a-ec266fe249ed\bin\Release\net8.0
// BeforeAnythingElse

// Benchmark Process Environment Information:
// BenchmarkDotNet v0.14.0
// Runtime=.NET 8.0.8 (8.0.824.36612), X64 RyuJIT AVX-512F+CD+BW+DQ+VL+VBMI
// GC=Concurrent Workstation
// HardwareIntrinsics=AVX-512F+CD+BW+DQ+VL+VBMI,AES,BMI1,BMI2,FMA,LZCNT,PCLMUL,POPCNT VectorSize=256
// Job: Job-WNLGBU(IterationCount=3, LaunchCount=1)

[testcontainers.org 00:00:00.29] Connected to Docker:
  Host: npipe://./pipe/docker_engine
  Server Version: 26.1.4
  Kernel Version: 5.15.153.1-microsoft-standard-WSL2
  API Version: 1.45
  Operating System: Docker Desktop
  Total Memory: 3.76 GB
  Labels: 
    com.docker.desktop.address=npipe://\\.\pipe\docker_cli
[testcontainers.org 00:00:00.67] Docker container 7b37e3a29ce4 created
[testcontainers.org 00:00:00.74] Start Docker container 7b37e3a29ce4
[testcontainers.org 00:00:03.45] Wait for Docker container 7b37e3a29ce4 to complete readiness checks
[testcontainers.org 00:00:03.45] Docker container 7b37e3a29ce4 ready
[testcontainers.org 00:00:03.55] Docker container 25dd2ad54324 created
[testcontainers.org 00:00:03.57] Start Docker container 25dd2ad54324
[testcontainers.org 00:00:05.21] Wait for Docker container 25dd2ad54324 to complete readiness checks
[testcontainers.org 00:00:05.23] Execute "pg_isready --host localhost --dbname BENCHMARK_testdb --username postgres" at Docker container 25dd2ad54324
[testcontainers.org 00:00:06.60] Execute "pg_isready --host localhost --dbname BENCHMARK_testdb --username postgres" at Docker container 25dd2ad54324
[testcontainers.org 00:00:07.73] Execute "pg_isready --host localhost --dbname BENCHMARK_testdb --username postgres" at Docker container 25dd2ad54324
[testcontainers.org 00:00:07.80] Docker container 25dd2ad54324 ready
OverheadJitting  1: 1 op, 212800.00 ns, 212.8000 us/op

System.Reflection.TargetInvocationException: Exception has been thrown by the target of an invocation.
 ---> Npgsql.PostgresException (0x80004005): 42P01: relation "public.user" does not exist

POSITION: 13
   at Npgsql.Internal.NpgsqlConnector.ReadMessageLong(Boolean async, DataRowLoadingMode dataRowLoadingMode, Boolean readingNotifications, Boolean isReadingPrependedMessage)
   at System.Runtime.CompilerServices.PoolingAsyncValueTaskMethodBuilder`1.StateMachineBox`1.System.Threading.Tasks.Sources.IValueTaskSource<TResult>.GetResult(Int16 token)
   at Npgsql.NpgsqlDataReader.NextResult(Boolean async, Boolean isConsuming, CancellationToken cancellationToken)
   at Npgsql.NpgsqlDataReader.NextResult(Boolean async, Boolean isConsuming, CancellationToken cancellationToken)
   at Npgsql.NpgsqlCommand.ExecuteReader(Boolean async, CommandBehavior behavior, CancellationToken cancellationToken)
   at Npgsql.NpgsqlCommand.ExecuteReader(Boolean async, CommandBehavior behavior, CancellationToken cancellationToken)
   at Npgsql.NpgsqlCommand.ExecuteNonQuery(Boolean async, CancellationToken cancellationToken)
   at Benchmark.Repositories.Npgsql.NpgsqlUserRepository.InsertUser(String login, String password, String role, String name) in C:\Users\abcd2\OneDrive\Desktop\7-SEM-HIEU\lab_04\Benchmark\Repositories\Npgsql\NpgsqlUserRepository.cs:line 31
   at Benchmark.Compare.Compare.NpgslInsert() in C:\Users\abcd2\OneDrive\Desktop\7-SEM-HIEU\lab_04\Benchmark\Compare\Compare.cs:line 37
   at BenchmarkDotNet.Helpers.AwaitHelper.GetResult(Task task)
   at BenchmarkDotNet.Autogenerated.Runnable_0.<.ctor>b__3_4() in C:\Users\abcd2\OneDrive\Desktop\7-SEM-HIEU\lab_04\Benchmark\bin\Release\net8.0\be3f2b10-afc9-4a0e-b34a-ec266fe249ed\be3f2b10-afc9-4a0e-b34a-ec266fe249ed.notcs:line 198
   at BenchmarkDotNet.Autogenerated.Runnable_0.WorkloadActionNoUnroll(Int64 invokeCount) in C:\Users\abcd2\OneDrive\Desktop\7-SEM-HIEU\lab_04\Benchmark\bin\Release\net8.0\be3f2b10-afc9-4a0e-b34a-ec266fe249ed\be3f2b10-afc9-4a0e-b34a-ec266fe249ed.notcs:line 312
   at BenchmarkDotNet.Engines.Engine.Measure(Action`1 action, Int64 invokeCount)
   at BenchmarkDotNet.Engines.Engine.RunIteration(IterationData data)
   at BenchmarkDotNet.Engines.EngineFactory.Jit(Engine engine, Int32 jitIndex, Int32 invokeCount, Int32 unrollFactor)
   at BenchmarkDotNet.Engines.EngineFactory.CreateReadyToRun(EngineParameters engineParameters)
   at BenchmarkDotNet.Autogenerated.Runnable_0.Run(IHost host, String benchmarkName) in C:\Users\abcd2\OneDrive\Desktop\7-SEM-HIEU\lab_04\Benchmark\bin\Release\net8.0\be3f2b10-afc9-4a0e-b34a-ec266fe249ed\be3f2b10-afc9-4a0e-b34a-ec266fe249ed.notcs:line 177
   at System.RuntimeMethodHandle.InvokeMethod(Object target, Void** arguments, Signature sig, Boolean isConstructor)
   at System.Reflection.MethodBaseInvoker.InvokeDirectByRefWithFewArgs(Object obj, Span`1 copyOfArgs, BindingFlags invokeAttr)
  Exception data:
    Severity: ERROR
    SqlState: 42P01
    MessageText: relation "public.user" does not exist
    Position: 13
    File: parse_relation.c
    Line: 1428
    Routine: parserOpenTable
   --- End of inner exception stack trace ---
   at System.Reflection.MethodBaseInvoker.InvokeDirectByRefWithFewArgs(Object obj, Span`1 copyOfArgs, BindingFlags invokeAttr)
   at System.Reflection.MethodBaseInvoker.InvokeWithFewArgs(Object obj, BindingFlags invokeAttr, Binder binder, Object[] parameters, CultureInfo culture)
   at System.Reflection.MethodBase.Invoke(Object obj, Object[] parameters)
   at BenchmarkDotNet.Autogenerated.UniqueProgramName.AfterAssemblyLoadingAttached(String[] args) in C:\Users\abcd2\OneDrive\Desktop\7-SEM-HIEU\lab_04\Benchmark\bin\Release\net8.0\be3f2b10-afc9-4a0e-b34a-ec266fe249ed\be3f2b10-afc9-4a0e-b34a-ec266fe249ed.notcs:line 57
// AfterAll
No Workload Results were obtained from the run.
// Benchmark Process 10324 has exited with code -1.

// ** Remained 3 (75,0 %) benchmark(s) to run. Estimated finish 2024-11-29 16:42 (0h 0m from now) **
Setup power plan (GUID: 8c5e7fda-e8bf-4a96-9a85-a6e23a8c635c FriendlyName: High performance)
// **************************
// Benchmark: Compare.NpgslSelect: Job-MYLOAU(IterationCount=3, LaunchCount=1)
// *** Execute ***
// Launch: 1 / 1
// Execute: dotnet be3f2b10-afc9-4a0e-b34a-ec266fe249ed.dll --anonymousPipes 1392 1412 --benchmarkName Benchmark.Compare.Compare.NpgslSelect --job "IterationCount=3, LaunchCount=1" --benchmarkId 1 in C:\Users\abcd2\OneDrive\Desktop\7-SEM-HIEU\lab_04\Benchmark\bin\Release\net8.0\be3f2b10-afc9-4a0e-b34a-ec266fe249ed\bin\Release\net8.0
// BeforeAnythingElse

// Benchmark Process Environment Information:
// BenchmarkDotNet v0.14.0
// Runtime=.NET 8.0.8 (8.0.824.36612), X64 RyuJIT AVX-512F+CD+BW+DQ+VL+VBMI
// GC=Concurrent Workstation
// HardwareIntrinsics=AVX-512F+CD+BW+DQ+VL+VBMI,AES,BMI1,BMI2,FMA,LZCNT,PCLMUL,POPCNT VectorSize=256
// Job: Job-DIVNGC(IterationCount=3, LaunchCount=1)

[testcontainers.org 00:00:00.21] Connected to Docker:
  Host: npipe://./pipe/docker_engine
  Server Version: 26.1.4
  Kernel Version: 5.15.153.1-microsoft-standard-WSL2
  API Version: 1.45
  Operating System: Docker Desktop
  Total Memory: 3.76 GB
  Labels: 
    com.docker.desktop.address=npipe://\\.\pipe\docker_cli
[testcontainers.org 00:00:00.40] Docker container b1560aa2270d created
[testcontainers.org 00:00:00.44] Start Docker container b1560aa2270d
[testcontainers.org 00:00:01.81] Wait for Docker container b1560aa2270d to complete readiness checks
[testcontainers.org 00:00:01.82] Docker container b1560aa2270d ready
[testcontainers.org 00:00:01.90] Docker container 1b1754541105 created
[testcontainers.org 00:00:01.91] Start Docker container 1b1754541105
[testcontainers.org 00:00:03.34] Wait for Docker container 1b1754541105 to complete readiness checks
[testcontainers.org 00:00:03.36] Execute "pg_isready --host localhost --dbname BENCHMARK_testdb --username postgres" at Docker container 1b1754541105
[testcontainers.org 00:00:04.50] Execute "pg_isready --host localhost --dbname BENCHMARK_testdb --username postgres" at Docker container 1b1754541105
[testcontainers.org 00:00:05.63] Execute "pg_isready --host localhost --dbname BENCHMARK_testdb --username postgres" at Docker container 1b1754541105
[testcontainers.org 00:00:05.68] Docker container 1b1754541105 ready
OverheadJitting  1: 1 op, 239000.00 ns, 239.0000 us/op

System.Reflection.TargetInvocationException: Exception has been thrown by the target of an invocation.
 ---> Npgsql.PostgresException (0x80004005): 42P01: relation "public.user" does not exist

POSITION: 15
   at Npgsql.Internal.NpgsqlConnector.ReadMessageLong(Boolean async, DataRowLoadingMode dataRowLoadingMode, Boolean readingNotifications, Boolean isReadingPrependedMessage)
   at System.Runtime.CompilerServices.PoolingAsyncValueTaskMethodBuilder`1.StateMachineBox`1.System.Threading.Tasks.Sources.IValueTaskSource<TResult>.GetResult(Int16 token)
   at Npgsql.NpgsqlDataReader.NextResult(Boolean async, Boolean isConsuming, CancellationToken cancellationToken)
   at Npgsql.NpgsqlDataReader.NextResult(Boolean async, Boolean isConsuming, CancellationToken cancellationToken)
   at Npgsql.NpgsqlCommand.ExecuteReader(Boolean async, CommandBehavior behavior, CancellationToken cancellationToken)
   at Npgsql.NpgsqlCommand.ExecuteReader(Boolean async, CommandBehavior behavior, CancellationToken cancellationToken)
   at Benchmark.Repositories.Npgsql.NpgsqlUserRepository.SelectUser(String login) in C:\Users\abcd2\OneDrive\Desktop\7-SEM-HIEU\lab_04\Benchmark\Repositories\Npgsql\NpgsqlUserRepository.cs:line 46
   at Benchmark.Compare.Compare.NpgslSelect() in C:\Users\abcd2\OneDrive\Desktop\7-SEM-HIEU\lab_04\Benchmark\Compare\Compare.cs:line 44
   at BenchmarkDotNet.Helpers.AwaitHelper.GetResult[T](Task`1 task)
   at BenchmarkDotNet.Autogenerated.Runnable_1.<.ctor>b__3_4() in C:\Users\abcd2\OneDrive\Desktop\7-SEM-HIEU\lab_04\Benchmark\bin\Release\net8.0\be3f2b10-afc9-4a0e-b34a-ec266fe249ed\be3f2b10-afc9-4a0e-b34a-ec266fe249ed.notcs:line 391
   at BenchmarkDotNet.Autogenerated.Runnable_1.WorkloadActionNoUnroll(Int64 invokeCount) in C:\Users\abcd2\OneDrive\Desktop\7-SEM-HIEU\lab_04\Benchmark\bin\Release\net8.0\be3f2b10-afc9-4a0e-b34a-ec266fe249ed\be3f2b10-afc9-4a0e-b34a-ec266fe249ed.notcs:line 507
   at BenchmarkDotNet.Engines.Engine.Measure(Action`1 action, Int64 invokeCount)
   at BenchmarkDotNet.Engines.Engine.RunIteration(IterationData data)
   at BenchmarkDotNet.Engines.EngineFactory.Jit(Engine engine, Int32 jitIndex, Int32 invokeCount, Int32 unrollFactor)
   at BenchmarkDotNet.Engines.EngineFactory.CreateReadyToRun(EngineParameters engineParameters)
   at BenchmarkDotNet.Autogenerated.Runnable_1.Run(IHost host, String benchmarkName) in C:\Users\abcd2\OneDrive\Desktop\7-SEM-HIEU\lab_04\Benchmark\bin\Release\net8.0\be3f2b10-afc9-4a0e-b34a-ec266fe249ed\be3f2b10-afc9-4a0e-b34a-ec266fe249ed.notcs:line 370
   at System.RuntimeMethodHandle.InvokeMethod(Object target, Void** arguments, Signature sig, Boolean isConstructor)
   at System.Reflection.MethodBaseInvoker.InvokeDirectByRefWithFewArgs(Object obj, Span`1 copyOfArgs, BindingFlags invokeAttr)
  Exception data:
    Severity: ERROR
    SqlState: 42P01
    MessageText: relation "public.user" does not exist
    Position: 15
    File: parse_relation.c
    Line: 1428
    Routine: parserOpenTable
   --- End of inner exception stack trace ---
   at System.Reflection.MethodBaseInvoker.InvokeDirectByRefWithFewArgs(Object obj, Span`1 copyOfArgs, BindingFlags invokeAttr)
   at System.Reflection.MethodBaseInvoker.InvokeWithFewArgs(Object obj, BindingFlags invokeAttr, Binder binder, Object[] parameters, CultureInfo culture)
   at System.Reflection.MethodBase.Invoke(Object obj, Object[] parameters)
   at BenchmarkDotNet.Autogenerated.UniqueProgramName.AfterAssemblyLoadingAttached(String[] args) in C:\Users\abcd2\OneDrive\Desktop\7-SEM-HIEU\lab_04\Benchmark\bin\Release\net8.0\be3f2b10-afc9-4a0e-b34a-ec266fe249ed\be3f2b10-afc9-4a0e-b34a-ec266fe249ed.notcs:line 57
// AfterAll
No Workload Results were obtained from the run.
// Benchmark Process 18184 has exited with code -1.

// ** Remained 2 (50,0 %) benchmark(s) to run. Estimated finish 2024-11-29 16:42 (0h 0m from now) **
Setup power plan (GUID: 8c5e7fda-e8bf-4a96-9a85-a6e23a8c635c FriendlyName: High performance)
// **************************
// Benchmark: Compare.DapperInsert: Job-MYLOAU(IterationCount=3, LaunchCount=1)
// *** Execute ***
// Launch: 1 / 1
// Execute: dotnet be3f2b10-afc9-4a0e-b34a-ec266fe249ed.dll --anonymousPipes 2100 2188 --benchmarkName Benchmark.Compare.Compare.DapperInsert --job "IterationCount=3, LaunchCount=1" --benchmarkId 2 in C:\Users\abcd2\OneDrive\Desktop\7-SEM-HIEU\lab_04\Benchmark\bin\Release\net8.0\be3f2b10-afc9-4a0e-b34a-ec266fe249ed\bin\Release\net8.0
// BeforeAnythingElse

// Benchmark Process Environment Information:
// BenchmarkDotNet v0.14.0
// Runtime=.NET 8.0.8 (8.0.824.36612), X64 RyuJIT AVX-512F+CD+BW+DQ+VL+VBMI
// GC=Concurrent Workstation
// HardwareIntrinsics=AVX-512F+CD+BW+DQ+VL+VBMI,AES,BMI1,BMI2,FMA,LZCNT,PCLMUL,POPCNT VectorSize=256
// Job: Job-PGGZBY(IterationCount=3, LaunchCount=1)

[testcontainers.org 00:00:00.16] Connected to Docker:
  Host: npipe://./pipe/docker_engine
  Server Version: 26.1.4
  Kernel Version: 5.15.153.1-microsoft-standard-WSL2
  API Version: 1.45
  Operating System: Docker Desktop
  Total Memory: 3.76 GB
  Labels: 
    com.docker.desktop.address=npipe://\\.\pipe\docker_cli
[testcontainers.org 00:00:00.35] Docker container 4dc6fe8d45e1 created
[testcontainers.org 00:00:00.40] Start Docker container 4dc6fe8d45e1
[testcontainers.org 00:00:01.77] Wait for Docker container 4dc6fe8d45e1 to complete readiness checks
[testcontainers.org 00:00:01.79] Docker container 4dc6fe8d45e1 ready
[testcontainers.org 00:00:01.93] Docker container 67a5c71e4ea1 created
[testcontainers.org 00:00:02.00] Start Docker container 67a5c71e4ea1
[testcontainers.org 00:00:05.41] Wait for Docker container 67a5c71e4ea1 to complete readiness checks
[testcontainers.org 00:00:05.44] Execute "pg_isready --host localhost --dbname BENCHMARK_testdb --username postgres" at Docker container 67a5c71e4ea1
[testcontainers.org 00:00:06.80] Execute "pg_isready --host localhost --dbname BENCHMARK_testdb --username postgres" at Docker container 67a5c71e4ea1
[testcontainers.org 00:00:07.99] Execute "pg_isready --host localhost --dbname BENCHMARK_testdb --username postgres" at Docker container 67a5c71e4ea1
[testcontainers.org 00:00:09.35] Execute "pg_isready --host localhost --dbname BENCHMARK_testdb --username postgres" at Docker container 67a5c71e4ea1
[testcontainers.org 00:00:09.51] Docker container 67a5c71e4ea1 ready
OverheadJitting  1: 1 op, 236400.00 ns, 236.4000 us/op

System.Reflection.TargetInvocationException: Exception has been thrown by the target of an invocation.
 ---> Npgsql.PostgresException (0x80004005): 42P01: relation "public.user" does not exist

POSITION: 13
   at Npgsql.Internal.NpgsqlConnector.ReadMessageLong(Boolean async, DataRowLoadingMode dataRowLoadingMode, Boolean readingNotifications, Boolean isReadingPrependedMessage)
   at System.Runtime.CompilerServices.PoolingAsyncValueTaskMethodBuilder`1.StateMachineBox`1.System.Threading.Tasks.Sources.IValueTaskSource<TResult>.GetResult(Int16 token)
   at Npgsql.NpgsqlDataReader.NextResult(Boolean async, Boolean isConsuming, CancellationToken cancellationToken)
   at Npgsql.NpgsqlDataReader.NextResult(Boolean async, Boolean isConsuming, CancellationToken cancellationToken)
   at Npgsql.NpgsqlCommand.ExecuteReader(Boolean async, CommandBehavior behavior, CancellationToken cancellationToken)
   at Npgsql.NpgsqlCommand.ExecuteReader(Boolean async, CommandBehavior behavior, CancellationToken cancellationToken)
   at Npgsql.NpgsqlCommand.ExecuteNonQuery(Boolean async, CancellationToken cancellationToken)
   at Dapper.SqlMapper.ExecuteImplAsync(IDbConnection cnn, CommandDefinition command, Object param) in /_/Dapper/SqlMapper.Async.cs:line 662
   at Benchmark.Repositories.Dapper.DapperUserRepository.InsertUser(String login, String password, String role, String name) in C:\Users\abcd2\OneDrive\Desktop\7-SEM-HIEU\lab_04\Benchmark\Repositories\Dapper\DapperUserRepository.cs:line 23
   at Benchmark.Compare.Compare.DapperInsert() in C:\Users\abcd2\OneDrive\Desktop\7-SEM-HIEU\lab_04\Benchmark\Compare\Compare.cs:line 53
   at BenchmarkDotNet.Helpers.AwaitHelper.GetResult(Task task)
   at BenchmarkDotNet.Autogenerated.Runnable_2.<.ctor>b__3_4() in C:\Users\abcd2\OneDrive\Desktop\7-SEM-HIEU\lab_04\Benchmark\bin\Release\net8.0\be3f2b10-afc9-4a0e-b34a-ec266fe249ed\be3f2b10-afc9-4a0e-b34a-ec266fe249ed.notcs:line 589
   at BenchmarkDotNet.Autogenerated.Runnable_2.WorkloadActionNoUnroll(Int64 invokeCount) in C:\Users\abcd2\OneDrive\Desktop\7-SEM-HIEU\lab_04\Benchmark\bin\Release\net8.0\be3f2b10-afc9-4a0e-b34a-ec266fe249ed\be3f2b10-afc9-4a0e-b34a-ec266fe249ed.notcs:line 703
   at BenchmarkDotNet.Engines.Engine.Measure(Action`1 action, Int64 invokeCount)
   at BenchmarkDotNet.Engines.Engine.RunIteration(IterationData data)
   at BenchmarkDotNet.Engines.EngineFactory.Jit(Engine engine, Int32 jitIndex, Int32 invokeCount, Int32 unrollFactor)
   at BenchmarkDotNet.Engines.EngineFactory.CreateReadyToRun(EngineParameters engineParameters)
   at BenchmarkDotNet.Autogenerated.Runnable_2.Run(IHost host, String benchmarkName) in C:\Users\abcd2\OneDrive\Desktop\7-SEM-HIEU\lab_04\Benchmark\bin\Release\net8.0\be3f2b10-afc9-4a0e-b34a-ec266fe249ed\be3f2b10-afc9-4a0e-b34a-ec266fe249ed.notcs:line 568
   at System.RuntimeMethodHandle.InvokeMethod(Object target, Void** arguments, Signature sig, Boolean isConstructor)
   at System.Reflection.MethodBaseInvoker.InvokeDirectByRefWithFewArgs(Object obj, Span`1 copyOfArgs, BindingFlags invokeAttr)
  Exception data:
    Severity: ERROR
    SqlState: 42P01
    MessageText: relation "public.user" does not exist
    Position: 13
    File: parse_relation.c
    Line: 1428
    Routine: parserOpenTable
   --- End of inner exception stack trace ---
   at System.Reflection.MethodBaseInvoker.InvokeDirectByRefWithFewArgs(Object obj, Span`1 copyOfArgs, BindingFlags invokeAttr)
   at System.Reflection.MethodBaseInvoker.InvokeWithFewArgs(Object obj, BindingFlags invokeAttr, Binder binder, Object[] parameters, CultureInfo culture)
   at System.Reflection.MethodBase.Invoke(Object obj, Object[] parameters)
   at BenchmarkDotNet.Autogenerated.UniqueProgramName.AfterAssemblyLoadingAttached(String[] args) in C:\Users\abcd2\OneDrive\Desktop\7-SEM-HIEU\lab_04\Benchmark\bin\Release\net8.0\be3f2b10-afc9-4a0e-b34a-ec266fe249ed\be3f2b10-afc9-4a0e-b34a-ec266fe249ed.notcs:line 57
// AfterAll
No Workload Results were obtained from the run.
// Benchmark Process 14324 has exited with code -1.

// ** Remained 1 (25,0 %) benchmark(s) to run. Estimated finish 2024-11-29 16:42 (0h 0m from now) **
Setup power plan (GUID: 8c5e7fda-e8bf-4a96-9a85-a6e23a8c635c FriendlyName: High performance)
// **************************
// Benchmark: Compare.DapperSelect: Job-MYLOAU(IterationCount=3, LaunchCount=1)
// *** Execute ***
// Launch: 1 / 1
// Execute: dotnet be3f2b10-afc9-4a0e-b34a-ec266fe249ed.dll --anonymousPipes 2112 2200 --benchmarkName Benchmark.Compare.Compare.DapperSelect --job "IterationCount=3, LaunchCount=1" --benchmarkId 3 in C:\Users\abcd2\OneDrive\Desktop\7-SEM-HIEU\lab_04\Benchmark\bin\Release\net8.0\be3f2b10-afc9-4a0e-b34a-ec266fe249ed\bin\Release\net8.0
// BeforeAnythingElse

// Benchmark Process Environment Information:
// BenchmarkDotNet v0.14.0
// Runtime=.NET 8.0.8 (8.0.824.36612), X64 RyuJIT AVX-512F+CD+BW+DQ+VL+VBMI
// GC=Concurrent Workstation
// HardwareIntrinsics=AVX-512F+CD+BW+DQ+VL+VBMI,AES,BMI1,BMI2,FMA,LZCNT,PCLMUL,POPCNT VectorSize=256
// Job: Job-GMACYJ(IterationCount=3, LaunchCount=1)

[testcontainers.org 00:00:00.22] Connected to Docker:
  Host: npipe://./pipe/docker_engine
  Server Version: 26.1.4
  Kernel Version: 5.15.153.1-microsoft-standard-WSL2
  API Version: 1.45
  Operating System: Docker Desktop
  Total Memory: 3.76 GB
  Labels: 
    com.docker.desktop.address=npipe://\\.\pipe\docker_cli
[testcontainers.org 00:00:00.49] Docker container 7cc5089c0316 created
[testcontainers.org 00:00:00.55] Start Docker container 7cc5089c0316
[testcontainers.org 00:00:01.42] Wait for Docker container 7cc5089c0316 to complete readiness checks
[testcontainers.org 00:00:01.44] Docker container 7cc5089c0316 ready
[testcontainers.org 00:00:01.63] Docker container 12549f3bc911 created
[testcontainers.org 00:00:01.65] Start Docker container 12549f3bc911
[testcontainers.org 00:00:02.98] Wait for Docker container 12549f3bc911 to complete readiness checks
[testcontainers.org 00:00:02.99] Execute "pg_isready --host localhost --dbname BENCHMARK_testdb --username postgres" at Docker container 12549f3bc911
[testcontainers.org 00:00:04.09] Execute "pg_isready --host localhost --dbname BENCHMARK_testdb --username postgres" at Docker container 12549f3bc911
[testcontainers.org 00:00:04.14] Docker container 12549f3bc911 ready
OverheadJitting  1: 1 op, 256700.00 ns, 256.7000 us/op

System.Reflection.TargetInvocationException: Exception has been thrown by the target of an invocation.
 ---> Npgsql.PostgresException (0x80004005): 42P01: relation "public.user" does not exist

POSITION: 15
   at Npgsql.Internal.NpgsqlConnector.ReadMessageLong(Boolean async, DataRowLoadingMode dataRowLoadingMode, Boolean readingNotifications, Boolean isReadingPrependedMessage)
   at System.Runtime.CompilerServices.PoolingAsyncValueTaskMethodBuilder`1.StateMachineBox`1.System.Threading.Tasks.Sources.IValueTaskSource<TResult>.GetResult(Int16 token)
   at Npgsql.NpgsqlDataReader.NextResult(Boolean async, Boolean isConsuming, CancellationToken cancellationToken)
   at Npgsql.NpgsqlDataReader.NextResult(Boolean async, Boolean isConsuming, CancellationToken cancellationToken)
   at Npgsql.NpgsqlCommand.ExecuteReader(Boolean async, CommandBehavior behavior, CancellationToken cancellationToken)
   at Npgsql.NpgsqlCommand.ExecuteReader(Boolean async, CommandBehavior behavior, CancellationToken cancellationToken)
   at Npgsql.NpgsqlCommand.ExecuteDbDataReaderAsync(CommandBehavior behavior, CancellationToken cancellationToken)
   at Dapper.SqlMapper.QueryRowAsync[T](IDbConnection cnn, Row row, Type effectiveType, CommandDefinition command) in /_/Dapper/SqlMapper.Async.cs:line 489
   at Benchmark.Repositories.Dapper.DapperUserRepository.SelectUser(String login) in C:\Users\abcd2\OneDrive\Desktop\7-SEM-HIEU\lab_04\Benchmark\Repositories\Dapper\DapperUserRepository.cs:line 42
   at Benchmark.Repositories.Dapper.DapperUserRepository.SelectUser(String login) in C:\Users\abcd2\OneDrive\Desktop\7-SEM-HIEU\lab_04\Benchmark\Repositories\Dapper\DapperUserRepository.cs:line 42
   at Benchmark.Compare.Compare.DapperSelect() in C:\Users\abcd2\OneDrive\Desktop\7-SEM-HIEU\lab_04\Benchmark\Compare\Compare.cs:line 60
   at BenchmarkDotNet.Helpers.AwaitHelper.GetResult[T](Task`1 task)
   at BenchmarkDotNet.Autogenerated.Runnable_3.<.ctor>b__3_4() in C:\Users\abcd2\OneDrive\Desktop\7-SEM-HIEU\lab_04\Benchmark\bin\Release\net8.0\be3f2b10-afc9-4a0e-b34a-ec266fe249ed\be3f2b10-afc9-4a0e-b34a-ec266fe249ed.notcs:line 782
   at BenchmarkDotNet.Autogenerated.Runnable_3.WorkloadActionNoUnroll(Int64 invokeCount) in C:\Users\abcd2\OneDrive\Desktop\7-SEM-HIEU\lab_04\Benchmark\bin\Release\net8.0\be3f2b10-afc9-4a0e-b34a-ec266fe249ed\be3f2b10-afc9-4a0e-b34a-ec266fe249ed.notcs:line 898
   at BenchmarkDotNet.Engines.Engine.Measure(Action`1 action, Int64 invokeCount)
   at BenchmarkDotNet.Engines.Engine.RunIteration(IterationData data)
   at BenchmarkDotNet.Engines.EngineFactory.Jit(Engine engine, Int32 jitIndex, Int32 invokeCount, Int32 unrollFactor)
   at BenchmarkDotNet.Engines.EngineFactory.CreateReadyToRun(EngineParameters engineParameters)
   at BenchmarkDotNet.Autogenerated.Runnable_3.Run(IHost host, String benchmarkName) in C:\Users\abcd2\OneDrive\Desktop\7-SEM-HIEU\lab_04\Benchmark\bin\Release\net8.0\be3f2b10-afc9-4a0e-b34a-ec266fe249ed\be3f2b10-afc9-4a0e-b34a-ec266fe249ed.notcs:line 761
   at System.RuntimeMethodHandle.InvokeMethod(Object target, Void** arguments, Signature sig, Boolean isConstructor)
   at System.Reflection.MethodBaseInvoker.InvokeDirectByRefWithFewArgs(Object obj, Span`1 copyOfArgs, BindingFlags invokeAttr)
  Exception data:
    Severity: ERROR
    SqlState: 42P01
    MessageText: relation "public.user" does not exist
    Position: 15
    File: parse_relation.c
    Line: 1428
    Routine: parserOpenTable
   --- End of inner exception stack trace ---
   at System.Reflection.MethodBaseInvoker.InvokeDirectByRefWithFewArgs(Object obj, Span`1 copyOfArgs, BindingFlags invokeAttr)
   at System.Reflection.MethodBaseInvoker.InvokeWithFewArgs(Object obj, BindingFlags invokeAttr, Binder binder, Object[] parameters, CultureInfo culture)
   at System.Reflection.MethodBase.Invoke(Object obj, Object[] parameters)
   at BenchmarkDotNet.Autogenerated.UniqueProgramName.AfterAssemblyLoadingAttached(String[] args) in C:\Users\abcd2\OneDrive\Desktop\7-SEM-HIEU\lab_04\Benchmark\bin\Release\net8.0\be3f2b10-afc9-4a0e-b34a-ec266fe249ed\be3f2b10-afc9-4a0e-b34a-ec266fe249ed.notcs:line 57
// AfterAll
No Workload Results were obtained from the run.
// Benchmark Process 11236 has exited with code -1.

// ** Remained 0 (0,0 %) benchmark(s) to run. Estimated finish 2024-11-29 16:42 (0h 0m from now) **
Successfully reverted power plan (GUID: 49ef8fc0-bb7f-488e-b6a0-f1fc77ec649b FriendlyName: Dell)
// ***** BenchmarkRunner: Finish  *****

// * Export *
  BenchmarkDotNet.Artifacts\results\Benchmark.Compare.Compare-report.csv
  BenchmarkDotNet.Artifacts\results\Benchmark.Compare.Compare-report-github.md
  BenchmarkDotNet.Artifacts\results\Benchmark.Compare.Compare-report.html
  BenchmarkDotNet.Artifacts\results\Benchmark.Compare.Compare-report-default.md
  BenchmarkDotNet.Artifacts\results\Benchmark.Compare.Compare-measurements.csv
RPlotExporter couldn't find Rscript.exe in your PATH and no R_HOME environment variable is defined
  BenchmarkDotNet.Artifacts\results\BuildPlots.R

// * Detailed results *
Compare.NpgslInsert: Job-MYLOAU(IterationCount=3, LaunchCount=1)
Runtime = .NET 8.0.8 (8.0.824.36612), X64 RyuJIT AVX-512F+CD+BW+DQ+VL+VBMI; GC = Concurrent Workstation
There are not any results runs

Compare.NpgslSelect: Job-MYLOAU(IterationCount=3, LaunchCount=1)
Runtime = .NET 8.0.8 (8.0.824.36612), X64 RyuJIT AVX-512F+CD+BW+DQ+VL+VBMI; GC = Concurrent Workstation
There are not any results runs

Compare.DapperInsert: Job-MYLOAU(IterationCount=3, LaunchCount=1)
Runtime = .NET 8.0.8 (8.0.824.36612), X64 RyuJIT AVX-512F+CD+BW+DQ+VL+VBMI; GC = Concurrent Workstation
There are not any results runs

Compare.DapperSelect: Job-MYLOAU(IterationCount=3, LaunchCount=1)
Runtime = .NET 8.0.8 (8.0.824.36612), X64 RyuJIT AVX-512F+CD+BW+DQ+VL+VBMI; GC = Concurrent Workstation
There are not any results runs

// * Summary *

BenchmarkDotNet v0.14.0, Windows 10 (10.0.19045.5131/22H2/2022Update)
11th Gen Intel Core i7-1165G7 2.80GHz, 1 CPU, 8 logical and 4 physical cores
.NET SDK 8.0.400
  [Host]     : .NET 8.0.8 (8.0.824.36612), X64 RyuJIT AVX-512F+CD+BW+DQ+VL+VBMI
  Job-MYLOAU : .NET 8.0.8 (8.0.824.36612), X64 RyuJIT AVX-512F+CD+BW+DQ+VL+VBMI

IterationCount=3  LaunchCount=1  

| Method       | Mean | Error |
|------------- |-----:|------:|
| NpgslInsert  |   NA |    NA |
| NpgslSelect  |   NA |    NA |
| DapperInsert |   NA |    NA |
| DapperSelect |   NA |    NA |

Benchmarks with issues:
  Compare.NpgslInsert: Job-MYLOAU(IterationCount=3, LaunchCount=1)
  Compare.NpgslSelect: Job-MYLOAU(IterationCount=3, LaunchCount=1)
  Compare.DapperInsert: Job-MYLOAU(IterationCount=3, LaunchCount=1)
  Compare.DapperSelect: Job-MYLOAU(IterationCount=3, LaunchCount=1)

// * Warnings *
Environment
  Summary -> Detected error exit code from one of the benchmarks. It might be caused by following antivirus software:
        - Windows Defender (windowsdefender://)
Use InProcessEmitToolchain or InProcessNoEmitToolchain to avoid new process creation.


// * Legends *
  Mean  : Arithmetic mean of all measurements
  Error : Half of 99.9% confidence interval
  1 ns  : 1 Nanosecond (0.000000001 sec)

// * Diagnostic Output - MemoryDiagnoser *


// ***** BenchmarkRunner: End *****
Run time: 00:00:29 (29.52 sec), executed benchmarks: 4

Global total time: 00:00:38 (38.83 sec), executed benchmarks: 4
// * Artifacts cleanup *
Artifacts cleanup is finished
