// Validating benchmarks:
// ***** BenchmarkRunner: Start   *****
// ***** Found 4 benchmark(s) in total *****
// ***** Building 1 exe(s) in Parallel: Start   *****
// start dotnet  restore /p:UseSharedCompilation=false /p:BuildInParallel=false /m:1 /p:Deterministic=true /p:Optimize=true /p:IntermediateOutputPath="C:\Users\abcd2\OneDrive\Desktop\7-SEM-HIEU\lab_04\Benchmark\bin\Release\net8.0\8ea0ebfe-c68b-426b-86bf-35a8d0b2cdcb\obj\Release\net8.0/" /p:OutDir="C:\Users\abcd2\OneDrive\Desktop\7-SEM-HIEU\lab_04\Benchmark\bin\Release\net8.0\8ea0ebfe-c68b-426b-86bf-35a8d0b2cdcb\bin\Release\net8.0/" /p:OutputPath="C:\Users\abcd2\OneDrive\Desktop\7-SEM-HIEU\lab_04\Benchmark\bin\Release\net8.0\8ea0ebfe-c68b-426b-86bf-35a8d0b2cdcb\bin\Release\net8.0/" in C:\Users\abcd2\OneDrive\Desktop\7-SEM-HIEU\lab_04\Benchmark\bin\Release\net8.0\8ea0ebfe-c68b-426b-86bf-35a8d0b2cdcb
// command took 2.25 sec and exited with 0
// start dotnet  build -c Release --no-restore /p:UseSharedCompilation=false /p:BuildInParallel=false /m:1 /p:Deterministic=true /p:Optimize=true /p:IntermediateOutputPath="C:\Users\abcd2\OneDrive\Desktop\7-SEM-HIEU\lab_04\Benchmark\bin\Release\net8.0\8ea0ebfe-c68b-426b-86bf-35a8d0b2cdcb\obj\Release\net8.0/" /p:OutDir="C:\Users\abcd2\OneDrive\Desktop\7-SEM-HIEU\lab_04\Benchmark\bin\Release\net8.0\8ea0ebfe-c68b-426b-86bf-35a8d0b2cdcb\bin\Release\net8.0/" /p:OutputPath="C:\Users\abcd2\OneDrive\Desktop\7-SEM-HIEU\lab_04\Benchmark\bin\Release\net8.0\8ea0ebfe-c68b-426b-86bf-35a8d0b2cdcb\bin\Release\net8.0/" --output "C:\Users\abcd2\OneDrive\Desktop\7-SEM-HIEU\lab_04\Benchmark\bin\Release\net8.0\8ea0ebfe-c68b-426b-86bf-35a8d0b2cdcb\bin\Release\net8.0/" in C:\Users\abcd2\OneDrive\Desktop\7-SEM-HIEU\lab_04\Benchmark\bin\Release\net8.0\8ea0ebfe-c68b-426b-86bf-35a8d0b2cdcb
// command took 5.95 sec and exited with 0
// ***** Done, took 00:00:08 (8.44 sec)   *****
// Found 4 benchmarks:
//   Compare.NpgslInsert: Job-MMUGSC(IterationCount=3, LaunchCount=1)
//   Compare.NpgslSelect: Job-MMUGSC(IterationCount=3, LaunchCount=1)
//   Compare.DapperInsert: Job-MMUGSC(IterationCount=3, LaunchCount=1)
//   Compare.DapperSelect: Job-MMUGSC(IterationCount=3, LaunchCount=1)

Setup power plan (GUID: 8c5e7fda-e8bf-4a96-9a85-a6e23a8c635c FriendlyName: High performance)
// **************************
// Benchmark: Compare.NpgslInsert: Job-MMUGSC(IterationCount=3, LaunchCount=1)
// *** Execute ***
// Launch: 1 / 1
// Execute: dotnet 8ea0ebfe-c68b-426b-86bf-35a8d0b2cdcb.dll --anonymousPipes 2264 2404 --benchmarkName Benchmark.Compare.Compare.NpgslInsert --job "IterationCount=3, LaunchCount=1" --benchmarkId 0 in C:\Users\abcd2\OneDrive\Desktop\7-SEM-HIEU\lab_04\Benchmark\bin\Release\net8.0\8ea0ebfe-c68b-426b-86bf-35a8d0b2cdcb\bin\Release\net8.0
// BeforeAnythingElse

// Benchmark Process Environment Information:
// BenchmarkDotNet v0.14.0
// Runtime=.NET 8.0.8 (8.0.824.36612), X64 RyuJIT AVX-512F+CD+BW+DQ+VL+VBMI
// GC=Concurrent Workstation
// HardwareIntrinsics=AVX-512F+CD+BW+DQ+VL+VBMI,AES,BMI1,BMI2,FMA,LZCNT,PCLMUL,POPCNT VectorSize=256
// Job: Job-XLRGMD(IterationCount=3, LaunchCount=1)

[testcontainers.org 00:00:00.45] Connected to Docker:
  Host: npipe://./pipe/docker_engine
  Server Version: 26.1.4
  Kernel Version: 5.15.153.1-microsoft-standard-WSL2
  API Version: 1.45
  Operating System: Docker Desktop
  Total Memory: 3.76 GB
  Labels: 
    com.docker.desktop.address=npipe://\\.\pipe\docker_cli
[testcontainers.org 00:00:00.73] Docker container 7ec59f17ce13 created
[testcontainers.org 00:00:00.80] Start Docker container 7ec59f17ce13
[testcontainers.org 00:00:02.88] Wait for Docker container 7ec59f17ce13 to complete readiness checks
[testcontainers.org 00:00:02.89] Docker container 7ec59f17ce13 ready
[testcontainers.org 00:00:02.98] Docker container e9a1baa3bf6c created
[testcontainers.org 00:00:03.00] Start Docker container e9a1baa3bf6c
[testcontainers.org 00:00:04.39] Wait for Docker container e9a1baa3bf6c to complete readiness checks
[testcontainers.org 00:00:04.40] Execute "pg_isready --host localhost --dbname BENCHMARK_testdb --username postgres" at Docker container e9a1baa3bf6c
[testcontainers.org 00:00:05.57] Execute "pg_isready --host localhost --dbname BENCHMARK_testdb --username postgres" at Docker container e9a1baa3bf6c
[testcontainers.org 00:00:05.63] Docker container e9a1baa3bf6c ready
OverheadJitting  1: 1 op, 179400.00 ns, 179.4000 us/op

System.Reflection.TargetInvocationException: Exception has been thrown by the target of an invocation.
 ---> Npgsql.PostgresException (0x80004005): 42P01: relation "public.user" does not exist

POSITION: 13
   at Npgsql.Internal.NpgsqlConnector.ReadMessageLong(Boolean async, DataRowLoadingMode dataRowLoadingMode, Boolean readingNotifications, Boolean isReadingPrependedMessage)
   at System.Runtime.CompilerServices.PoolingAsyncValueTaskMethodBuilder`1.StateMachineBox`1.System.Threading.Tasks.Sources.IValueTaskSource<TResult>.GetResult(Int16 token)
   at Npgsql.NpgsqlDataReader.NextResult(Boolean async, Boolean isConsuming, CancellationToken cancellationToken)
   at Npgsql.NpgsqlDataReader.NextResult(Boolean async, Boolean isConsuming, CancellationToken cancellationToken)
   at Npgsql.NpgsqlCommand.ExecuteReader(Boolean async, CommandBehavior behavior, CancellationToken cancellationToken)
   at Npgsql.NpgsqlCommand.ExecuteReader(Boolean async, CommandBehavior behavior, CancellationToken cancellationToken)
   at Npgsql.NpgsqlCommand.ExecuteNonQuery(Boolean async, CancellationToken cancellationToken)
   at Benchmark.Repositories.Npgsql.NpgsqlUserRepository.InsertUser(String login, String password, String role, String name) in C:\Users\abcd2\OneDrive\Desktop\7-SEM-HIEU\lab_04\Benchmark\Repositories\Npgsql\NpgsqlUserRepository.cs:line 31
   at Benchmark.Compare.Compare.NpgslInsert() in C:\Users\abcd2\OneDrive\Desktop\7-SEM-HIEU\lab_04\Benchmark\Compare\Compare.cs:line 37
   at BenchmarkDotNet.Helpers.AwaitHelper.GetResult(Task task)
   at BenchmarkDotNet.Autogenerated.Runnable_0.<.ctor>b__3_4() in C:\Users\abcd2\OneDrive\Desktop\7-SEM-HIEU\lab_04\Benchmark\bin\Release\net8.0\8ea0ebfe-c68b-426b-86bf-35a8d0b2cdcb\8ea0ebfe-c68b-426b-86bf-35a8d0b2cdcb.notcs:line 198
   at BenchmarkDotNet.Autogenerated.Runnable_0.WorkloadActionNoUnroll(Int64 invokeCount) in C:\Users\abcd2\OneDrive\Desktop\7-SEM-HIEU\lab_04\Benchmark\bin\Release\net8.0\8ea0ebfe-c68b-426b-86bf-35a8d0b2cdcb\8ea0ebfe-c68b-426b-86bf-35a8d0b2cdcb.notcs:line 312
   at BenchmarkDotNet.Engines.Engine.Measure(Action`1 action, Int64 invokeCount)
   at BenchmarkDotNet.Engines.Engine.RunIteration(IterationData data)
   at BenchmarkDotNet.Engines.EngineFactory.Jit(Engine engine, Int32 jitIndex, Int32 invokeCount, Int32 unrollFactor)
   at BenchmarkDotNet.Engines.EngineFactory.CreateReadyToRun(EngineParameters engineParameters)
   at BenchmarkDotNet.Autogenerated.Runnable_0.Run(IHost host, String benchmarkName) in C:\Users\abcd2\OneDrive\Desktop\7-SEM-HIEU\lab_04\Benchmark\bin\Release\net8.0\8ea0ebfe-c68b-426b-86bf-35a8d0b2cdcb\8ea0ebfe-c68b-426b-86bf-35a8d0b2cdcb.notcs:line 177
   at System.RuntimeMethodHandle.InvokeMethod(Object target, Void** arguments, Signature sig, Boolean isConstructor)
   at System.Reflection.MethodBaseInvoker.InvokeDirectByRefWithFewArgs(Object obj, Span`1 copyOfArgs, BindingFlags invokeAttr)
  Exception data:
    Severity: ERROR
    SqlState: 42P01
    MessageText: relation "public.user" does not exist
    Position: 13
    File: parse_relation.c
    Line: 1428
    Routine: parserOpenTable
   --- End of inner exception stack trace ---
   at System.Reflection.MethodBaseInvoker.InvokeDirectByRefWithFewArgs(Object obj, Span`1 copyOfArgs, BindingFlags invokeAttr)
   at System.Reflection.MethodBaseInvoker.InvokeWithFewArgs(Object obj, BindingFlags invokeAttr, Binder binder, Object[] parameters, CultureInfo culture)
   at System.Reflection.MethodBase.Invoke(Object obj, Object[] parameters)
   at BenchmarkDotNet.Autogenerated.UniqueProgramName.AfterAssemblyLoadingAttached(String[] args) in C:\Users\abcd2\OneDrive\Desktop\7-SEM-HIEU\lab_04\Benchmark\bin\Release\net8.0\8ea0ebfe-c68b-426b-86bf-35a8d0b2cdcb\8ea0ebfe-c68b-426b-86bf-35a8d0b2cdcb.notcs:line 57
// AfterAll
No Workload Results were obtained from the run.
// Benchmark Process 1728 has exited with code -1.

// ** Remained 3 (75,0 %) benchmark(s) to run. Estimated finish 2024-11-29 16:45 (0h 0m from now) **
Setup power plan (GUID: 8c5e7fda-e8bf-4a96-9a85-a6e23a8c635c FriendlyName: High performance)
// **************************
// Benchmark: Compare.NpgslSelect: Job-MMUGSC(IterationCount=3, LaunchCount=1)
// *** Execute ***
// Launch: 1 / 1
// Execute: dotnet 8ea0ebfe-c68b-426b-86bf-35a8d0b2cdcb.dll --anonymousPipes 2264 2404 --benchmarkName Benchmark.Compare.Compare.NpgslSelect --job "IterationCount=3, LaunchCount=1" --benchmarkId 1 in C:\Users\abcd2\OneDrive\Desktop\7-SEM-HIEU\lab_04\Benchmark\bin\Release\net8.0\8ea0ebfe-c68b-426b-86bf-35a8d0b2cdcb\bin\Release\net8.0
// BeforeAnythingElse

// Benchmark Process Environment Information:
// BenchmarkDotNet v0.14.0
// Runtime=.NET 8.0.8 (8.0.824.36612), X64 RyuJIT AVX-512F+CD+BW+DQ+VL+VBMI
// GC=Concurrent Workstation
// HardwareIntrinsics=AVX-512F+CD+BW+DQ+VL+VBMI,AES,BMI1,BMI2,FMA,LZCNT,PCLMUL,POPCNT VectorSize=256
// Job: Job-VNWZHP(IterationCount=3, LaunchCount=1)

[testcontainers.org 00:00:00.18] Connected to Docker:
  Host: npipe://./pipe/docker_engine
  Server Version: 26.1.4
  Kernel Version: 5.15.153.1-microsoft-standard-WSL2
  API Version: 1.45
  Operating System: Docker Desktop
  Total Memory: 3.76 GB
  Labels: 
    com.docker.desktop.address=npipe://\\.\pipe\docker_cli
[testcontainers.org 00:00:00.35] Docker container 1939f25e8fae created
[testcontainers.org 00:00:00.40] Start Docker container 1939f25e8fae
[testcontainers.org 00:00:01.76] Wait for Docker container 1939f25e8fae to complete readiness checks
[testcontainers.org 00:00:01.77] Docker container 1939f25e8fae ready
[testcontainers.org 00:00:01.87] Docker container e7f91cf617ad created
[testcontainers.org 00:00:01.89] Start Docker container e7f91cf617ad
[testcontainers.org 00:00:03.24] Wait for Docker container e7f91cf617ad to complete readiness checks
[testcontainers.org 00:00:03.26] Execute "pg_isready --host localhost --dbname BENCHMARK_testdb --username postgres" at Docker container e7f91cf617ad
[testcontainers.org 00:00:04.36] Execute "pg_isready --host localhost --dbname BENCHMARK_testdb --username postgres" at Docker container e7f91cf617ad
[testcontainers.org 00:00:04.43] Docker container e7f91cf617ad ready
OverheadJitting  1: 1 op, 287600.00 ns, 287.6000 us/op

System.Reflection.TargetInvocationException: Exception has been thrown by the target of an invocation.
 ---> Npgsql.PostgresException (0x80004005): 42P01: relation "public.user" does not exist

POSITION: 15
   at Npgsql.Internal.NpgsqlConnector.ReadMessageLong(Boolean async, DataRowLoadingMode dataRowLoadingMode, Boolean readingNotifications, Boolean isReadingPrependedMessage)
   at System.Runtime.CompilerServices.PoolingAsyncValueTaskMethodBuilder`1.StateMachineBox`1.System.Threading.Tasks.Sources.IValueTaskSource<TResult>.GetResult(Int16 token)
   at Npgsql.NpgsqlDataReader.NextResult(Boolean async, Boolean isConsuming, CancellationToken cancellationToken)
   at Npgsql.NpgsqlDataReader.NextResult(Boolean async, Boolean isConsuming, CancellationToken cancellationToken)
   at Npgsql.NpgsqlCommand.ExecuteReader(Boolean async, CommandBehavior behavior, CancellationToken cancellationToken)
   at Npgsql.NpgsqlCommand.ExecuteReader(Boolean async, CommandBehavior behavior, CancellationToken cancellationToken)
   at Benchmark.Repositories.Npgsql.NpgsqlUserRepository.SelectUser(String login) in C:\Users\abcd2\OneDrive\Desktop\7-SEM-HIEU\lab_04\Benchmark\Repositories\Npgsql\NpgsqlUserRepository.cs:line 46
   at Benchmark.Compare.Compare.NpgslSelect() in C:\Users\abcd2\OneDrive\Desktop\7-SEM-HIEU\lab_04\Benchmark\Compare\Compare.cs:line 44
   at BenchmarkDotNet.Helpers.AwaitHelper.GetResult[T](Task`1 task)
   at BenchmarkDotNet.Autogenerated.Runnable_1.<.ctor>b__3_4() in C:\Users\abcd2\OneDrive\Desktop\7-SEM-HIEU\lab_04\Benchmark\bin\Release\net8.0\8ea0ebfe-c68b-426b-86bf-35a8d0b2cdcb\8ea0ebfe-c68b-426b-86bf-35a8d0b2cdcb.notcs:line 391
   at BenchmarkDotNet.Autogenerated.Runnable_1.WorkloadActionNoUnroll(Int64 invokeCount) in C:\Users\abcd2\OneDrive\Desktop\7-SEM-HIEU\lab_04\Benchmark\bin\Release\net8.0\8ea0ebfe-c68b-426b-86bf-35a8d0b2cdcb\8ea0ebfe-c68b-426b-86bf-35a8d0b2cdcb.notcs:line 507
   at BenchmarkDotNet.Engines.Engine.Measure(Action`1 action, Int64 invokeCount)
   at BenchmarkDotNet.Engines.Engine.RunIteration(IterationData data)
   at BenchmarkDotNet.Engines.EngineFactory.Jit(Engine engine, Int32 jitIndex, Int32 invokeCount, Int32 unrollFactor)
   at BenchmarkDotNet.Engines.EngineFactory.CreateReadyToRun(EngineParameters engineParameters)
   at BenchmarkDotNet.Autogenerated.Runnable_1.Run(IHost host, String benchmarkName) in C:\Users\abcd2\OneDrive\Desktop\7-SEM-HIEU\lab_04\Benchmark\bin\Release\net8.0\8ea0ebfe-c68b-426b-86bf-35a8d0b2cdcb\8ea0ebfe-c68b-426b-86bf-35a8d0b2cdcb.notcs:line 370
   at System.RuntimeMethodHandle.InvokeMethod(Object target, Void** arguments, Signature sig, Boolean isConstructor)
   at System.Reflection.MethodBaseInvoker.InvokeDirectByRefWithFewArgs(Object obj, Span`1 copyOfArgs, BindingFlags invokeAttr)
  Exception data:
    Severity: ERROR
    SqlState: 42P01
    MessageText: relation "public.user" does not exist
    Position: 15
    File: parse_relation.c
    Line: 1428
    Routine: parserOpenTable
   --- End of inner exception stack trace ---
   at System.Reflection.MethodBaseInvoker.InvokeDirectByRefWithFewArgs(Object obj, Span`1 copyOfArgs, BindingFlags invokeAttr)
   at System.Reflection.MethodBaseInvoker.InvokeWithFewArgs(Object obj, BindingFlags invokeAttr, Binder binder, Object[] parameters, CultureInfo culture)
   at System.Reflection.MethodBase.Invoke(Object obj, Object[] parameters)
   at BenchmarkDotNet.Autogenerated.UniqueProgramName.AfterAssemblyLoadingAttached(String[] args) in C:\Users\abcd2\OneDrive\Desktop\7-SEM-HIEU\lab_04\Benchmark\bin\Release\net8.0\8ea0ebfe-c68b-426b-86bf-35a8d0b2cdcb\8ea0ebfe-c68b-426b-86bf-35a8d0b2cdcb.notcs:line 57
// AfterAll
No Workload Results were obtained from the run.
// Benchmark Process 21124 has exited with code -1.

// ** Remained 2 (50,0 %) benchmark(s) to run. Estimated finish 2024-11-29 16:45 (0h 0m from now) **
Setup power plan (GUID: 8c5e7fda-e8bf-4a96-9a85-a6e23a8c635c FriendlyName: High performance)
// **************************
// Benchmark: Compare.DapperInsert: Job-MMUGSC(IterationCount=3, LaunchCount=1)
// *** Execute ***
// Launch: 1 / 1
// Execute: dotnet 8ea0ebfe-c68b-426b-86bf-35a8d0b2cdcb.dll --anonymousPipes 2268 1028 --benchmarkName Benchmark.Compare.Compare.DapperInsert --job "IterationCount=3, LaunchCount=1" --benchmarkId 2 in C:\Users\abcd2\OneDrive\Desktop\7-SEM-HIEU\lab_04\Benchmark\bin\Release\net8.0\8ea0ebfe-c68b-426b-86bf-35a8d0b2cdcb\bin\Release\net8.0
// BeforeAnythingElse

// Benchmark Process Environment Information:
// BenchmarkDotNet v0.14.0
// Runtime=.NET 8.0.8 (8.0.824.36612), X64 RyuJIT AVX-512F+CD+BW+DQ+VL+VBMI
// GC=Concurrent Workstation
// HardwareIntrinsics=AVX-512F+CD+BW+DQ+VL+VBMI,AES,BMI1,BMI2,FMA,LZCNT,PCLMUL,POPCNT VectorSize=256
// Job: Job-RHDFQY(IterationCount=3, LaunchCount=1)

[testcontainers.org 00:00:00.15] Connected to Docker:
  Host: npipe://./pipe/docker_engine
  Server Version: 26.1.4
  Kernel Version: 5.15.153.1-microsoft-standard-WSL2
  API Version: 1.45
  Operating System: Docker Desktop
  Total Memory: 3.76 GB
  Labels: 
    com.docker.desktop.address=npipe://\\.\pipe\docker_cli
[testcontainers.org 00:00:00.35] Docker container 37efe2e81ca2 created
[testcontainers.org 00:00:00.40] Start Docker container 37efe2e81ca2
[testcontainers.org 00:00:01.74] Wait for Docker container 37efe2e81ca2 to complete readiness checks
[testcontainers.org 00:00:01.75] Docker container 37efe2e81ca2 ready
[testcontainers.org 00:00:03.91] Docker container cd24ac5ce003 created
[testcontainers.org 00:00:03.92] Start Docker container cd24ac5ce003
[testcontainers.org 00:00:05.22] Wait for Docker container cd24ac5ce003 to complete readiness checks
[testcontainers.org 00:00:05.23] Execute "pg_isready --host localhost --dbname BENCHMARK_testdb --username postgres" at Docker container cd24ac5ce003
[testcontainers.org 00:00:06.33] Execute "pg_isready --host localhost --dbname BENCHMARK_testdb --username postgres" at Docker container cd24ac5ce003
[testcontainers.org 00:00:06.38] Docker container cd24ac5ce003 ready
OverheadJitting  1: 1 op, 175800.00 ns, 175.8000 us/op

System.Reflection.TargetInvocationException: Exception has been thrown by the target of an invocation.
 ---> Npgsql.PostgresException (0x80004005): 42P01: relation "public.user" does not exist

POSITION: 13
   at Npgsql.Internal.NpgsqlConnector.ReadMessageLong(Boolean async, DataRowLoadingMode dataRowLoadingMode, Boolean readingNotifications, Boolean isReadingPrependedMessage)
   at System.Runtime.CompilerServices.PoolingAsyncValueTaskMethodBuilder`1.StateMachineBox`1.System.Threading.Tasks.Sources.IValueTaskSource<TResult>.GetResult(Int16 token)
   at Npgsql.NpgsqlDataReader.NextResult(Boolean async, Boolean isConsuming, CancellationToken cancellationToken)
   at Npgsql.NpgsqlDataReader.NextResult(Boolean async, Boolean isConsuming, CancellationToken cancellationToken)
   at Npgsql.NpgsqlCommand.ExecuteReader(Boolean async, CommandBehavior behavior, CancellationToken cancellationToken)
   at Npgsql.NpgsqlCommand.ExecuteReader(Boolean async, CommandBehavior behavior, CancellationToken cancellationToken)
   at Npgsql.NpgsqlCommand.ExecuteNonQuery(Boolean async, CancellationToken cancellationToken)
   at Dapper.SqlMapper.ExecuteImplAsync(IDbConnection cnn, CommandDefinition command, Object param) in /_/Dapper/SqlMapper.Async.cs:line 662
   at Benchmark.Repositories.Dapper.DapperUserRepository.InsertUser(String login, String password, String role, String name) in C:\Users\abcd2\OneDrive\Desktop\7-SEM-HIEU\lab_04\Benchmark\Repositories\Dapper\DapperUserRepository.cs:line 23
   at Benchmark.Compare.Compare.DapperInsert() in C:\Users\abcd2\OneDrive\Desktop\7-SEM-HIEU\lab_04\Benchmark\Compare\Compare.cs:line 53
   at BenchmarkDotNet.Helpers.AwaitHelper.GetResult(Task task)
   at BenchmarkDotNet.Autogenerated.Runnable_2.<.ctor>b__3_4() in C:\Users\abcd2\OneDrive\Desktop\7-SEM-HIEU\lab_04\Benchmark\bin\Release\net8.0\8ea0ebfe-c68b-426b-86bf-35a8d0b2cdcb\8ea0ebfe-c68b-426b-86bf-35a8d0b2cdcb.notcs:line 589
   at BenchmarkDotNet.Autogenerated.Runnable_2.WorkloadActionNoUnroll(Int64 invokeCount) in C:\Users\abcd2\OneDrive\Desktop\7-SEM-HIEU\lab_04\Benchmark\bin\Release\net8.0\8ea0ebfe-c68b-426b-86bf-35a8d0b2cdcb\8ea0ebfe-c68b-426b-86bf-35a8d0b2cdcb.notcs:line 703
   at BenchmarkDotNet.Engines.Engine.Measure(Action`1 action, Int64 invokeCount)
   at BenchmarkDotNet.Engines.Engine.RunIteration(IterationData data)
   at BenchmarkDotNet.Engines.EngineFactory.Jit(Engine engine, Int32 jitIndex, Int32 invokeCount, Int32 unrollFactor)
   at BenchmarkDotNet.Engines.EngineFactory.CreateReadyToRun(EngineParameters engineParameters)
   at BenchmarkDotNet.Autogenerated.Runnable_2.Run(IHost host, String benchmarkName) in C:\Users\abcd2\OneDrive\Desktop\7-SEM-HIEU\lab_04\Benchmark\bin\Release\net8.0\8ea0ebfe-c68b-426b-86bf-35a8d0b2cdcb\8ea0ebfe-c68b-426b-86bf-35a8d0b2cdcb.notcs:line 568
   at System.RuntimeMethodHandle.InvokeMethod(Object target, Void** arguments, Signature sig, Boolean isConstructor)
   at System.Reflection.MethodBaseInvoker.InvokeDirectByRefWithFewArgs(Object obj, Span`1 copyOfArgs, BindingFlags invokeAttr)
  Exception data:
    Severity: ERROR
    SqlState: 42P01
    MessageText: relation "public.user" does not exist
    Position: 13
    File: parse_relation.c
    Line: 1428
    Routine: parserOpenTable
   --- End of inner exception stack trace ---
   at System.Reflection.MethodBaseInvoker.InvokeDirectByRefWithFewArgs(Object obj, Span`1 copyOfArgs, BindingFlags invokeAttr)
   at System.Reflection.MethodBaseInvoker.InvokeWithFewArgs(Object obj, BindingFlags invokeAttr, Binder binder, Object[] parameters, CultureInfo culture)
   at System.Reflection.MethodBase.Invoke(Object obj, Object[] parameters)
   at BenchmarkDotNet.Autogenerated.UniqueProgramName.AfterAssemblyLoadingAttached(String[] args) in C:\Users\abcd2\OneDrive\Desktop\7-SEM-HIEU\lab_04\Benchmark\bin\Release\net8.0\8ea0ebfe-c68b-426b-86bf-35a8d0b2cdcb\8ea0ebfe-c68b-426b-86bf-35a8d0b2cdcb.notcs:line 57
// AfterAll
No Workload Results were obtained from the run.
// Benchmark Process 19164 has exited with code -1.

// ** Remained 1 (25,0 %) benchmark(s) to run. Estimated finish 2024-11-29 16:45 (0h 0m from now) **
Setup power plan (GUID: 8c5e7fda-e8bf-4a96-9a85-a6e23a8c635c FriendlyName: High performance)
// **************************
// Benchmark: Compare.DapperSelect: Job-MMUGSC(IterationCount=3, LaunchCount=1)
// *** Execute ***
// Launch: 1 / 1
// Execute: dotnet 8ea0ebfe-c68b-426b-86bf-35a8d0b2cdcb.dll --anonymousPipes 1976 1972 --benchmarkName Benchmark.Compare.Compare.DapperSelect --job "IterationCount=3, LaunchCount=1" --benchmarkId 3 in C:\Users\abcd2\OneDrive\Desktop\7-SEM-HIEU\lab_04\Benchmark\bin\Release\net8.0\8ea0ebfe-c68b-426b-86bf-35a8d0b2cdcb\bin\Release\net8.0
// BeforeAnythingElse

// Benchmark Process Environment Information:
// BenchmarkDotNet v0.14.0
// Runtime=.NET 8.0.8 (8.0.824.36612), X64 RyuJIT AVX-512F+CD+BW+DQ+VL+VBMI
// GC=Concurrent Workstation
// HardwareIntrinsics=AVX-512F+CD+BW+DQ+VL+VBMI,AES,BMI1,BMI2,FMA,LZCNT,PCLMUL,POPCNT VectorSize=256
// Job: Job-KHXCTJ(IterationCount=3, LaunchCount=1)

[testcontainers.org 00:00:00.13] Connected to Docker:
  Host: npipe://./pipe/docker_engine
  Server Version: 26.1.4
  Kernel Version: 5.15.153.1-microsoft-standard-WSL2
  API Version: 1.45
  Operating System: Docker Desktop
  Total Memory: 3.76 GB
  Labels: 
    com.docker.desktop.address=npipe://\\.\pipe\docker_cli
[testcontainers.org 00:00:00.30] Docker container 64757ebb6a6c created
[testcontainers.org 00:00:00.35] Start Docker container 64757ebb6a6c
[testcontainers.org 00:00:01.65] Wait for Docker container 64757ebb6a6c to complete readiness checks
[testcontainers.org 00:00:01.66] Docker container 64757ebb6a6c ready
[testcontainers.org 00:00:01.73] Docker container 0c5787de4c20 created
[testcontainers.org 00:00:01.75] Start Docker container 0c5787de4c20
[testcontainers.org 00:00:03.13] Wait for Docker container 0c5787de4c20 to complete readiness checks
[testcontainers.org 00:00:03.14] Execute "pg_isready --host localhost --dbname BENCHMARK_testdb --username postgres" at Docker container 0c5787de4c20
[testcontainers.org 00:00:04.24] Execute "pg_isready --host localhost --dbname BENCHMARK_testdb --username postgres" at Docker container 0c5787de4c20
[testcontainers.org 00:00:04.31] Docker container 0c5787de4c20 ready
OverheadJitting  1: 1 op, 318000.00 ns, 318.0000 us/op

System.Reflection.TargetInvocationException: Exception has been thrown by the target of an invocation.
 ---> Npgsql.PostgresException (0x80004005): 42P01: relation "public.user" does not exist

POSITION: 15
   at Npgsql.Internal.NpgsqlConnector.ReadMessageLong(Boolean async, DataRowLoadingMode dataRowLoadingMode, Boolean readingNotifications, Boolean isReadingPrependedMessage)
   at System.Runtime.CompilerServices.PoolingAsyncValueTaskMethodBuilder`1.StateMachineBox`1.System.Threading.Tasks.Sources.IValueTaskSource<TResult>.GetResult(Int16 token)
   at Npgsql.NpgsqlDataReader.NextResult(Boolean async, Boolean isConsuming, CancellationToken cancellationToken)
   at Npgsql.NpgsqlDataReader.NextResult(Boolean async, Boolean isConsuming, CancellationToken cancellationToken)
   at Npgsql.NpgsqlCommand.ExecuteReader(Boolean async, CommandBehavior behavior, CancellationToken cancellationToken)
   at Npgsql.NpgsqlCommand.ExecuteReader(Boolean async, CommandBehavior behavior, CancellationToken cancellationToken)
   at Npgsql.NpgsqlCommand.ExecuteDbDataReaderAsync(CommandBehavior behavior, CancellationToken cancellationToken)
   at Dapper.SqlMapper.QueryRowAsync[T](IDbConnection cnn, Row row, Type effectiveType, CommandDefinition command) in /_/Dapper/SqlMapper.Async.cs:line 489
   at Benchmark.Repositories.Dapper.DapperUserRepository.SelectUser(String login) in C:\Users\abcd2\OneDrive\Desktop\7-SEM-HIEU\lab_04\Benchmark\Repositories\Dapper\DapperUserRepository.cs:line 42
   at Benchmark.Repositories.Dapper.DapperUserRepository.SelectUser(String login) in C:\Users\abcd2\OneDrive\Desktop\7-SEM-HIEU\lab_04\Benchmark\Repositories\Dapper\DapperUserRepository.cs:line 42
   at Benchmark.Compare.Compare.DapperSelect() in C:\Users\abcd2\OneDrive\Desktop\7-SEM-HIEU\lab_04\Benchmark\Compare\Compare.cs:line 60
   at BenchmarkDotNet.Helpers.AwaitHelper.GetResult[T](Task`1 task)
   at BenchmarkDotNet.Autogenerated.Runnable_3.<.ctor>b__3_4() in C:\Users\abcd2\OneDrive\Desktop\7-SEM-HIEU\lab_04\Benchmark\bin\Release\net8.0\8ea0ebfe-c68b-426b-86bf-35a8d0b2cdcb\8ea0ebfe-c68b-426b-86bf-35a8d0b2cdcb.notcs:line 782
   at BenchmarkDotNet.Autogenerated.Runnable_3.WorkloadActionNoUnroll(Int64 invokeCount) in C:\Users\abcd2\OneDrive\Desktop\7-SEM-HIEU\lab_04\Benchmark\bin\Release\net8.0\8ea0ebfe-c68b-426b-86bf-35a8d0b2cdcb\8ea0ebfe-c68b-426b-86bf-35a8d0b2cdcb.notcs:line 898
   at BenchmarkDotNet.Engines.Engine.Measure(Action`1 action, Int64 invokeCount)
   at BenchmarkDotNet.Engines.Engine.RunIteration(IterationData data)
   at BenchmarkDotNet.Engines.EngineFactory.Jit(Engine engine, Int32 jitIndex, Int32 invokeCount, Int32 unrollFactor)
   at BenchmarkDotNet.Engines.EngineFactory.CreateReadyToRun(EngineParameters engineParameters)
   at BenchmarkDotNet.Autogenerated.Runnable_3.Run(IHost host, String benchmarkName) in C:\Users\abcd2\OneDrive\Desktop\7-SEM-HIEU\lab_04\Benchmark\bin\Release\net8.0\8ea0ebfe-c68b-426b-86bf-35a8d0b2cdcb\8ea0ebfe-c68b-426b-86bf-35a8d0b2cdcb.notcs:line 761
   at System.RuntimeMethodHandle.InvokeMethod(Object target, Void** arguments, Signature sig, Boolean isConstructor)
   at System.Reflection.MethodBaseInvoker.InvokeDirectByRefWithFewArgs(Object obj, Span`1 copyOfArgs, BindingFlags invokeAttr)
  Exception data:
    Severity: ERROR
    SqlState: 42P01
    MessageText: relation "public.user" does not exist
    Position: 15
    File: parse_relation.c
    Line: 1428
    Routine: parserOpenTable
   --- End of inner exception stack trace ---
   at System.Reflection.MethodBaseInvoker.InvokeDirectByRefWithFewArgs(Object obj, Span`1 copyOfArgs, BindingFlags invokeAttr)
   at System.Reflection.MethodBaseInvoker.InvokeWithFewArgs(Object obj, BindingFlags invokeAttr, Binder binder, Object[] parameters, CultureInfo culture)
   at System.Reflection.MethodBase.Invoke(Object obj, Object[] parameters)
   at BenchmarkDotNet.Autogenerated.UniqueProgramName.AfterAssemblyLoadingAttached(String[] args) in C:\Users\abcd2\OneDrive\Desktop\7-SEM-HIEU\lab_04\Benchmark\bin\Release\net8.0\8ea0ebfe-c68b-426b-86bf-35a8d0b2cdcb\8ea0ebfe-c68b-426b-86bf-35a8d0b2cdcb.notcs:line 57
// AfterAll
No Workload Results were obtained from the run.
// Benchmark Process 19556 has exited with code -1.

// ** Remained 0 (0,0 %) benchmark(s) to run. Estimated finish 2024-11-29 16:45 (0h 0m from now) **
Successfully reverted power plan (GUID: 49ef8fc0-bb7f-488e-b6a0-f1fc77ec649b FriendlyName: Dell)
// ***** BenchmarkRunner: Finish  *****

// * Export *
  BenchmarkDotNet.Artifacts\results\Benchmark.Compare.Compare-report.csv
  BenchmarkDotNet.Artifacts\results\Benchmark.Compare.Compare-report-github.md
  BenchmarkDotNet.Artifacts\results\Benchmark.Compare.Compare-report.html
  BenchmarkDotNet.Artifacts\results\Benchmark.Compare.Compare-report-default.md
  BenchmarkDotNet.Artifacts\results\Benchmark.Compare.Compare-measurements.csv
RPlotExporter couldn't find Rscript.exe in your PATH and no R_HOME environment variable is defined
  BenchmarkDotNet.Artifacts\results\BuildPlots.R

// * Detailed results *
Compare.NpgslInsert: Job-MMUGSC(IterationCount=3, LaunchCount=1)
Runtime = .NET 8.0.8 (8.0.824.36612), X64 RyuJIT AVX-512F+CD+BW+DQ+VL+VBMI; GC = Concurrent Workstation
There are not any results runs

Compare.NpgslSelect: Job-MMUGSC(IterationCount=3, LaunchCount=1)
Runtime = .NET 8.0.8 (8.0.824.36612), X64 RyuJIT AVX-512F+CD+BW+DQ+VL+VBMI; GC = Concurrent Workstation
There are not any results runs

Compare.DapperInsert: Job-MMUGSC(IterationCount=3, LaunchCount=1)
Runtime = .NET 8.0.8 (8.0.824.36612), X64 RyuJIT AVX-512F+CD+BW+DQ+VL+VBMI; GC = Concurrent Workstation
There are not any results runs

Compare.DapperSelect: Job-MMUGSC(IterationCount=3, LaunchCount=1)
Runtime = .NET 8.0.8 (8.0.824.36612), X64 RyuJIT AVX-512F+CD+BW+DQ+VL+VBMI; GC = Concurrent Workstation
There are not any results runs

// * Summary *

BenchmarkDotNet v0.14.0, Windows 10 (10.0.19045.5131/22H2/2022Update)
11th Gen Intel Core i7-1165G7 2.80GHz, 1 CPU, 8 logical and 4 physical cores
.NET SDK 8.0.400
  [Host]     : .NET 8.0.8 (8.0.824.36612), X64 RyuJIT AVX-512F+CD+BW+DQ+VL+VBMI
  Job-MMUGSC : .NET 8.0.8 (8.0.824.36612), X64 RyuJIT AVX-512F+CD+BW+DQ+VL+VBMI

IterationCount=3  LaunchCount=1  

| Method       | Mean | Error |
|------------- |-----:|------:|
| NpgslInsert  |   NA |    NA |
| NpgslSelect  |   NA |    NA |
| DapperInsert |   NA |    NA |
| DapperSelect |   NA |    NA |

Benchmarks with issues:
  Compare.NpgslInsert: Job-MMUGSC(IterationCount=3, LaunchCount=1)
  Compare.NpgslSelect: Job-MMUGSC(IterationCount=3, LaunchCount=1)
  Compare.DapperInsert: Job-MMUGSC(IterationCount=3, LaunchCount=1)
  Compare.DapperSelect: Job-MMUGSC(IterationCount=3, LaunchCount=1)

// * Warnings *
Environment
  Summary -> Detected error exit code from one of the benchmarks. It might be caused by following antivirus software:
        - Windows Defender (windowsdefender://)
Use InProcessEmitToolchain or InProcessNoEmitToolchain to avoid new process creation.


// * Legends *
  Mean  : Arithmetic mean of all measurements
  Error : Half of 99.9% confidence interval
  1 ns  : 1 Nanosecond (0.000000001 sec)

// * Diagnostic Output - MemoryDiagnoser *


// ***** BenchmarkRunner: End *****
Run time: 00:00:22 (22.85 sec), executed benchmarks: 4

Global total time: 00:00:31 (31.95 sec), executed benchmarks: 4
// * Artifacts cleanup *
Artifacts cleanup is finished
