// Validating benchmarks:
// ***** BenchmarkRunner: Start   *****
// ***** Found 4 benchmark(s) in total *****
// ***** Building 1 exe(s) in Parallel: Start   *****
// start dotnet  restore /p:UseSharedCompilation=false /p:BuildInParallel=false /m:1 /p:Deterministic=true /p:Optimize=true /p:IntermediateOutputPath="C:\Users\abcd2\OneDrive\Desktop\7-SEM-HIEU\lab_04\Benchmark\bin\Release\net8.0\1da70bc2-24aa-4fe5-81b0-3a7928fad85e\obj\Release\net8.0/" /p:OutDir="C:\Users\abcd2\OneDrive\Desktop\7-SEM-HIEU\lab_04\Benchmark\bin\Release\net8.0\1da70bc2-24aa-4fe5-81b0-3a7928fad85e\bin\Release\net8.0/" /p:OutputPath="C:\Users\abcd2\OneDrive\Desktop\7-SEM-HIEU\lab_04\Benchmark\bin\Release\net8.0\1da70bc2-24aa-4fe5-81b0-3a7928fad85e\bin\Release\net8.0/" in C:\Users\abcd2\OneDrive\Desktop\7-SEM-HIEU\lab_04\Benchmark\bin\Release\net8.0\1da70bc2-24aa-4fe5-81b0-3a7928fad85e
// command took 1.88 sec and exited with 0
// start dotnet  build -c Release --no-restore /p:UseSharedCompilation=false /p:BuildInParallel=false /m:1 /p:Deterministic=true /p:Optimize=true /p:IntermediateOutputPath="C:\Users\abcd2\OneDrive\Desktop\7-SEM-HIEU\lab_04\Benchmark\bin\Release\net8.0\1da70bc2-24aa-4fe5-81b0-3a7928fad85e\obj\Release\net8.0/" /p:OutDir="C:\Users\abcd2\OneDrive\Desktop\7-SEM-HIEU\lab_04\Benchmark\bin\Release\net8.0\1da70bc2-24aa-4fe5-81b0-3a7928fad85e\bin\Release\net8.0/" /p:OutputPath="C:\Users\abcd2\OneDrive\Desktop\7-SEM-HIEU\lab_04\Benchmark\bin\Release\net8.0\1da70bc2-24aa-4fe5-81b0-3a7928fad85e\bin\Release\net8.0/" --output "C:\Users\abcd2\OneDrive\Desktop\7-SEM-HIEU\lab_04\Benchmark\bin\Release\net8.0\1da70bc2-24aa-4fe5-81b0-3a7928fad85e\bin\Release\net8.0/" in C:\Users\abcd2\OneDrive\Desktop\7-SEM-HIEU\lab_04\Benchmark\bin\Release\net8.0\1da70bc2-24aa-4fe5-81b0-3a7928fad85e
// command took 5.72 sec and exited with 0
// ***** Done, took 00:00:07 (7.74 sec)   *****
// Found 4 benchmarks:
//   Compare.NpgslInsert: Job-HTESIM(IterationCount=10, LaunchCount=1)
//   Compare.NpgslSelect: Job-HTESIM(IterationCount=10, LaunchCount=1)
//   Compare.DapperInsert: Job-HTESIM(IterationCount=10, LaunchCount=1)
//   Compare.DapperSelect: Job-HTESIM(IterationCount=10, LaunchCount=1)

Setup power plan (GUID: 8c5e7fda-e8bf-4a96-9a85-a6e23a8c635c FriendlyName: High performance)
// **************************
// Benchmark: Compare.NpgslInsert: Job-HTESIM(IterationCount=10, LaunchCount=1)
// *** Execute ***
// Launch: 1 / 1
// Execute: dotnet 1da70bc2-24aa-4fe5-81b0-3a7928fad85e.dll --anonymousPipes 1760 2232 --benchmarkName Benchmark.Compare.Compare.NpgslInsert --job "IterationCount=10, LaunchCount=1" --benchmarkId 0 in C:\Users\abcd2\OneDrive\Desktop\7-SEM-HIEU\lab_04\Benchmark\bin\Release\net8.0\1da70bc2-24aa-4fe5-81b0-3a7928fad85e\bin\Release\net8.0
// BeforeAnythingElse

// Benchmark Process Environment Information:
// BenchmarkDotNet v0.14.0
// Runtime=.NET 8.0.8 (8.0.824.36612), X64 RyuJIT AVX-512F+CD+BW+DQ+VL+VBMI
// GC=Concurrent Workstation
// HardwareIntrinsics=AVX-512F+CD+BW+DQ+VL+VBMI,AES,BMI1,BMI2,FMA,LZCNT,PCLMUL,POPCNT VectorSize=256
// Job: Job-GIEWFY(IterationCount=10, LaunchCount=1)

[testcontainers.org 00:00:00.73] Connected to Docker:
  Host: npipe://./pipe/docker_engine
  Server Version: 26.1.4
  Kernel Version: 5.15.153.1-microsoft-standard-WSL2
  API Version: 1.45
  Operating System: Docker Desktop
  Total Memory: 3.76 GB
  Labels: 
    com.docker.desktop.address=npipe://\\.\pipe\docker_cli
[testcontainers.org 00:00:01.05] Docker container 1336299330ce created
[testcontainers.org 00:00:01.17] Start Docker container 1336299330ce
[testcontainers.org 00:00:03.71] Wait for Docker container 1336299330ce to complete readiness checks
[testcontainers.org 00:00:03.72] Docker container 1336299330ce ready
[testcontainers.org 00:00:03.84] Docker container c2f2af7296a7 created
[testcontainers.org 00:00:03.85] Start Docker container c2f2af7296a7
[testcontainers.org 00:00:05.36] Wait for Docker container c2f2af7296a7 to complete readiness checks
[testcontainers.org 00:00:05.38] Execute "pg_isready --host localhost --dbname BENCHMARK_testdb --username postgres" at Docker container c2f2af7296a7
[testcontainers.org 00:00:06.61] Execute "pg_isready --host localhost --dbname BENCHMARK_testdb --username postgres" at Docker container c2f2af7296a7
[testcontainers.org 00:00:07.70] Execute "pg_isready --host localhost --dbname BENCHMARK_testdb --username postgres" at Docker container c2f2af7296a7
[testcontainers.org 00:00:07.76] Docker container c2f2af7296a7 ready

System.Reflection.TargetInvocationException: Exception has been thrown by the target of an invocation.
 ---> System.IO.FileNotFoundException: Could not find file 'C:\Users\abcd2\OneDrive\Desktop\7-SEM-HIEU\lab_04\Benchmark\bin\Release\net8.0\1da70bc2-24aa-4fe5-81b0-3a7928fad85e\bin\Release\net8.0\setup.sql'.
File name: 'C:\Users\abcd2\OneDrive\Desktop\7-SEM-HIEU\lab_04\Benchmark\bin\Release\net8.0\1da70bc2-24aa-4fe5-81b0-3a7928fad85e\bin\Release\net8.0\setup.sql'
   at Microsoft.Win32.SafeHandles.SafeFileHandle.CreateFile(String fullPath, FileMode mode, FileAccess access, FileShare share, FileOptions options)
   at Microsoft.Win32.SafeHandles.SafeFileHandle.Open(String fullPath, FileMode mode, FileAccess access, FileShare share, FileOptions options, Int64 preallocationSize, Nullable`1 unixCreateMode)
   at System.IO.Strategies.OSFileStreamStrategy..ctor(String path, FileMode mode, FileAccess access, FileShare share, FileOptions options, Int64 preallocationSize, Nullable`1 unixCreateMode)
   at System.IO.Strategies.FileStreamHelpers.ChooseStrategyCore(String path, FileMode mode, FileAccess access, FileShare share, FileOptions options, Int64 preallocationSize, Nullable`1 unixCreateMode)
   at System.IO.FileStream..ctor(String path, FileMode mode, FileAccess access, FileShare share, Int32 bufferSize, FileOptions options, Int64 preallocationSize)
   at System.IO.File.AsyncStreamReader(String path, Encoding encoding)
   at System.IO.File.InternalReadAllTextAsync(String path, Encoding encoding, CancellationToken cancellationToken)
   at Benchmark.Setup.DBSetup.Init() in C:\Users\abcd2\OneDrive\Desktop\7-SEM-HIEU\lab_04\Benchmark\Setup\DBSetup.cs:line 27
   at Benchmark.Compare.Compare.GlobalSetup() in C:\Users\abcd2\OneDrive\Desktop\7-SEM-HIEU\lab_04\Benchmark\Compare\Compare.cs:line 29
   at BenchmarkDotNet.Helpers.AwaitHelper.GetResult(Task task)
   at BenchmarkDotNet.Autogenerated.Runnable_0.<.ctor>b__3_0() in C:\Users\abcd2\OneDrive\Desktop\7-SEM-HIEU\lab_04\Benchmark\bin\Release\net8.0\1da70bc2-24aa-4fe5-81b0-3a7928fad85e\1da70bc2-24aa-4fe5-81b0-3a7928fad85e.notcs:line 193
   at BenchmarkDotNet.Engines.EngineFactory.CreateReadyToRun(EngineParameters engineParameters)
   at BenchmarkDotNet.Autogenerated.Runnable_0.Run(IHost host, String benchmarkName) in C:\Users\abcd2\OneDrive\Desktop\7-SEM-HIEU\lab_04\Benchmark\bin\Release\net8.0\1da70bc2-24aa-4fe5-81b0-3a7928fad85e\1da70bc2-24aa-4fe5-81b0-3a7928fad85e.notcs:line 177
   at System.RuntimeMethodHandle.InvokeMethod(Object target, Void** arguments, Signature sig, Boolean isConstructor)
   at System.Reflection.MethodBaseInvoker.InvokeDirectByRefWithFewArgs(Object obj, Span`1 copyOfArgs, BindingFlags invokeAttr)
   --- End of inner exception stack trace ---
   at System.Reflection.MethodBaseInvoker.InvokeDirectByRefWithFewArgs(Object obj, Span`1 copyOfArgs, BindingFlags invokeAttr)
   at System.Reflection.MethodBaseInvoker.InvokeWithFewArgs(Object obj, BindingFlags invokeAttr, Binder binder, Object[] parameters, CultureInfo culture)
   at System.Reflection.MethodBase.Invoke(Object obj, Object[] parameters)
   at BenchmarkDotNet.Autogenerated.UniqueProgramName.AfterAssemblyLoadingAttached(String[] args) in C:\Users\abcd2\OneDrive\Desktop\7-SEM-HIEU\lab_04\Benchmark\bin\Release\net8.0\1da70bc2-24aa-4fe5-81b0-3a7928fad85e\1da70bc2-24aa-4fe5-81b0-3a7928fad85e.notcs:line 57
// AfterAll
No Workload Results were obtained from the run.
// Benchmark Process 18112 has exited with code -1.

// ** Remained 3 (75,0 %) benchmark(s) to run. Estimated finish 2024-11-29 16:27 (0h 0m from now) **
Setup power plan (GUID: 8c5e7fda-e8bf-4a96-9a85-a6e23a8c635c FriendlyName: High performance)
// **************************
// Benchmark: Compare.NpgslSelect: Job-HTESIM(IterationCount=10, LaunchCount=1)
// *** Execute ***
// Launch: 1 / 1
// Execute: dotnet 1da70bc2-24aa-4fe5-81b0-3a7928fad85e.dll --anonymousPipes 2400 1520 --benchmarkName Benchmark.Compare.Compare.NpgslSelect --job "IterationCount=10, LaunchCount=1" --benchmarkId 1 in C:\Users\abcd2\OneDrive\Desktop\7-SEM-HIEU\lab_04\Benchmark\bin\Release\net8.0\1da70bc2-24aa-4fe5-81b0-3a7928fad85e\bin\Release\net8.0
// BeforeAnythingElse

// Benchmark Process Environment Information:
// BenchmarkDotNet v0.14.0
// Runtime=.NET 8.0.8 (8.0.824.36612), X64 RyuJIT AVX-512F+CD+BW+DQ+VL+VBMI
// GC=Concurrent Workstation
// HardwareIntrinsics=AVX-512F+CD+BW+DQ+VL+VBMI,AES,BMI1,BMI2,FMA,LZCNT,PCLMUL,POPCNT VectorSize=256
// Job: Job-DNVAJM(IterationCount=10, LaunchCount=1)

[testcontainers.org 00:00:00.16] Connected to Docker:
  Host: npipe://./pipe/docker_engine
  Server Version: 26.1.4
  Kernel Version: 5.15.153.1-microsoft-standard-WSL2
  API Version: 1.45
  Operating System: Docker Desktop
  Total Memory: 3.76 GB
  Labels: 
    com.docker.desktop.address=npipe://\\.\pipe\docker_cli
[testcontainers.org 00:00:00.35] Docker container 4acba21c23d9 created
[testcontainers.org 00:00:00.41] Start Docker container 4acba21c23d9
[testcontainers.org 00:00:00.79] Wait for Docker container 4acba21c23d9 to complete readiness checks
[testcontainers.org 00:00:00.80] Docker container 4acba21c23d9 ready
[testcontainers.org 00:00:00.89] Docker container 4cf0fb935474 created
[testcontainers.org 00:00:00.90] Start Docker container 4cf0fb935474
[testcontainers.org 00:00:02.38] Wait for Docker container 4cf0fb935474 to complete readiness checks
[testcontainers.org 00:00:02.40] Execute "pg_isready --host localhost --dbname BENCHMARK_testdb --username postgres" at Docker container 4cf0fb935474
[testcontainers.org 00:00:03.61] Execute "pg_isready --host localhost --dbname BENCHMARK_testdb --username postgres" at Docker container 4cf0fb935474
[testcontainers.org 00:00:03.77] Docker container 4cf0fb935474 ready

System.Reflection.TargetInvocationException: Exception has been thrown by the target of an invocation.
 ---> System.IO.FileNotFoundException: Could not find file 'C:\Users\abcd2\OneDrive\Desktop\7-SEM-HIEU\lab_04\Benchmark\bin\Release\net8.0\1da70bc2-24aa-4fe5-81b0-3a7928fad85e\bin\Release\net8.0\setup.sql'.
File name: 'C:\Users\abcd2\OneDrive\Desktop\7-SEM-HIEU\lab_04\Benchmark\bin\Release\net8.0\1da70bc2-24aa-4fe5-81b0-3a7928fad85e\bin\Release\net8.0\setup.sql'
   at Microsoft.Win32.SafeHandles.SafeFileHandle.CreateFile(String fullPath, FileMode mode, FileAccess access, FileShare share, FileOptions options)
   at Microsoft.Win32.SafeHandles.SafeFileHandle.Open(String fullPath, FileMode mode, FileAccess access, FileShare share, FileOptions options, Int64 preallocationSize, Nullable`1 unixCreateMode)
   at System.IO.Strategies.OSFileStreamStrategy..ctor(String path, FileMode mode, FileAccess access, FileShare share, FileOptions options, Int64 preallocationSize, Nullable`1 unixCreateMode)
   at System.IO.Strategies.FileStreamHelpers.ChooseStrategyCore(String path, FileMode mode, FileAccess access, FileShare share, FileOptions options, Int64 preallocationSize, Nullable`1 unixCreateMode)
   at System.IO.FileStream..ctor(String path, FileMode mode, FileAccess access, FileShare share, Int32 bufferSize, FileOptions options, Int64 preallocationSize)
   at System.IO.File.AsyncStreamReader(String path, Encoding encoding)
   at System.IO.File.InternalReadAllTextAsync(String path, Encoding encoding, CancellationToken cancellationToken)
   at Benchmark.Setup.DBSetup.Init() in C:\Users\abcd2\OneDrive\Desktop\7-SEM-HIEU\lab_04\Benchmark\Setup\DBSetup.cs:line 27
   at Benchmark.Compare.Compare.GlobalSetup() in C:\Users\abcd2\OneDrive\Desktop\7-SEM-HIEU\lab_04\Benchmark\Compare\Compare.cs:line 29
   at BenchmarkDotNet.Helpers.AwaitHelper.GetResult(Task task)
   at BenchmarkDotNet.Autogenerated.Runnable_1.<.ctor>b__3_0() in C:\Users\abcd2\OneDrive\Desktop\7-SEM-HIEU\lab_04\Benchmark\bin\Release\net8.0\1da70bc2-24aa-4fe5-81b0-3a7928fad85e\1da70bc2-24aa-4fe5-81b0-3a7928fad85e.notcs:line 386
   at BenchmarkDotNet.Engines.EngineFactory.CreateReadyToRun(EngineParameters engineParameters)
   at BenchmarkDotNet.Autogenerated.Runnable_1.Run(IHost host, String benchmarkName) in C:\Users\abcd2\OneDrive\Desktop\7-SEM-HIEU\lab_04\Benchmark\bin\Release\net8.0\1da70bc2-24aa-4fe5-81b0-3a7928fad85e\1da70bc2-24aa-4fe5-81b0-3a7928fad85e.notcs:line 370
   at System.RuntimeMethodHandle.InvokeMethod(Object target, Void** arguments, Signature sig, Boolean isConstructor)
   at System.Reflection.MethodBaseInvoker.InvokeDirectByRefWithFewArgs(Object obj, Span`1 copyOfArgs, BindingFlags invokeAttr)
   --- End of inner exception stack trace ---
   at System.Reflection.MethodBaseInvoker.InvokeDirectByRefWithFewArgs(Object obj, Span`1 copyOfArgs, BindingFlags invokeAttr)
   at System.Reflection.MethodBaseInvoker.InvokeWithFewArgs(Object obj, BindingFlags invokeAttr, Binder binder, Object[] parameters, CultureInfo culture)
   at System.Reflection.MethodBase.Invoke(Object obj, Object[] parameters)
   at BenchmarkDotNet.Autogenerated.UniqueProgramName.AfterAssemblyLoadingAttached(String[] args) in C:\Users\abcd2\OneDrive\Desktop\7-SEM-HIEU\lab_04\Benchmark\bin\Release\net8.0\1da70bc2-24aa-4fe5-81b0-3a7928fad85e\1da70bc2-24aa-4fe5-81b0-3a7928fad85e.notcs:line 57
// AfterAll
No Workload Results were obtained from the run.
// Benchmark Process 7680 has exited with code -1.

// ** Remained 2 (50,0 %) benchmark(s) to run. Estimated finish 2024-11-29 16:27 (0h 0m from now) **
Setup power plan (GUID: 8c5e7fda-e8bf-4a96-9a85-a6e23a8c635c FriendlyName: High performance)
// **************************
// Benchmark: Compare.DapperInsert: Job-HTESIM(IterationCount=10, LaunchCount=1)
// *** Execute ***
// Launch: 1 / 1
// Execute: dotnet 1da70bc2-24aa-4fe5-81b0-3a7928fad85e.dll --anonymousPipes 2156 2160 --benchmarkName Benchmark.Compare.Compare.DapperInsert --job "IterationCount=10, LaunchCount=1" --benchmarkId 2 in C:\Users\abcd2\OneDrive\Desktop\7-SEM-HIEU\lab_04\Benchmark\bin\Release\net8.0\1da70bc2-24aa-4fe5-81b0-3a7928fad85e\bin\Release\net8.0
// BeforeAnythingElse

// Benchmark Process Environment Information:
// BenchmarkDotNet v0.14.0
// Runtime=.NET 8.0.8 (8.0.824.36612), X64 RyuJIT AVX-512F+CD+BW+DQ+VL+VBMI
// GC=Concurrent Workstation
// HardwareIntrinsics=AVX-512F+CD+BW+DQ+VL+VBMI,AES,BMI1,BMI2,FMA,LZCNT,PCLMUL,POPCNT VectorSize=256
// Job: Job-SITCAS(IterationCount=10, LaunchCount=1)

[testcontainers.org 00:00:00.18] Connected to Docker:
  Host: npipe://./pipe/docker_engine
  Server Version: 26.1.4
  Kernel Version: 5.15.153.1-microsoft-standard-WSL2
  API Version: 1.45
  Operating System: Docker Desktop
  Total Memory: 3.76 GB
  Labels: 
    com.docker.desktop.address=npipe://\\.\pipe\docker_cli
[testcontainers.org 00:00:00.38] Docker container 3782e85bb2dd created
[testcontainers.org 00:00:00.45] Start Docker container 3782e85bb2dd
[testcontainers.org 00:00:01.90] Wait for Docker container 3782e85bb2dd to complete readiness checks
[testcontainers.org 00:00:01.91] Docker container 3782e85bb2dd ready
[testcontainers.org 00:00:01.98] Docker container 8faf8cc8e7a0 created
[testcontainers.org 00:00:02.04] Start Docker container 8faf8cc8e7a0
[testcontainers.org 00:00:03.39] Wait for Docker container 8faf8cc8e7a0 to complete readiness checks
[testcontainers.org 00:00:03.40] Execute "pg_isready --host localhost --dbname BENCHMARK_testdb --username postgres" at Docker container 8faf8cc8e7a0
[testcontainers.org 00:00:04.50] Execute "pg_isready --host localhost --dbname BENCHMARK_testdb --username postgres" at Docker container 8faf8cc8e7a0
[testcontainers.org 00:00:04.56] Docker container 8faf8cc8e7a0 ready

System.Reflection.TargetInvocationException: Exception has been thrown by the target of an invocation.
 ---> System.IO.FileNotFoundException: Could not find file 'C:\Users\abcd2\OneDrive\Desktop\7-SEM-HIEU\lab_04\Benchmark\bin\Release\net8.0\1da70bc2-24aa-4fe5-81b0-3a7928fad85e\bin\Release\net8.0\setup.sql'.
File name: 'C:\Users\abcd2\OneDrive\Desktop\7-SEM-HIEU\lab_04\Benchmark\bin\Release\net8.0\1da70bc2-24aa-4fe5-81b0-3a7928fad85e\bin\Release\net8.0\setup.sql'
   at Microsoft.Win32.SafeHandles.SafeFileHandle.CreateFile(String fullPath, FileMode mode, FileAccess access, FileShare share, FileOptions options)
   at Microsoft.Win32.SafeHandles.SafeFileHandle.Open(String fullPath, FileMode mode, FileAccess access, FileShare share, FileOptions options, Int64 preallocationSize, Nullable`1 unixCreateMode)
   at System.IO.Strategies.OSFileStreamStrategy..ctor(String path, FileMode mode, FileAccess access, FileShare share, FileOptions options, Int64 preallocationSize, Nullable`1 unixCreateMode)
   at System.IO.Strategies.FileStreamHelpers.ChooseStrategyCore(String path, FileMode mode, FileAccess access, FileShare share, FileOptions options, Int64 preallocationSize, Nullable`1 unixCreateMode)
   at System.IO.FileStream..ctor(String path, FileMode mode, FileAccess access, FileShare share, Int32 bufferSize, FileOptions options, Int64 preallocationSize)
   at System.IO.File.AsyncStreamReader(String path, Encoding encoding)
   at System.IO.File.InternalReadAllTextAsync(String path, Encoding encoding, CancellationToken cancellationToken)
   at Benchmark.Setup.DBSetup.Init() in C:\Users\abcd2\OneDrive\Desktop\7-SEM-HIEU\lab_04\Benchmark\Setup\DBSetup.cs:line 27
   at Benchmark.Compare.Compare.GlobalSetup() in C:\Users\abcd2\OneDrive\Desktop\7-SEM-HIEU\lab_04\Benchmark\Compare\Compare.cs:line 29
   at BenchmarkDotNet.Helpers.AwaitHelper.GetResult(Task task)
   at BenchmarkDotNet.Autogenerated.Runnable_2.<.ctor>b__3_0() in C:\Users\abcd2\OneDrive\Desktop\7-SEM-HIEU\lab_04\Benchmark\bin\Release\net8.0\1da70bc2-24aa-4fe5-81b0-3a7928fad85e\1da70bc2-24aa-4fe5-81b0-3a7928fad85e.notcs:line 584
   at BenchmarkDotNet.Engines.EngineFactory.CreateReadyToRun(EngineParameters engineParameters)
   at BenchmarkDotNet.Autogenerated.Runnable_2.Run(IHost host, String benchmarkName) in C:\Users\abcd2\OneDrive\Desktop\7-SEM-HIEU\lab_04\Benchmark\bin\Release\net8.0\1da70bc2-24aa-4fe5-81b0-3a7928fad85e\1da70bc2-24aa-4fe5-81b0-3a7928fad85e.notcs:line 568
   at System.RuntimeMethodHandle.InvokeMethod(Object target, Void** arguments, Signature sig, Boolean isConstructor)
   at System.Reflection.MethodBaseInvoker.InvokeDirectByRefWithFewArgs(Object obj, Span`1 copyOfArgs, BindingFlags invokeAttr)
   --- End of inner exception stack trace ---
   at System.Reflection.MethodBaseInvoker.InvokeDirectByRefWithFewArgs(Object obj, Span`1 copyOfArgs, BindingFlags invokeAttr)
   at System.Reflection.MethodBaseInvoker.InvokeWithFewArgs(Object obj, BindingFlags invokeAttr, Binder binder, Object[] parameters, CultureInfo culture)
   at System.Reflection.MethodBase.Invoke(Object obj, Object[] parameters)
   at BenchmarkDotNet.Autogenerated.UniqueProgramName.AfterAssemblyLoadingAttached(String[] args) in C:\Users\abcd2\OneDrive\Desktop\7-SEM-HIEU\lab_04\Benchmark\bin\Release\net8.0\1da70bc2-24aa-4fe5-81b0-3a7928fad85e\1da70bc2-24aa-4fe5-81b0-3a7928fad85e.notcs:line 57
// AfterAll
No Workload Results were obtained from the run.
// Benchmark Process 23032 has exited with code -1.

// ** Remained 1 (25,0 %) benchmark(s) to run. Estimated finish 2024-11-29 16:27 (0h 0m from now) **
Setup power plan (GUID: 8c5e7fda-e8bf-4a96-9a85-a6e23a8c635c FriendlyName: High performance)
// **************************
// Benchmark: Compare.DapperSelect: Job-HTESIM(IterationCount=10, LaunchCount=1)
// *** Execute ***
// Launch: 1 / 1
// Execute: dotnet 1da70bc2-24aa-4fe5-81b0-3a7928fad85e.dll --anonymousPipes 1432 1520 --benchmarkName Benchmark.Compare.Compare.DapperSelect --job "IterationCount=10, LaunchCount=1" --benchmarkId 3 in C:\Users\abcd2\OneDrive\Desktop\7-SEM-HIEU\lab_04\Benchmark\bin\Release\net8.0\1da70bc2-24aa-4fe5-81b0-3a7928fad85e\bin\Release\net8.0
// BeforeAnythingElse

// Benchmark Process Environment Information:
// BenchmarkDotNet v0.14.0
// Runtime=.NET 8.0.8 (8.0.824.36612), X64 RyuJIT AVX-512F+CD+BW+DQ+VL+VBMI
// GC=Concurrent Workstation
// HardwareIntrinsics=AVX-512F+CD+BW+DQ+VL+VBMI,AES,BMI1,BMI2,FMA,LZCNT,PCLMUL,POPCNT VectorSize=256
// Job: Job-ZXFMAJ(IterationCount=10, LaunchCount=1)

[testcontainers.org 00:00:00.14] Connected to Docker:
  Host: npipe://./pipe/docker_engine
  Server Version: 26.1.4
  Kernel Version: 5.15.153.1-microsoft-standard-WSL2
  API Version: 1.45
  Operating System: Docker Desktop
  Total Memory: 3.76 GB
  Labels: 
    com.docker.desktop.address=npipe://\\.\pipe\docker_cli
[testcontainers.org 00:00:00.30] Docker container 9625cd7ee432 created
[testcontainers.org 00:00:00.36] Start Docker container 9625cd7ee432
[testcontainers.org 00:00:01.67] Wait for Docker container 9625cd7ee432 to complete readiness checks
[testcontainers.org 00:00:01.68] Docker container 9625cd7ee432 ready
[testcontainers.org 00:00:01.76] Docker container 72b4b1ff0ced created
[testcontainers.org 00:00:01.77] Start Docker container 72b4b1ff0ced
[testcontainers.org 00:00:03.14] Wait for Docker container 72b4b1ff0ced to complete readiness checks
[testcontainers.org 00:00:03.15] Execute "pg_isready --host localhost --dbname BENCHMARK_testdb --username postgres" at Docker container 72b4b1ff0ced
[testcontainers.org 00:00:04.26] Execute "pg_isready --host localhost --dbname BENCHMARK_testdb --username postgres" at Docker container 72b4b1ff0ced
[testcontainers.org 00:00:04.32] Docker container 72b4b1ff0ced ready

System.Reflection.TargetInvocationException: Exception has been thrown by the target of an invocation.
 ---> System.IO.FileNotFoundException: Could not find file 'C:\Users\abcd2\OneDrive\Desktop\7-SEM-HIEU\lab_04\Benchmark\bin\Release\net8.0\1da70bc2-24aa-4fe5-81b0-3a7928fad85e\bin\Release\net8.0\setup.sql'.
File name: 'C:\Users\abcd2\OneDrive\Desktop\7-SEM-HIEU\lab_04\Benchmark\bin\Release\net8.0\1da70bc2-24aa-4fe5-81b0-3a7928fad85e\bin\Release\net8.0\setup.sql'
   at Microsoft.Win32.SafeHandles.SafeFileHandle.CreateFile(String fullPath, FileMode mode, FileAccess access, FileShare share, FileOptions options)
   at Microsoft.Win32.SafeHandles.SafeFileHandle.Open(String fullPath, FileMode mode, FileAccess access, FileShare share, FileOptions options, Int64 preallocationSize, Nullable`1 unixCreateMode)
   at System.IO.Strategies.OSFileStreamStrategy..ctor(String path, FileMode mode, FileAccess access, FileShare share, FileOptions options, Int64 preallocationSize, Nullable`1 unixCreateMode)
   at System.IO.Strategies.FileStreamHelpers.ChooseStrategyCore(String path, FileMode mode, FileAccess access, FileShare share, FileOptions options, Int64 preallocationSize, Nullable`1 unixCreateMode)
   at System.IO.FileStream..ctor(String path, FileMode mode, FileAccess access, FileShare share, Int32 bufferSize, FileOptions options, Int64 preallocationSize)
   at System.IO.File.AsyncStreamReader(String path, Encoding encoding)
   at System.IO.File.InternalReadAllTextAsync(String path, Encoding encoding, CancellationToken cancellationToken)
   at Benchmark.Setup.DBSetup.Init() in C:\Users\abcd2\OneDrive\Desktop\7-SEM-HIEU\lab_04\Benchmark\Setup\DBSetup.cs:line 27
   at Benchmark.Compare.Compare.GlobalSetup() in C:\Users\abcd2\OneDrive\Desktop\7-SEM-HIEU\lab_04\Benchmark\Compare\Compare.cs:line 29
   at BenchmarkDotNet.Helpers.AwaitHelper.GetResult(Task task)
   at BenchmarkDotNet.Autogenerated.Runnable_3.<.ctor>b__3_0() in C:\Users\abcd2\OneDrive\Desktop\7-SEM-HIEU\lab_04\Benchmark\bin\Release\net8.0\1da70bc2-24aa-4fe5-81b0-3a7928fad85e\1da70bc2-24aa-4fe5-81b0-3a7928fad85e.notcs:line 777
   at BenchmarkDotNet.Engines.EngineFactory.CreateReadyToRun(EngineParameters engineParameters)
   at BenchmarkDotNet.Autogenerated.Runnable_3.Run(IHost host, String benchmarkName) in C:\Users\abcd2\OneDrive\Desktop\7-SEM-HIEU\lab_04\Benchmark\bin\Release\net8.0\1da70bc2-24aa-4fe5-81b0-3a7928fad85e\1da70bc2-24aa-4fe5-81b0-3a7928fad85e.notcs:line 761
   at System.RuntimeMethodHandle.InvokeMethod(Object target, Void** arguments, Signature sig, Boolean isConstructor)
   at System.Reflection.MethodBaseInvoker.InvokeDirectByRefWithFewArgs(Object obj, Span`1 copyOfArgs, BindingFlags invokeAttr)
   --- End of inner exception stack trace ---
   at System.Reflection.MethodBaseInvoker.InvokeDirectByRefWithFewArgs(Object obj, Span`1 copyOfArgs, BindingFlags invokeAttr)
   at System.Reflection.MethodBaseInvoker.InvokeWithFewArgs(Object obj, BindingFlags invokeAttr, Binder binder, Object[] parameters, CultureInfo culture)
   at System.Reflection.MethodBase.Invoke(Object obj, Object[] parameters)
   at BenchmarkDotNet.Autogenerated.UniqueProgramName.AfterAssemblyLoadingAttached(String[] args) in C:\Users\abcd2\OneDrive\Desktop\7-SEM-HIEU\lab_04\Benchmark\bin\Release\net8.0\1da70bc2-24aa-4fe5-81b0-3a7928fad85e\1da70bc2-24aa-4fe5-81b0-3a7928fad85e.notcs:line 57
// AfterAll
No Workload Results were obtained from the run.
// Benchmark Process 16204 has exited with code -1.

// ** Remained 0 (0,0 %) benchmark(s) to run. Estimated finish 2024-11-29 16:27 (0h 0m from now) **
Successfully reverted power plan (GUID: 49ef8fc0-bb7f-488e-b6a0-f1fc77ec649b FriendlyName: Dell)
// ***** BenchmarkRunner: Finish  *****

// * Export *
  BenchmarkDotNet.Artifacts\results\Benchmark.Compare.Compare-report.csv
  BenchmarkDotNet.Artifacts\results\Benchmark.Compare.Compare-report-github.md
  BenchmarkDotNet.Artifacts\results\Benchmark.Compare.Compare-report.html
  BenchmarkDotNet.Artifacts\results\Benchmark.Compare.Compare-report-default.md
  BenchmarkDotNet.Artifacts\results\Benchmark.Compare.Compare-measurements.csv
RPlotExporter couldn't find Rscript.exe in your PATH and no R_HOME environment variable is defined
  BenchmarkDotNet.Artifacts\results\BuildPlots.R

// * Detailed results *
Compare.NpgslInsert: Job-HTESIM(IterationCount=10, LaunchCount=1)
Runtime = .NET 8.0.8 (8.0.824.36612), X64 RyuJIT AVX-512F+CD+BW+DQ+VL+VBMI; GC = Concurrent Workstation
There are not any results runs

Compare.NpgslSelect: Job-HTESIM(IterationCount=10, LaunchCount=1)
Runtime = .NET 8.0.8 (8.0.824.36612), X64 RyuJIT AVX-512F+CD+BW+DQ+VL+VBMI; GC = Concurrent Workstation
There are not any results runs

Compare.DapperInsert: Job-HTESIM(IterationCount=10, LaunchCount=1)
Runtime = .NET 8.0.8 (8.0.824.36612), X64 RyuJIT AVX-512F+CD+BW+DQ+VL+VBMI; GC = Concurrent Workstation
There are not any results runs

Compare.DapperSelect: Job-HTESIM(IterationCount=10, LaunchCount=1)
Runtime = .NET 8.0.8 (8.0.824.36612), X64 RyuJIT AVX-512F+CD+BW+DQ+VL+VBMI; GC = Concurrent Workstation
There are not any results runs

// * Summary *

BenchmarkDotNet v0.14.0, Windows 10 (10.0.19045.5131/22H2/2022Update)
11th Gen Intel Core i7-1165G7 2.80GHz, 1 CPU, 8 logical and 4 physical cores
.NET SDK 8.0.400
  [Host]     : .NET 8.0.8 (8.0.824.36612), X64 RyuJIT AVX-512F+CD+BW+DQ+VL+VBMI
  Job-HTESIM : .NET 8.0.8 (8.0.824.36612), X64 RyuJIT AVX-512F+CD+BW+DQ+VL+VBMI

IterationCount=10  LaunchCount=1  

| Method       | Mean | Error |
|------------- |-----:|------:|
| NpgslInsert  |   NA |    NA |
| NpgslSelect  |   NA |    NA |
| DapperInsert |   NA |    NA |
| DapperSelect |   NA |    NA |

Benchmarks with issues:
  Compare.NpgslInsert: Job-HTESIM(IterationCount=10, LaunchCount=1)
  Compare.NpgslSelect: Job-HTESIM(IterationCount=10, LaunchCount=1)
  Compare.DapperInsert: Job-HTESIM(IterationCount=10, LaunchCount=1)
  Compare.DapperSelect: Job-HTESIM(IterationCount=10, LaunchCount=1)

// * Warnings *
Environment
  Summary -> Detected error exit code from one of the benchmarks. It might be caused by following antivirus software:
        - Windows Defender (windowsdefender://)
Use InProcessEmitToolchain or InProcessNoEmitToolchain to avoid new process creation.


// * Legends *
  Mean  : Arithmetic mean of all measurements
  Error : Half of 99.9% confidence interval
  1 ns  : 1 Nanosecond (0.000000001 sec)

// * Diagnostic Output - MemoryDiagnoser *


// ***** BenchmarkRunner: End *****
Run time: 00:00:22 (22.13 sec), executed benchmarks: 4

Global total time: 00:00:30 (30.26 sec), executed benchmarks: 4
// * Artifacts cleanup *
Artifacts cleanup is finished
