// Validating benchmarks:
// ***** BenchmarkRunner: Start   *****
// ***** Found 6 benchmark(s) in total *****
// ***** Building 1 exe(s) in Parallel: Start   *****
// start dotnet  restore /p:UseSharedCompilation=false /p:BuildInParallel=false /m:1 /p:Deterministic=true /p:Optimize=true /p:IntermediateOutputPath="C:\Users\abcd2\OneDrive\Desktop\7-SEM-HIEU\lab_04\Benchmark\bin\Release\net8.0\131fae62-3d45-4da8-bf9e-bb7f766e62c8\obj\Release\net8.0/" /p:OutDir="C:\Users\abcd2\OneDrive\Desktop\7-SEM-HIEU\lab_04\Benchmark\bin\Release\net8.0\131fae62-3d45-4da8-bf9e-bb7f766e62c8\bin\Release\net8.0/" /p:OutputPath="C:\Users\abcd2\OneDrive\Desktop\7-SEM-HIEU\lab_04\Benchmark\bin\Release\net8.0\131fae62-3d45-4da8-bf9e-bb7f766e62c8\bin\Release\net8.0/" in C:\Users\abcd2\OneDrive\Desktop\7-SEM-HIEU\lab_04\Benchmark\bin\Release\net8.0\131fae62-3d45-4da8-bf9e-bb7f766e62c8
// command took 3.07 sec and exited with 0
// start dotnet  build -c Release --no-restore /p:UseSharedCompilation=false /p:BuildInParallel=false /m:1 /p:Deterministic=true /p:Optimize=true /p:IntermediateOutputPath="C:\Users\abcd2\OneDrive\Desktop\7-SEM-HIEU\lab_04\Benchmark\bin\Release\net8.0\131fae62-3d45-4da8-bf9e-bb7f766e62c8\obj\Release\net8.0/" /p:OutDir="C:\Users\abcd2\OneDrive\Desktop\7-SEM-HIEU\lab_04\Benchmark\bin\Release\net8.0\131fae62-3d45-4da8-bf9e-bb7f766e62c8\bin\Release\net8.0/" /p:OutputPath="C:\Users\abcd2\OneDrive\Desktop\7-SEM-HIEU\lab_04\Benchmark\bin\Release\net8.0\131fae62-3d45-4da8-bf9e-bb7f766e62c8\bin\Release\net8.0/" --output "C:\Users\abcd2\OneDrive\Desktop\7-SEM-HIEU\lab_04\Benchmark\bin\Release\net8.0\131fae62-3d45-4da8-bf9e-bb7f766e62c8\bin\Release\net8.0/" in C:\Users\abcd2\OneDrive\Desktop\7-SEM-HIEU\lab_04\Benchmark\bin\Release\net8.0\131fae62-3d45-4da8-bf9e-bb7f766e62c8
// command took 17.29 sec and exited with 0
// ***** Done, took 00:00:20 (20.61 sec)   *****
// Found 6 benchmarks:
//   Compare.NpgslInsert: Job-FFHYUJ(IterationCount=10, LaunchCount=1)
//   Compare.NpgslSelect: Job-FFHYUJ(IterationCount=10, LaunchCount=1)
//   Compare.DapperInsert: Job-FFHYUJ(IterationCount=10, LaunchCount=1)
//   Compare.DapperSelect: Job-FFHYUJ(IterationCount=10, LaunchCount=1)
//   Compare.EfCoreSelect: Job-FFHYUJ(IterationCount=10, LaunchCount=1)
//   Compare.EfCoreInsert: Job-FFHYUJ(IterationCount=10, LaunchCount=1)

Setup power plan (GUID: 8c5e7fda-e8bf-4a96-9a85-a6e23a8c635c FriendlyName: High performance)
// **************************
// Benchmark: Compare.NpgslInsert: Job-FFHYUJ(IterationCount=10, LaunchCount=1)
// *** Execute ***
// Launch: 1 / 1
// Execute: dotnet 131fae62-3d45-4da8-bf9e-bb7f766e62c8.dll --anonymousPipes 1892 1572 --benchmarkName Benchmark.Compare.Compare.NpgslInsert --job "IterationCount=10, LaunchCount=1" --benchmarkId 0 in C:\Users\abcd2\OneDrive\Desktop\7-SEM-HIEU\lab_04\Benchmark\bin\Release\net8.0\131fae62-3d45-4da8-bf9e-bb7f766e62c8\bin\Release\net8.0
// BeforeAnythingElse

// Benchmark Process Environment Information:
// BenchmarkDotNet v0.14.0
// Runtime=.NET 8.0.8 (8.0.824.36612), X64 RyuJIT AVX-512F+CD+BW+DQ+VL+VBMI
// GC=Concurrent Workstation
// HardwareIntrinsics=AVX-512F+CD+BW+DQ+VL+VBMI,AES,BMI1,BMI2,FMA,LZCNT,PCLMUL,POPCNT VectorSize=256
// Job: Job-QYTINU(IterationCount=10, LaunchCount=1)

OverheadJitting  1: 1 op, 418000.00 ns, 418.0000 us/op

System.Reflection.TargetInvocationException: Exception has been thrown by the target of an invocation.
 ---> System.InvalidOperationException: Could not find resource 'PostgreSqlContainer'. Please create the resource by calling StartAsync(CancellationToken) or CreateAsync(CancellationToken).
   at DotNet.Testcontainers.Guard.ThrowIf[TType](ArgumentInfo`1& argument, Func`2 condition, Func`2 ifClause) in /_/src/Testcontainers/Guard.Null.cs:line 62
   at DotNet.Testcontainers.Resource.ThrowIfResourceNotFound() in /_/src/Testcontainers/Resource.cs:line 79
   at DotNet.Testcontainers.Containers.DockerContainer.GetMappedPublicPort(String containerPort) in /_/src/Testcontainers/Containers/DockerContainer.cs:line 238
   at DotNet.Testcontainers.Containers.DockerContainer.GetMappedPublicPort(Int32 containerPort) in /_/src/Testcontainers/Containers/DockerContainer.cs:line 232
   at Testcontainers.PostgreSql.PostgreSqlContainer.GetConnectionString() in /_/src/Testcontainers.PostgreSql/PostgreSqlContainer.cs:line 27
   at Benchmark.Setup.DBSetup.get_ConnectionString() in C:\Users\abcd2\OneDrive\Desktop\7-SEM-HIEU\lab_04\Benchmark\Setup\DBSetup.cs:line 19
   at Benchmark.Compare.Compare.NpgslInsert() in C:\Users\abcd2\OneDrive\Desktop\7-SEM-HIEU\lab_04\Benchmark\Compare\Compare.cs:line 36
   at BenchmarkDotNet.Autogenerated.Runnable_0.WorkloadActionNoUnroll(Int64 invokeCount) in C:\Users\abcd2\OneDrive\Desktop\7-SEM-HIEU\lab_04\Benchmark\bin\Release\net8.0\131fae62-3d45-4da8-bf9e-bb7f766e62c8\131fae62-3d45-4da8-bf9e-bb7f766e62c8.notcs:line 312
   at BenchmarkDotNet.Engines.Engine.Measure(Action`1 action, Int64 invokeCount)
   at BenchmarkDotNet.Engines.Engine.RunIteration(IterationData data)
   at BenchmarkDotNet.Engines.EngineFactory.Jit(Engine engine, Int32 jitIndex, Int32 invokeCount, Int32 unrollFactor)
   at BenchmarkDotNet.Engines.EngineFactory.CreateReadyToRun(EngineParameters engineParameters)
   at BenchmarkDotNet.Autogenerated.Runnable_0.Run(IHost host, String benchmarkName) in C:\Users\abcd2\OneDrive\Desktop\7-SEM-HIEU\lab_04\Benchmark\bin\Release\net8.0\131fae62-3d45-4da8-bf9e-bb7f766e62c8\131fae62-3d45-4da8-bf9e-bb7f766e62c8.notcs:line 177
   at System.RuntimeMethodHandle.InvokeMethod(Object target, Void** arguments, Signature sig, Boolean isConstructor)
   at System.Reflection.MethodBaseInvoker.InvokeDirectByRefWithFewArgs(Object obj, Span`1 copyOfArgs, BindingFlags invokeAttr)
   --- End of inner exception stack trace ---
   at System.Reflection.MethodBaseInvoker.InvokeDirectByRefWithFewArgs(Object obj, Span`1 copyOfArgs, BindingFlags invokeAttr)
   at System.Reflection.MethodBaseInvoker.InvokeWithFewArgs(Object obj, BindingFlags invokeAttr, Binder binder, Object[] parameters, CultureInfo culture)
   at System.Reflection.MethodBase.Invoke(Object obj, Object[] parameters)
   at BenchmarkDotNet.Autogenerated.UniqueProgramName.AfterAssemblyLoadingAttached(String[] args) in C:\Users\abcd2\OneDrive\Desktop\7-SEM-HIEU\lab_04\Benchmark\bin\Release\net8.0\131fae62-3d45-4da8-bf9e-bb7f766e62c8\131fae62-3d45-4da8-bf9e-bb7f766e62c8.notcs:line 57
// AfterAll
No Workload Results were obtained from the run.
// Benchmark Process 10848 has exited with code -1.

// ** Remained 5 (83,3 %) benchmark(s) to run. Estimated finish 2024-11-29 15:54 (0h 0m from now) **
Setup power plan (GUID: 8c5e7fda-e8bf-4a96-9a85-a6e23a8c635c FriendlyName: High performance)
// **************************
// Benchmark: Compare.NpgslSelect: Job-FFHYUJ(IterationCount=10, LaunchCount=1)
// *** Execute ***
// Launch: 1 / 1
// Execute: dotnet 131fae62-3d45-4da8-bf9e-bb7f766e62c8.dll --anonymousPipes 1576 1676 --benchmarkName Benchmark.Compare.Compare.NpgslSelect --job "IterationCount=10, LaunchCount=1" --benchmarkId 1 in C:\Users\abcd2\OneDrive\Desktop\7-SEM-HIEU\lab_04\Benchmark\bin\Release\net8.0\131fae62-3d45-4da8-bf9e-bb7f766e62c8\bin\Release\net8.0
// BeforeAnythingElse

// Benchmark Process Environment Information:
// BenchmarkDotNet v0.14.0
// Runtime=.NET 8.0.8 (8.0.824.36612), X64 RyuJIT AVX-512F+CD+BW+DQ+VL+VBMI
// GC=Concurrent Workstation
// HardwareIntrinsics=AVX-512F+CD+BW+DQ+VL+VBMI,AES,BMI1,BMI2,FMA,LZCNT,PCLMUL,POPCNT VectorSize=256
// Job: Job-HACEPV(IterationCount=10, LaunchCount=1)

OverheadJitting  1: 1 op, 379400.00 ns, 379.4000 us/op

System.Reflection.TargetInvocationException: Exception has been thrown by the target of an invocation.
 ---> System.InvalidOperationException: Could not find resource 'PostgreSqlContainer'. Please create the resource by calling StartAsync(CancellationToken) or CreateAsync(CancellationToken).
   at DotNet.Testcontainers.Guard.ThrowIf[TType](ArgumentInfo`1& argument, Func`2 condition, Func`2 ifClause) in /_/src/Testcontainers/Guard.Null.cs:line 62
   at DotNet.Testcontainers.Resource.ThrowIfResourceNotFound() in /_/src/Testcontainers/Resource.cs:line 79
   at DotNet.Testcontainers.Containers.DockerContainer.GetMappedPublicPort(String containerPort) in /_/src/Testcontainers/Containers/DockerContainer.cs:line 238
   at DotNet.Testcontainers.Containers.DockerContainer.GetMappedPublicPort(Int32 containerPort) in /_/src/Testcontainers/Containers/DockerContainer.cs:line 232
   at Testcontainers.PostgreSql.PostgreSqlContainer.GetConnectionString() in /_/src/Testcontainers.PostgreSql/PostgreSqlContainer.cs:line 27
   at Benchmark.Setup.DBSetup.get_ConnectionString() in C:\Users\abcd2\OneDrive\Desktop\7-SEM-HIEU\lab_04\Benchmark\Setup\DBSetup.cs:line 19
   at Benchmark.Compare.Compare.NpgslSelect() in C:\Users\abcd2\OneDrive\Desktop\7-SEM-HIEU\lab_04\Benchmark\Compare\Compare.cs:line 43
   at BenchmarkDotNet.Autogenerated.Runnable_1.WorkloadActionNoUnroll(Int64 invokeCount) in C:\Users\abcd2\OneDrive\Desktop\7-SEM-HIEU\lab_04\Benchmark\bin\Release\net8.0\131fae62-3d45-4da8-bf9e-bb7f766e62c8\131fae62-3d45-4da8-bf9e-bb7f766e62c8.notcs:line 507
   at BenchmarkDotNet.Engines.Engine.Measure(Action`1 action, Int64 invokeCount)
   at BenchmarkDotNet.Engines.Engine.RunIteration(IterationData data)
   at BenchmarkDotNet.Engines.EngineFactory.Jit(Engine engine, Int32 jitIndex, Int32 invokeCount, Int32 unrollFactor)
   at BenchmarkDotNet.Engines.EngineFactory.CreateReadyToRun(EngineParameters engineParameters)
   at BenchmarkDotNet.Autogenerated.Runnable_1.Run(IHost host, String benchmarkName) in C:\Users\abcd2\OneDrive\Desktop\7-SEM-HIEU\lab_04\Benchmark\bin\Release\net8.0\131fae62-3d45-4da8-bf9e-bb7f766e62c8\131fae62-3d45-4da8-bf9e-bb7f766e62c8.notcs:line 370
   at System.RuntimeMethodHandle.InvokeMethod(Object target, Void** arguments, Signature sig, Boolean isConstructor)
   at System.Reflection.MethodBaseInvoker.InvokeDirectByRefWithFewArgs(Object obj, Span`1 copyOfArgs, BindingFlags invokeAttr)
   --- End of inner exception stack trace ---
   at System.Reflection.MethodBaseInvoker.InvokeDirectByRefWithFewArgs(Object obj, Span`1 copyOfArgs, BindingFlags invokeAttr)
   at System.Reflection.MethodBaseInvoker.InvokeWithFewArgs(Object obj, BindingFlags invokeAttr, Binder binder, Object[] parameters, CultureInfo culture)
   at System.Reflection.MethodBase.Invoke(Object obj, Object[] parameters)
   at BenchmarkDotNet.Autogenerated.UniqueProgramName.AfterAssemblyLoadingAttached(String[] args) in C:\Users\abcd2\OneDrive\Desktop\7-SEM-HIEU\lab_04\Benchmark\bin\Release\net8.0\131fae62-3d45-4da8-bf9e-bb7f766e62c8\131fae62-3d45-4da8-bf9e-bb7f766e62c8.notcs:line 57
// AfterAll
No Workload Results were obtained from the run.
// Benchmark Process 10644 has exited with code -1.

// ** Remained 4 (66,7 %) benchmark(s) to run. Estimated finish 2024-11-29 15:54 (0h 0m from now) **
Setup power plan (GUID: 8c5e7fda-e8bf-4a96-9a85-a6e23a8c635c FriendlyName: High performance)
// **************************
// Benchmark: Compare.DapperInsert: Job-FFHYUJ(IterationCount=10, LaunchCount=1)
// *** Execute ***
// Launch: 1 / 1
// Execute: dotnet 131fae62-3d45-4da8-bf9e-bb7f766e62c8.dll --anonymousPipes 2388 2380 --benchmarkName Benchmark.Compare.Compare.DapperInsert --job "IterationCount=10, LaunchCount=1" --benchmarkId 2 in C:\Users\abcd2\OneDrive\Desktop\7-SEM-HIEU\lab_04\Benchmark\bin\Release\net8.0\131fae62-3d45-4da8-bf9e-bb7f766e62c8\bin\Release\net8.0
// BeforeAnythingElse

// Benchmark Process Environment Information:
// BenchmarkDotNet v0.14.0
// Runtime=.NET 8.0.8 (8.0.824.36612), X64 RyuJIT AVX-512F+CD+BW+DQ+VL+VBMI
// GC=Concurrent Workstation
// HardwareIntrinsics=AVX-512F+CD+BW+DQ+VL+VBMI,AES,BMI1,BMI2,FMA,LZCNT,PCLMUL,POPCNT VectorSize=256
// Job: Job-DUNGYU(IterationCount=10, LaunchCount=1)

OverheadJitting  1: 1 op, 265300.00 ns, 265.3000 us/op

System.Reflection.TargetInvocationException: Exception has been thrown by the target of an invocation.
 ---> System.InvalidOperationException: Could not find resource 'PostgreSqlContainer'. Please create the resource by calling StartAsync(CancellationToken) or CreateAsync(CancellationToken).
   at DotNet.Testcontainers.Guard.ThrowIf[TType](ArgumentInfo`1& argument, Func`2 condition, Func`2 ifClause) in /_/src/Testcontainers/Guard.Null.cs:line 62
   at DotNet.Testcontainers.Resource.ThrowIfResourceNotFound() in /_/src/Testcontainers/Resource.cs:line 79
   at DotNet.Testcontainers.Containers.DockerContainer.GetMappedPublicPort(String containerPort) in /_/src/Testcontainers/Containers/DockerContainer.cs:line 238
   at DotNet.Testcontainers.Containers.DockerContainer.GetMappedPublicPort(Int32 containerPort) in /_/src/Testcontainers/Containers/DockerContainer.cs:line 232
   at Testcontainers.PostgreSql.PostgreSqlContainer.GetConnectionString() in /_/src/Testcontainers.PostgreSql/PostgreSqlContainer.cs:line 27
   at Benchmark.Setup.DBSetup.get_ConnectionString() in C:\Users\abcd2\OneDrive\Desktop\7-SEM-HIEU\lab_04\Benchmark\Setup\DBSetup.cs:line 19
   at Benchmark.Compare.Compare.DapperInsert() in C:\Users\abcd2\OneDrive\Desktop\7-SEM-HIEU\lab_04\Benchmark\Compare\Compare.cs:line 52
   at BenchmarkDotNet.Autogenerated.Runnable_2.WorkloadActionNoUnroll(Int64 invokeCount) in C:\Users\abcd2\OneDrive\Desktop\7-SEM-HIEU\lab_04\Benchmark\bin\Release\net8.0\131fae62-3d45-4da8-bf9e-bb7f766e62c8\131fae62-3d45-4da8-bf9e-bb7f766e62c8.notcs:line 703
   at BenchmarkDotNet.Engines.Engine.Measure(Action`1 action, Int64 invokeCount)
   at BenchmarkDotNet.Engines.Engine.RunIteration(IterationData data)
   at BenchmarkDotNet.Engines.EngineFactory.Jit(Engine engine, Int32 jitIndex, Int32 invokeCount, Int32 unrollFactor)
   at BenchmarkDotNet.Engines.EngineFactory.CreateReadyToRun(EngineParameters engineParameters)
   at BenchmarkDotNet.Autogenerated.Runnable_2.Run(IHost host, String benchmarkName) in C:\Users\abcd2\OneDrive\Desktop\7-SEM-HIEU\lab_04\Benchmark\bin\Release\net8.0\131fae62-3d45-4da8-bf9e-bb7f766e62c8\131fae62-3d45-4da8-bf9e-bb7f766e62c8.notcs:line 568
   at System.RuntimeMethodHandle.InvokeMethod(Object target, Void** arguments, Signature sig, Boolean isConstructor)
   at System.Reflection.MethodBaseInvoker.InvokeDirectByRefWithFewArgs(Object obj, Span`1 copyOfArgs, BindingFlags invokeAttr)
   --- End of inner exception stack trace ---
   at System.Reflection.MethodBaseInvoker.InvokeDirectByRefWithFewArgs(Object obj, Span`1 copyOfArgs, BindingFlags invokeAttr)
   at System.Reflection.MethodBaseInvoker.InvokeWithFewArgs(Object obj, BindingFlags invokeAttr, Binder binder, Object[] parameters, CultureInfo culture)
   at System.Reflection.MethodBase.Invoke(Object obj, Object[] parameters)
   at BenchmarkDotNet.Autogenerated.UniqueProgramName.AfterAssemblyLoadingAttached(String[] args) in C:\Users\abcd2\OneDrive\Desktop\7-SEM-HIEU\lab_04\Benchmark\bin\Release\net8.0\131fae62-3d45-4da8-bf9e-bb7f766e62c8\131fae62-3d45-4da8-bf9e-bb7f766e62c8.notcs:line 57
// AfterAll
No Workload Results were obtained from the run.
// Benchmark Process 18296 has exited with code -1.

// ** Remained 3 (50,0 %) benchmark(s) to run. Estimated finish 2024-11-29 15:54 (0h 0m from now) **
Setup power plan (GUID: 8c5e7fda-e8bf-4a96-9a85-a6e23a8c635c FriendlyName: High performance)
// **************************
// Benchmark: Compare.DapperSelect: Job-FFHYUJ(IterationCount=10, LaunchCount=1)
// *** Execute ***
// Launch: 1 / 1
// Execute: dotnet 131fae62-3d45-4da8-bf9e-bb7f766e62c8.dll --anonymousPipes 2388 2380 --benchmarkName Benchmark.Compare.Compare.DapperSelect --job "IterationCount=10, LaunchCount=1" --benchmarkId 3 in C:\Users\abcd2\OneDrive\Desktop\7-SEM-HIEU\lab_04\Benchmark\bin\Release\net8.0\131fae62-3d45-4da8-bf9e-bb7f766e62c8\bin\Release\net8.0
// BeforeAnythingElse

// Benchmark Process Environment Information:
// BenchmarkDotNet v0.14.0
// Runtime=.NET 8.0.8 (8.0.824.36612), X64 RyuJIT AVX-512F+CD+BW+DQ+VL+VBMI
// GC=Concurrent Workstation
// HardwareIntrinsics=AVX-512F+CD+BW+DQ+VL+VBMI,AES,BMI1,BMI2,FMA,LZCNT,PCLMUL,POPCNT VectorSize=256
// Job: Job-HXCDXL(IterationCount=10, LaunchCount=1)

OverheadJitting  1: 1 op, 806500.00 ns, 806.5000 us/op

System.Reflection.TargetInvocationException: Exception has been thrown by the target of an invocation.
 ---> System.InvalidOperationException: Could not find resource 'PostgreSqlContainer'. Please create the resource by calling StartAsync(CancellationToken) or CreateAsync(CancellationToken).
   at DotNet.Testcontainers.Guard.ThrowIf[TType](ArgumentInfo`1& argument, Func`2 condition, Func`2 ifClause) in /_/src/Testcontainers/Guard.Null.cs:line 62
   at DotNet.Testcontainers.Resource.ThrowIfResourceNotFound() in /_/src/Testcontainers/Resource.cs:line 79
   at DotNet.Testcontainers.Containers.DockerContainer.GetMappedPublicPort(String containerPort) in /_/src/Testcontainers/Containers/DockerContainer.cs:line 238
   at DotNet.Testcontainers.Containers.DockerContainer.GetMappedPublicPort(Int32 containerPort) in /_/src/Testcontainers/Containers/DockerContainer.cs:line 232
   at Testcontainers.PostgreSql.PostgreSqlContainer.GetConnectionString() in /_/src/Testcontainers.PostgreSql/PostgreSqlContainer.cs:line 27
   at Benchmark.Setup.DBSetup.get_ConnectionString() in C:\Users\abcd2\OneDrive\Desktop\7-SEM-HIEU\lab_04\Benchmark\Setup\DBSetup.cs:line 19
   at Benchmark.Compare.Compare.DapperSelect() in C:\Users\abcd2\OneDrive\Desktop\7-SEM-HIEU\lab_04\Benchmark\Compare\Compare.cs:line 59
   at BenchmarkDotNet.Autogenerated.Runnable_3.WorkloadActionNoUnroll(Int64 invokeCount) in C:\Users\abcd2\OneDrive\Desktop\7-SEM-HIEU\lab_04\Benchmark\bin\Release\net8.0\131fae62-3d45-4da8-bf9e-bb7f766e62c8\131fae62-3d45-4da8-bf9e-bb7f766e62c8.notcs:line 898
   at BenchmarkDotNet.Engines.Engine.Measure(Action`1 action, Int64 invokeCount)
   at BenchmarkDotNet.Engines.Engine.RunIteration(IterationData data)
   at BenchmarkDotNet.Engines.EngineFactory.Jit(Engine engine, Int32 jitIndex, Int32 invokeCount, Int32 unrollFactor)
   at BenchmarkDotNet.Engines.EngineFactory.CreateReadyToRun(EngineParameters engineParameters)
   at BenchmarkDotNet.Autogenerated.Runnable_3.Run(IHost host, String benchmarkName) in C:\Users\abcd2\OneDrive\Desktop\7-SEM-HIEU\lab_04\Benchmark\bin\Release\net8.0\131fae62-3d45-4da8-bf9e-bb7f766e62c8\131fae62-3d45-4da8-bf9e-bb7f766e62c8.notcs:line 761
   at System.RuntimeMethodHandle.InvokeMethod(Object target, Void** arguments, Signature sig, Boolean isConstructor)
   at System.Reflection.MethodBaseInvoker.InvokeDirectByRefWithFewArgs(Object obj, Span`1 copyOfArgs, BindingFlags invokeAttr)
   --- End of inner exception stack trace ---
   at System.Reflection.MethodBaseInvoker.InvokeDirectByRefWithFewArgs(Object obj, Span`1 copyOfArgs, BindingFlags invokeAttr)
   at System.Reflection.MethodBaseInvoker.InvokeWithFewArgs(Object obj, BindingFlags invokeAttr, Binder binder, Object[] parameters, CultureInfo culture)
   at System.Reflection.MethodBase.Invoke(Object obj, Object[] parameters)
   at BenchmarkDotNet.Autogenerated.UniqueProgramName.AfterAssemblyLoadingAttached(String[] args) in C:\Users\abcd2\OneDrive\Desktop\7-SEM-HIEU\lab_04\Benchmark\bin\Release\net8.0\131fae62-3d45-4da8-bf9e-bb7f766e62c8\131fae62-3d45-4da8-bf9e-bb7f766e62c8.notcs:line 57
// AfterAll
No Workload Results were obtained from the run.
// Benchmark Process 8600 has exited with code -1.

// ** Remained 2 (33,3 %) benchmark(s) to run. Estimated finish 2024-11-29 15:54 (0h 0m from now) **
Setup power plan (GUID: 8c5e7fda-e8bf-4a96-9a85-a6e23a8c635c FriendlyName: High performance)
// **************************
// Benchmark: Compare.EfCoreSelect: Job-FFHYUJ(IterationCount=10, LaunchCount=1)
// *** Execute ***
// Launch: 1 / 1
// Execute: dotnet 131fae62-3d45-4da8-bf9e-bb7f766e62c8.dll --anonymousPipes 2220 2156 --benchmarkName Benchmark.Compare.Compare.EfCoreSelect --job "IterationCount=10, LaunchCount=1" --benchmarkId 4 in C:\Users\abcd2\OneDrive\Desktop\7-SEM-HIEU\lab_04\Benchmark\bin\Release\net8.0\131fae62-3d45-4da8-bf9e-bb7f766e62c8\bin\Release\net8.0
// BeforeAnythingElse

// Benchmark Process Environment Information:
// BenchmarkDotNet v0.14.0
// Runtime=.NET 8.0.8 (8.0.824.36612), X64 RyuJIT AVX-512F+CD+BW+DQ+VL+VBMI
// GC=Concurrent Workstation
// HardwareIntrinsics=AVX-512F+CD+BW+DQ+VL+VBMI,AES,BMI1,BMI2,FMA,LZCNT,PCLMUL,POPCNT VectorSize=256
// Job: Job-MUCSYG(IterationCount=10, LaunchCount=1)

OverheadJitting  1: 1 op, 686000.00 ns, 686.0000 us/op

System.Reflection.TargetInvocationException: Exception has been thrown by the target of an invocation.
 ---> System.InvalidOperationException: Could not find resource 'PostgreSqlContainer'. Please create the resource by calling StartAsync(CancellationToken) or CreateAsync(CancellationToken).
   at DotNet.Testcontainers.Guard.ThrowIf[TType](ArgumentInfo`1& argument, Func`2 condition, Func`2 ifClause) in /_/src/Testcontainers/Guard.Null.cs:line 62
   at DotNet.Testcontainers.Resource.ThrowIfResourceNotFound() in /_/src/Testcontainers/Resource.cs:line 79
   at DotNet.Testcontainers.Containers.DockerContainer.GetMappedPublicPort(String containerPort) in /_/src/Testcontainers/Containers/DockerContainer.cs:line 238
   at DotNet.Testcontainers.Containers.DockerContainer.GetMappedPublicPort(Int32 containerPort) in /_/src/Testcontainers/Containers/DockerContainer.cs:line 232
   at Testcontainers.PostgreSql.PostgreSqlContainer.GetConnectionString() in /_/src/Testcontainers.PostgreSql/PostgreSqlContainer.cs:line 27
   at Benchmark.Setup.DBSetup.get_ConnectionString() in C:\Users\abcd2\OneDrive\Desktop\7-SEM-HIEU\lab_04\Benchmark\Setup\DBSetup.cs:line 19
   at Benchmark.Compare.Compare.EfCoreSelect() in C:\Users\abcd2\OneDrive\Desktop\7-SEM-HIEU\lab_04\Benchmark\Compare\Compare.cs:line 69
   at BenchmarkDotNet.Autogenerated.Runnable_4.WorkloadActionNoUnroll(Int64 invokeCount) in C:\Users\abcd2\OneDrive\Desktop\7-SEM-HIEU\lab_04\Benchmark\bin\Release\net8.0\131fae62-3d45-4da8-bf9e-bb7f766e62c8\131fae62-3d45-4da8-bf9e-bb7f766e62c8.notcs:line 1096
   at BenchmarkDotNet.Engines.Engine.Measure(Action`1 action, Int64 invokeCount)
   at BenchmarkDotNet.Engines.Engine.RunIteration(IterationData data)
   at BenchmarkDotNet.Engines.EngineFactory.Jit(Engine engine, Int32 jitIndex, Int32 invokeCount, Int32 unrollFactor)
   at BenchmarkDotNet.Engines.EngineFactory.CreateReadyToRun(EngineParameters engineParameters)
   at BenchmarkDotNet.Autogenerated.Runnable_4.Run(IHost host, String benchmarkName) in C:\Users\abcd2\OneDrive\Desktop\7-SEM-HIEU\lab_04\Benchmark\bin\Release\net8.0\131fae62-3d45-4da8-bf9e-bb7f766e62c8\131fae62-3d45-4da8-bf9e-bb7f766e62c8.notcs:line 959
   at System.RuntimeMethodHandle.InvokeMethod(Object target, Void** arguments, Signature sig, Boolean isConstructor)
   at System.Reflection.MethodBaseInvoker.InvokeDirectByRefWithFewArgs(Object obj, Span`1 copyOfArgs, BindingFlags invokeAttr)
   --- End of inner exception stack trace ---
   at System.Reflection.MethodBaseInvoker.InvokeDirectByRefWithFewArgs(Object obj, Span`1 copyOfArgs, BindingFlags invokeAttr)
   at System.Reflection.MethodBaseInvoker.InvokeWithFewArgs(Object obj, BindingFlags invokeAttr, Binder binder, Object[] parameters, CultureInfo culture)
   at System.Reflection.MethodBase.Invoke(Object obj, Object[] parameters)
   at BenchmarkDotNet.Autogenerated.UniqueProgramName.AfterAssemblyLoadingAttached(String[] args) in C:\Users\abcd2\OneDrive\Desktop\7-SEM-HIEU\lab_04\Benchmark\bin\Release\net8.0\131fae62-3d45-4da8-bf9e-bb7f766e62c8\131fae62-3d45-4da8-bf9e-bb7f766e62c8.notcs:line 57
// AfterAll
No Workload Results were obtained from the run.
// Benchmark Process 23908 has exited with code -1.

// ** Remained 1 (16,7 %) benchmark(s) to run. Estimated finish 2024-11-29 15:54 (0h 0m from now) **
Setup power plan (GUID: 8c5e7fda-e8bf-4a96-9a85-a6e23a8c635c FriendlyName: High performance)
// **************************
// Benchmark: Compare.EfCoreInsert: Job-FFHYUJ(IterationCount=10, LaunchCount=1)
// *** Execute ***
// Launch: 1 / 1
// Execute: dotnet 131fae62-3d45-4da8-bf9e-bb7f766e62c8.dll --anonymousPipes 1428 1284 --benchmarkName Benchmark.Compare.Compare.EfCoreInsert --job "IterationCount=10, LaunchCount=1" --benchmarkId 5 in C:\Users\abcd2\OneDrive\Desktop\7-SEM-HIEU\lab_04\Benchmark\bin\Release\net8.0\131fae62-3d45-4da8-bf9e-bb7f766e62c8\bin\Release\net8.0
// BeforeAnythingElse

// Benchmark Process Environment Information:
// BenchmarkDotNet v0.14.0
// Runtime=.NET 8.0.8 (8.0.824.36612), X64 RyuJIT AVX-512F+CD+BW+DQ+VL+VBMI
// GC=Concurrent Workstation
// HardwareIntrinsics=AVX-512F+CD+BW+DQ+VL+VBMI,AES,BMI1,BMI2,FMA,LZCNT,PCLMUL,POPCNT VectorSize=256
// Job: Job-FDINEL(IterationCount=10, LaunchCount=1)

OverheadJitting  1: 1 op, 297400.00 ns, 297.4000 us/op

System.Reflection.TargetInvocationException: Exception has been thrown by the target of an invocation.
 ---> System.InvalidOperationException: Could not find resource 'PostgreSqlContainer'. Please create the resource by calling StartAsync(CancellationToken) or CreateAsync(CancellationToken).
   at DotNet.Testcontainers.Guard.ThrowIf[TType](ArgumentInfo`1& argument, Func`2 condition, Func`2 ifClause) in /_/src/Testcontainers/Guard.Null.cs:line 62
   at DotNet.Testcontainers.Resource.ThrowIfResourceNotFound() in /_/src/Testcontainers/Resource.cs:line 79
   at DotNet.Testcontainers.Containers.DockerContainer.GetMappedPublicPort(String containerPort) in /_/src/Testcontainers/Containers/DockerContainer.cs:line 238
   at DotNet.Testcontainers.Containers.DockerContainer.GetMappedPublicPort(Int32 containerPort) in /_/src/Testcontainers/Containers/DockerContainer.cs:line 232
   at Testcontainers.PostgreSql.PostgreSqlContainer.GetConnectionString() in /_/src/Testcontainers.PostgreSql/PostgreSqlContainer.cs:line 27
   at Benchmark.Setup.DBSetup.get_ConnectionString() in C:\Users\abcd2\OneDrive\Desktop\7-SEM-HIEU\lab_04\Benchmark\Setup\DBSetup.cs:line 19
   at Benchmark.Compare.Compare.EfCoreInsert() in C:\Users\abcd2\OneDrive\Desktop\7-SEM-HIEU\lab_04\Benchmark\Compare\Compare.cs:line 81
   at BenchmarkDotNet.Autogenerated.Runnable_5.WorkloadActionNoUnroll(Int64 invokeCount) in C:\Users\abcd2\OneDrive\Desktop\7-SEM-HIEU\lab_04\Benchmark\bin\Release\net8.0\131fae62-3d45-4da8-bf9e-bb7f766e62c8\131fae62-3d45-4da8-bf9e-bb7f766e62c8.notcs:line 1292
   at BenchmarkDotNet.Engines.Engine.Measure(Action`1 action, Int64 invokeCount)
   at BenchmarkDotNet.Engines.Engine.RunIteration(IterationData data)
   at BenchmarkDotNet.Engines.EngineFactory.Jit(Engine engine, Int32 jitIndex, Int32 invokeCount, Int32 unrollFactor)
   at BenchmarkDotNet.Engines.EngineFactory.CreateReadyToRun(EngineParameters engineParameters)
   at BenchmarkDotNet.Autogenerated.Runnable_5.Run(IHost host, String benchmarkName) in C:\Users\abcd2\OneDrive\Desktop\7-SEM-HIEU\lab_04\Benchmark\bin\Release\net8.0\131fae62-3d45-4da8-bf9e-bb7f766e62c8\131fae62-3d45-4da8-bf9e-bb7f766e62c8.notcs:line 1157
   at System.RuntimeMethodHandle.InvokeMethod(Object target, Void** arguments, Signature sig, Boolean isConstructor)
   at System.Reflection.MethodBaseInvoker.InvokeDirectByRefWithFewArgs(Object obj, Span`1 copyOfArgs, BindingFlags invokeAttr)
   --- End of inner exception stack trace ---
   at System.Reflection.MethodBaseInvoker.InvokeDirectByRefWithFewArgs(Object obj, Span`1 copyOfArgs, BindingFlags invokeAttr)
   at System.Reflection.MethodBaseInvoker.InvokeWithFewArgs(Object obj, BindingFlags invokeAttr, Binder binder, Object[] parameters, CultureInfo culture)
   at System.Reflection.MethodBase.Invoke(Object obj, Object[] parameters)
   at BenchmarkDotNet.Autogenerated.UniqueProgramName.AfterAssemblyLoadingAttached(String[] args) in C:\Users\abcd2\OneDrive\Desktop\7-SEM-HIEU\lab_04\Benchmark\bin\Release\net8.0\131fae62-3d45-4da8-bf9e-bb7f766e62c8\131fae62-3d45-4da8-bf9e-bb7f766e62c8.notcs:line 57
// AfterAll
No Workload Results were obtained from the run.
// Benchmark Process 18320 has exited with code -1.

// ** Remained 0 (0,0 %) benchmark(s) to run. Estimated finish 2024-11-29 15:54 (0h 0m from now) **
Successfully reverted power plan (GUID: 49ef8fc0-bb7f-488e-b6a0-f1fc77ec649b FriendlyName: Dell)
// ***** BenchmarkRunner: Finish  *****

// * Export *
  BenchmarkDotNet.Artifacts\results\Benchmark.Compare.Compare-report.csv
  BenchmarkDotNet.Artifacts\results\Benchmark.Compare.Compare-report-github.md
  BenchmarkDotNet.Artifacts\results\Benchmark.Compare.Compare-report.html
  BenchmarkDotNet.Artifacts\results\Benchmark.Compare.Compare-report-default.md
  BenchmarkDotNet.Artifacts\results\Benchmark.Compare.Compare-measurements.csv
RPlotExporter couldn't find Rscript.exe in your PATH and no R_HOME environment variable is defined
  BenchmarkDotNet.Artifacts\results\BuildPlots.R

// * Detailed results *
Compare.NpgslInsert: Job-FFHYUJ(IterationCount=10, LaunchCount=1)
Runtime = .NET 8.0.8 (8.0.824.36612), X64 RyuJIT AVX-512F+CD+BW+DQ+VL+VBMI; GC = Concurrent Workstation
There are not any results runs

Compare.NpgslSelect: Job-FFHYUJ(IterationCount=10, LaunchCount=1)
Runtime = .NET 8.0.8 (8.0.824.36612), X64 RyuJIT AVX-512F+CD+BW+DQ+VL+VBMI; GC = Concurrent Workstation
There are not any results runs

Compare.DapperInsert: Job-FFHYUJ(IterationCount=10, LaunchCount=1)
Runtime = .NET 8.0.8 (8.0.824.36612), X64 RyuJIT AVX-512F+CD+BW+DQ+VL+VBMI; GC = Concurrent Workstation
There are not any results runs

Compare.DapperSelect: Job-FFHYUJ(IterationCount=10, LaunchCount=1)
Runtime = .NET 8.0.8 (8.0.824.36612), X64 RyuJIT AVX-512F+CD+BW+DQ+VL+VBMI; GC = Concurrent Workstation
There are not any results runs

Compare.EfCoreSelect: Job-FFHYUJ(IterationCount=10, LaunchCount=1)
Runtime = .NET 8.0.8 (8.0.824.36612), X64 RyuJIT AVX-512F+CD+BW+DQ+VL+VBMI; GC = Concurrent Workstation
There are not any results runs

Compare.EfCoreInsert: Job-FFHYUJ(IterationCount=10, LaunchCount=1)
Runtime = .NET 8.0.8 (8.0.824.36612), X64 RyuJIT AVX-512F+CD+BW+DQ+VL+VBMI; GC = Concurrent Workstation
There are not any results runs

// * Summary *

BenchmarkDotNet v0.14.0, Windows 10 (10.0.19045.5131/22H2/2022Update)
11th Gen Intel Core i7-1165G7 2.80GHz, 1 CPU, 8 logical and 4 physical cores
.NET SDK 8.0.400
  [Host]     : .NET 8.0.8 (8.0.824.36612), X64 RyuJIT AVX-512F+CD+BW+DQ+VL+VBMI
  Job-FFHYUJ : .NET 8.0.8 (8.0.824.36612), X64 RyuJIT AVX-512F+CD+BW+DQ+VL+VBMI

IterationCount=10  LaunchCount=1  

| Method       | Mean | Error |
|------------- |-----:|------:|
| NpgslInsert  |   NA |    NA |
| NpgslSelect  |   NA |    NA |
| DapperInsert |   NA |    NA |
| DapperSelect |   NA |    NA |
| EfCoreSelect |   NA |    NA |
| EfCoreInsert |   NA |    NA |

Benchmarks with issues:
  Compare.NpgslInsert: Job-FFHYUJ(IterationCount=10, LaunchCount=1)
  Compare.NpgslSelect: Job-FFHYUJ(IterationCount=10, LaunchCount=1)
  Compare.DapperInsert: Job-FFHYUJ(IterationCount=10, LaunchCount=1)
  Compare.DapperSelect: Job-FFHYUJ(IterationCount=10, LaunchCount=1)
  Compare.EfCoreSelect: Job-FFHYUJ(IterationCount=10, LaunchCount=1)
  Compare.EfCoreInsert: Job-FFHYUJ(IterationCount=10, LaunchCount=1)

// * Warnings *
Environment
  Summary -> Detected error exit code from one of the benchmarks. It might be caused by following antivirus software:
        - Windows Defender (windowsdefender://)
Use InProcessEmitToolchain or InProcessNoEmitToolchain to avoid new process creation.


// * Legends *
  Mean  : Arithmetic mean of all measurements
  Error : Half of 99.9% confidence interval
  1 ns  : 1 Nanosecond (0.000000001 sec)

// * Diagnostic Output - MemoryDiagnoser *


// ***** BenchmarkRunner: End *****
Run time: 00:00:03 (3.99 sec), executed benchmarks: 6

Global total time: 00:00:25 (25.12 sec), executed benchmarks: 6
// * Artifacts cleanup *
Artifacts cleanup is finished
