// Validating benchmarks:
// ***** BenchmarkRunner: Start   *****
// ***** Found 6 benchmark(s) in total *****
// ***** Building 1 exe(s) in Parallel: Start   *****
// start dotnet  restore /p:UseSharedCompilation=false /p:BuildInParallel=false /m:1 /p:Deterministic=true /p:Optimize=true /p:IntermediateOutputPath="C:\Users\abcd2\OneDrive\Desktop\7-SEM-HIEU\lab_04\Benchmark\bin\Release\net8.0\d65e08e4-a781-436b-b642-788b8d24cf29\obj\Release\net8.0/" /p:OutDir="C:\Users\abcd2\OneDrive\Desktop\7-SEM-HIEU\lab_04\Benchmark\bin\Release\net8.0\d65e08e4-a781-436b-b642-788b8d24cf29\bin\Release\net8.0/" /p:OutputPath="C:\Users\abcd2\OneDrive\Desktop\7-SEM-HIEU\lab_04\Benchmark\bin\Release\net8.0\d65e08e4-a781-436b-b642-788b8d24cf29\bin\Release\net8.0/" in C:\Users\abcd2\OneDrive\Desktop\7-SEM-HIEU\lab_04\Benchmark\bin\Release\net8.0\d65e08e4-a781-436b-b642-788b8d24cf29
// command took 4.23 sec and exited with 0
// start dotnet  build -c Release --no-restore /p:UseSharedCompilation=false /p:BuildInParallel=false /m:1 /p:Deterministic=true /p:Optimize=true /p:IntermediateOutputPath="C:\Users\abcd2\OneDrive\Desktop\7-SEM-HIEU\lab_04\Benchmark\bin\Release\net8.0\d65e08e4-a781-436b-b642-788b8d24cf29\obj\Release\net8.0/" /p:OutDir="C:\Users\abcd2\OneDrive\Desktop\7-SEM-HIEU\lab_04\Benchmark\bin\Release\net8.0\d65e08e4-a781-436b-b642-788b8d24cf29\bin\Release\net8.0/" /p:OutputPath="C:\Users\abcd2\OneDrive\Desktop\7-SEM-HIEU\lab_04\Benchmark\bin\Release\net8.0\d65e08e4-a781-436b-b642-788b8d24cf29\bin\Release\net8.0/" --output "C:\Users\abcd2\OneDrive\Desktop\7-SEM-HIEU\lab_04\Benchmark\bin\Release\net8.0\d65e08e4-a781-436b-b642-788b8d24cf29\bin\Release\net8.0/" in C:\Users\abcd2\OneDrive\Desktop\7-SEM-HIEU\lab_04\Benchmark\bin\Release\net8.0\d65e08e4-a781-436b-b642-788b8d24cf29
// command took 7.73 sec and exited with 0
// ***** Done, took 00:00:12 (12.26 sec)   *****
// Found 6 benchmarks:
//   Compare.NpgslInsert: Job-JWOGHJ(IterationCount=1, LaunchCount=1)
//   Compare.NpgslSelect: Job-JWOGHJ(IterationCount=1, LaunchCount=1)
//   Compare.DapperInsert: Job-JWOGHJ(IterationCount=1, LaunchCount=1)
//   Compare.DapperSelect: Job-JWOGHJ(IterationCount=1, LaunchCount=1)
//   Compare.EfCoreSelect: Job-JWOGHJ(IterationCount=1, LaunchCount=1)
//   Compare.EfCoreInsert: Job-JWOGHJ(IterationCount=1, LaunchCount=1)

Setup power plan (GUID: 8c5e7fda-e8bf-4a96-9a85-a6e23a8c635c FriendlyName: High performance)
// **************************
// Benchmark: Compare.NpgslInsert: Job-JWOGHJ(IterationCount=1, LaunchCount=1)
// *** Execute ***
// Launch: 1 / 1
// Execute: dotnet d65e08e4-a781-436b-b642-788b8d24cf29.dll --anonymousPipes 1740 1764 --benchmarkName Benchmark.Compare.Compare.NpgslInsert --job "IterationCount=1, LaunchCount=1" --benchmarkId 0 in C:\Users\abcd2\OneDrive\Desktop\7-SEM-HIEU\lab_04\Benchmark\bin\Release\net8.0\d65e08e4-a781-436b-b642-788b8d24cf29\bin\Release\net8.0
// BeforeAnythingElse

// Benchmark Process Environment Information:
// BenchmarkDotNet v0.14.0
// Runtime=.NET 8.0.8 (8.0.824.36612), X64 RyuJIT AVX-512F+CD+BW+DQ+VL+VBMI
// GC=Concurrent Workstation
// HardwareIntrinsics=AVX-512F+CD+BW+DQ+VL+VBMI,AES,BMI1,BMI2,FMA,LZCNT,PCLMUL,POPCNT VectorSize=256
// Job: Job-ZAGEUG(IterationCount=1, LaunchCount=1)

[testcontainers.org 00:00:00.52] Connected to Docker:
  Host: npipe://./pipe/docker_engine
  Server Version: 26.1.4
  Kernel Version: 5.15.153.1-microsoft-standard-WSL2
  API Version: 1.45
  Operating System: Docker Desktop
  Total Memory: 3.76 GB
  Labels: 
    com.docker.desktop.address=npipe://\\.\pipe\docker_cli
[testcontainers.org 00:00:00.83] Docker container a01dfad3d8a2 created
[testcontainers.org 00:00:00.97] Start Docker container a01dfad3d8a2
[testcontainers.org 00:00:02.98] Wait for Docker container a01dfad3d8a2 to complete readiness checks
[testcontainers.org 00:00:02.99] Docker container a01dfad3d8a2 ready
[testcontainers.org 00:00:03.07] Docker container 212aa2510ec3 created
[testcontainers.org 00:00:03.09] Start Docker container 212aa2510ec3
[testcontainers.org 00:00:04.64] Wait for Docker container 212aa2510ec3 to complete readiness checks
[testcontainers.org 00:00:04.66] Execute "pg_isready --host localhost --dbname BENCHMARK_testdb --username postgres" at Docker container 212aa2510ec3
[testcontainers.org 00:00:05.85] Execute "pg_isready --host localhost --dbname BENCHMARK_testdb --username postgres" at Docker container 212aa2510ec3
[testcontainers.org 00:00:05.96] Docker container 212aa2510ec3 ready
OverheadJitting  1: 1 op, 229900.00 ns, 229.9000 us/op
WorkloadJitting  1: 1 op, 26827500.00 ns, 26.8275 ms/op

OverheadJitting  2: 16 op, 246100.00 ns, 15.3813 us/op
WorkloadJitting  2: 16 op, 21533000.00 ns, 1.3458 ms/op

WorkloadPilot    1: 16 op, 22709200.00 ns, 1.4193 ms/op
WorkloadPilot    2: 32 op, 32840600.00 ns, 1.0263 ms/op
WorkloadPilot    3: 64 op, 62168500.00 ns, 971.3828 us/op
WorkloadPilot    4: 128 op, 147367900.00 ns, 1.1513 ms/op
WorkloadPilot    5: 256 op, 235620100.00 ns, 920.3910 us/op
WorkloadPilot    6: 512 op, 494968600.00 ns, 966.7355 us/op
WorkloadPilot    7: 1024 op, 888068900.00 ns, 867.2548 us/op

OverheadWarmup   1: 1024 op, 5700.00 ns, 5.5664 ns/op
OverheadWarmup   2: 1024 op, 5400.00 ns, 5.2734 ns/op
OverheadWarmup   3: 1024 op, 6100.00 ns, 5.9570 ns/op
OverheadWarmup   4: 1024 op, 4200.00 ns, 4.1016 ns/op
OverheadWarmup   5: 1024 op, 4400.00 ns, 4.2969 ns/op
OverheadWarmup   6: 1024 op, 4200.00 ns, 4.1016 ns/op

OverheadActual   1: 1024 op, 4800.00 ns, 4.6875 ns/op
OverheadActual   2: 1024 op, 4400.00 ns, 4.2969 ns/op
OverheadActual   3: 1024 op, 4600.00 ns, 4.4922 ns/op
OverheadActual   4: 1024 op, 4800.00 ns, 4.6875 ns/op
OverheadActual   5: 1024 op, 7000.00 ns, 6.8359 ns/op
OverheadActual   6: 1024 op, 4400.00 ns, 4.2969 ns/op
OverheadActual   7: 1024 op, 4900.00 ns, 4.7852 ns/op
OverheadActual   8: 1024 op, 4100.00 ns, 4.0039 ns/op
OverheadActual   9: 1024 op, 4000.00 ns, 3.9063 ns/op
OverheadActual  10: 1024 op, 4700.00 ns, 4.5898 ns/op
OverheadActual  11: 1024 op, 4200.00 ns, 4.1016 ns/op
OverheadActual  12: 1024 op, 4300.00 ns, 4.1992 ns/op
OverheadActual  13: 1024 op, 4300.00 ns, 4.1992 ns/op
OverheadActual  14: 1024 op, 4700.00 ns, 4.5898 ns/op
OverheadActual  15: 1024 op, 4200.00 ns, 4.1016 ns/op
OverheadActual  16: 1024 op, 4100.00 ns, 4.0039 ns/op
OverheadActual  17: 1024 op, 8800.00 ns, 8.5938 ns/op
OverheadActual  18: 1024 op, 4600.00 ns, 4.4922 ns/op
OverheadActual  19: 1024 op, 3700.00 ns, 3.6133 ns/op
OverheadActual  20: 1024 op, 4900.00 ns, 4.7852 ns/op

WorkloadWarmup   1: 1024 op, 924942900.00 ns, 903.2646 us/op
WorkloadWarmup   2: 1024 op, 846113800.00 ns, 826.2830 us/op
WorkloadWarmup   3: 1024 op, 976266300.00 ns, 953.3851 us/op
WorkloadWarmup   4: 1024 op, 784525000.00 ns, 766.1377 us/op
WorkloadWarmup   5: 1024 op, 747645700.00 ns, 730.1228 us/op
WorkloadWarmup   6: 1024 op, 711613600.00 ns, 694.9352 us/op
WorkloadWarmup   7: 1024 op, 709608100.00 ns, 692.9767 us/op
WorkloadWarmup   8: 1024 op, 717277800.00 ns, 700.4666 us/op
WorkloadWarmup   9: 1024 op, 611052400.00 ns, 596.7309 us/op

// BeforeActualRun
WorkloadActual   1: 1024 op, 619526900.00 ns, 605.0067 us/op

// AfterActualRun
WorkloadResult   1: 1024 op, 619522400.00 ns, 605.0023 us/op
// GC:  0 0 0 4992584 1024
// Threading:  6081 3 1024

[testcontainers.org 00:00:16.88] Delete Docker container 212aa2510ec3
// AfterAll
// Benchmark Process 24216 has exited with code 0.

Mean = 605.002 μs, StdErr = 0.000 μs (0.00%), N = 1, StdDev = 0.000 μs
Min = 605.002 μs, Q1 = 605.002 μs, Median = 605.002 μs, Q3 = 605.002 μs, Max = 605.002 μs
IQR = 0.000 μs, LowerFence = 605.002 μs, UpperFence = 605.002 μs
ConfidenceInterval = [NaN μs; NaN μs] (CI 99.9%), Margin = NaN μs (NaN% of Mean)
Skewness = NaN, Kurtosis = NaN, MValue = 2

// ** Remained 5 (83,3 %) benchmark(s) to run. Estimated finish 2024-11-29 17:03 (0h 1m from now) **
Setup power plan (GUID: 8c5e7fda-e8bf-4a96-9a85-a6e23a8c635c FriendlyName: High performance)
// **************************
// Benchmark: Compare.NpgslSelect: Job-JWOGHJ(IterationCount=1, LaunchCount=1)
// *** Execute ***
// Launch: 1 / 1
// Execute: dotnet d65e08e4-a781-436b-b642-788b8d24cf29.dll --anonymousPipes 1740 1552 --benchmarkName Benchmark.Compare.Compare.NpgslSelect --job "IterationCount=1, LaunchCount=1" --benchmarkId 1 in C:\Users\abcd2\OneDrive\Desktop\7-SEM-HIEU\lab_04\Benchmark\bin\Release\net8.0\d65e08e4-a781-436b-b642-788b8d24cf29\bin\Release\net8.0
// BeforeAnythingElse

// Benchmark Process Environment Information:
// BenchmarkDotNet v0.14.0
// Runtime=.NET 8.0.8 (8.0.824.36612), X64 RyuJIT AVX-512F+CD+BW+DQ+VL+VBMI
// GC=Concurrent Workstation
// HardwareIntrinsics=AVX-512F+CD+BW+DQ+VL+VBMI,AES,BMI1,BMI2,FMA,LZCNT,PCLMUL,POPCNT VectorSize=256
// Job: Job-YMSOIA(IterationCount=1, LaunchCount=1)

[testcontainers.org 00:00:00.18] Connected to Docker:
  Host: npipe://./pipe/docker_engine
  Server Version: 26.1.4
  Kernel Version: 5.15.153.1-microsoft-standard-WSL2
  API Version: 1.45
  Operating System: Docker Desktop
  Total Memory: 3.76 GB
  Labels: 
    com.docker.desktop.address=npipe://\\.\pipe\docker_cli
[testcontainers.org 00:00:00.34] Docker container 9984e7b8b245 created
[testcontainers.org 00:00:00.38] Start Docker container 9984e7b8b245
[testcontainers.org 00:00:01.72] Wait for Docker container 9984e7b8b245 to complete readiness checks
[testcontainers.org 00:00:01.72] Docker container 9984e7b8b245 ready
[testcontainers.org 00:00:01.80] Docker container 61d6d9e9990c created
[testcontainers.org 00:00:01.81] Start Docker container 61d6d9e9990c
[testcontainers.org 00:00:03.10] Wait for Docker container 61d6d9e9990c to complete readiness checks
[testcontainers.org 00:00:03.11] Execute "pg_isready --host localhost --dbname BENCHMARK_testdb --username postgres" at Docker container 61d6d9e9990c
[testcontainers.org 00:00:04.21] Execute "pg_isready --host localhost --dbname BENCHMARK_testdb --username postgres" at Docker container 61d6d9e9990c
[testcontainers.org 00:00:04.27] Docker container 61d6d9e9990c ready
OverheadJitting  1: 1 op, 253100.00 ns, 253.1000 us/op
WorkloadJitting  1: 1 op, 7064000.00 ns, 7.0640 ms/op

OverheadJitting  2: 16 op, 450000.00 ns, 28.1250 us/op
WorkloadJitting  2: 16 op, 11281200.00 ns, 705.0750 us/op

WorkloadPilot    1: 16 op, 9058300.00 ns, 566.1438 us/op
WorkloadPilot    2: 32 op, 17825300.00 ns, 557.0406 us/op
WorkloadPilot    3: 64 op, 39465000.00 ns, 616.6406 us/op
WorkloadPilot    4: 128 op, 69527700.00 ns, 543.1852 us/op
WorkloadPilot    5: 256 op, 164032200.00 ns, 640.7508 us/op
WorkloadPilot    6: 512 op, 365612700.00 ns, 714.0873 us/op
WorkloadPilot    7: 1024 op, 649262200.00 ns, 634.0451 us/op

OverheadWarmup   1: 1024 op, 8100.00 ns, 7.9102 ns/op
OverheadWarmup   2: 1024 op, 6400.00 ns, 6.2500 ns/op
OverheadWarmup   3: 1024 op, 6200.00 ns, 6.0547 ns/op
OverheadWarmup   4: 1024 op, 6100.00 ns, 5.9570 ns/op
OverheadWarmup   5: 1024 op, 5900.00 ns, 5.7617 ns/op
OverheadWarmup   6: 1024 op, 6100.00 ns, 5.9570 ns/op
OverheadWarmup   7: 1024 op, 6200.00 ns, 6.0547 ns/op
OverheadWarmup   8: 1024 op, 6500.00 ns, 6.3477 ns/op
OverheadWarmup   9: 1024 op, 6300.00 ns, 6.1523 ns/op
OverheadWarmup  10: 1024 op, 6100.00 ns, 5.9570 ns/op

OverheadActual   1: 1024 op, 6300.00 ns, 6.1523 ns/op
OverheadActual   2: 1024 op, 8200.00 ns, 8.0078 ns/op
OverheadActual   3: 1024 op, 6400.00 ns, 6.2500 ns/op
OverheadActual   4: 1024 op, 7600.00 ns, 7.4219 ns/op
OverheadActual   5: 1024 op, 6900.00 ns, 6.7383 ns/op
OverheadActual   6: 1024 op, 6100.00 ns, 5.9570 ns/op
OverheadActual   7: 1024 op, 6100.00 ns, 5.9570 ns/op
OverheadActual   8: 1024 op, 6200.00 ns, 6.0547 ns/op
OverheadActual   9: 1024 op, 6500.00 ns, 6.3477 ns/op
OverheadActual  10: 1024 op, 6100.00 ns, 5.9570 ns/op
OverheadActual  11: 1024 op, 6100.00 ns, 5.9570 ns/op
OverheadActual  12: 1024 op, 6100.00 ns, 5.9570 ns/op
OverheadActual  13: 1024 op, 6000.00 ns, 5.8594 ns/op
OverheadActual  14: 1024 op, 5900.00 ns, 5.7617 ns/op
OverheadActual  15: 1024 op, 5600.00 ns, 5.4688 ns/op
OverheadActual  16: 1024 op, 5600.00 ns, 5.4688 ns/op
OverheadActual  17: 1024 op, 6000.00 ns, 5.8594 ns/op
OverheadActual  18: 1024 op, 5600.00 ns, 5.4688 ns/op
OverheadActual  19: 1024 op, 5600.00 ns, 5.4688 ns/op
OverheadActual  20: 1024 op, 6000.00 ns, 5.8594 ns/op

WorkloadWarmup   1: 1024 op, 593313200.00 ns, 579.4074 us/op
WorkloadWarmup   2: 1024 op, 627863800.00 ns, 613.1482 us/op
WorkloadWarmup   3: 1024 op, 663439200.00 ns, 647.8898 us/op
WorkloadWarmup   4: 1024 op, 589273000.00 ns, 575.4619 us/op
WorkloadWarmup   5: 1024 op, 553288700.00 ns, 540.3210 us/op
WorkloadWarmup   6: 1024 op, 619982300.00 ns, 605.4515 us/op
WorkloadWarmup   7: 1024 op, 687638000.00 ns, 671.5215 us/op
WorkloadWarmup   8: 1024 op, 627208400.00 ns, 612.5082 us/op

// BeforeActualRun
WorkloadActual   1: 1024 op, 648578900.00 ns, 633.3778 us/op

// AfterActualRun
WorkloadResult   1: 1024 op, 648572800.00 ns, 633.3719 us/op
// GC:  0 0 0 4012488 1024
// Threading:  6102 3 1024

[testcontainers.org 00:00:12.42] Delete Docker container 61d6d9e9990c
// AfterAll
// Benchmark Process 20344 has exited with code 0.

Mean = 633.372 μs, StdErr = 0.000 μs (0.00%), N = 1, StdDev = 0.000 μs
Min = 633.372 μs, Q1 = 633.372 μs, Median = 633.372 μs, Q3 = 633.372 μs, Max = 633.372 μs
IQR = 0.000 μs, LowerFence = 633.372 μs, UpperFence = 633.372 μs
ConfidenceInterval = [NaN μs; NaN μs] (CI 99.9%), Margin = NaN μs (NaN% of Mean)
Skewness = NaN, Kurtosis = NaN, MValue = 2

// ** Remained 4 (66,7 %) benchmark(s) to run. Estimated finish 2024-11-29 17:02 (0h 1m from now) **
Setup power plan (GUID: 8c5e7fda-e8bf-4a96-9a85-a6e23a8c635c FriendlyName: High performance)
// **************************
// Benchmark: Compare.DapperInsert: Job-JWOGHJ(IterationCount=1, LaunchCount=1)
// *** Execute ***
// Launch: 1 / 1
// Execute: dotnet d65e08e4-a781-436b-b642-788b8d24cf29.dll --anonymousPipes 1632 1776 --benchmarkName Benchmark.Compare.Compare.DapperInsert --job "IterationCount=1, LaunchCount=1" --benchmarkId 2 in C:\Users\abcd2\OneDrive\Desktop\7-SEM-HIEU\lab_04\Benchmark\bin\Release\net8.0\d65e08e4-a781-436b-b642-788b8d24cf29\bin\Release\net8.0
// BeforeAnythingElse

// Benchmark Process Environment Information:
// BenchmarkDotNet v0.14.0
// Runtime=.NET 8.0.8 (8.0.824.36612), X64 RyuJIT AVX-512F+CD+BW+DQ+VL+VBMI
// GC=Concurrent Workstation
// HardwareIntrinsics=AVX-512F+CD+BW+DQ+VL+VBMI,AES,BMI1,BMI2,FMA,LZCNT,PCLMUL,POPCNT VectorSize=256
// Job: Job-STDOZV(IterationCount=1, LaunchCount=1)

[testcontainers.org 00:00:00.16] Connected to Docker:
  Host: npipe://./pipe/docker_engine
  Server Version: 26.1.4
  Kernel Version: 5.15.153.1-microsoft-standard-WSL2
  API Version: 1.45
  Operating System: Docker Desktop
  Total Memory: 3.76 GB
  Labels: 
    com.docker.desktop.address=npipe://\\.\pipe\docker_cli
[testcontainers.org 00:00:00.31] Docker container 1d3bbc3b74bf created
[testcontainers.org 00:00:00.35] Start Docker container 1d3bbc3b74bf
[testcontainers.org 00:00:01.65] Wait for Docker container 1d3bbc3b74bf to complete readiness checks
[testcontainers.org 00:00:01.66] Docker container 1d3bbc3b74bf ready
[testcontainers.org 00:00:01.72] Docker container 819ca669f5e6 created
[testcontainers.org 00:00:01.73] Start Docker container 819ca669f5e6
[testcontainers.org 00:00:03.14] Wait for Docker container 819ca669f5e6 to complete readiness checks
[testcontainers.org 00:00:03.15] Execute "pg_isready --host localhost --dbname BENCHMARK_testdb --username postgres" at Docker container 819ca669f5e6
[testcontainers.org 00:00:03.22] Docker container 819ca669f5e6 ready
OverheadJitting  1: 1 op, 177200.00 ns, 177.2000 us/op
WorkloadJitting  1: 1 op, 66285900.00 ns, 66.2859 ms/op

WorkloadPilot    1: 2 op, 3522200.00 ns, 1.7611 ms/op
WorkloadPilot    2: 3 op, 3279200.00 ns, 1.0931 ms/op
WorkloadPilot    3: 4 op, 3891700.00 ns, 972.9250 us/op
WorkloadPilot    4: 5 op, 4076700.00 ns, 815.3400 us/op
WorkloadPilot    5: 6 op, 4293000.00 ns, 715.5000 us/op
WorkloadPilot    6: 7 op, 4659700.00 ns, 665.6714 us/op
WorkloadPilot    7: 8 op, 5795000.00 ns, 724.3750 us/op
WorkloadPilot    8: 9 op, 6681200.00 ns, 742.3556 us/op
WorkloadPilot    9: 10 op, 7089000.00 ns, 708.9000 us/op
WorkloadPilot   10: 11 op, 7944100.00 ns, 722.1909 us/op
WorkloadPilot   11: 12 op, 8337800.00 ns, 694.8167 us/op
WorkloadPilot   12: 13 op, 11440200.00 ns, 880.0154 us/op
WorkloadPilot   13: 14 op, 11248600.00 ns, 803.4714 us/op
WorkloadPilot   14: 15 op, 11278200.00 ns, 751.8800 us/op
WorkloadPilot   15: 16 op, 11036100.00 ns, 689.7563 us/op
WorkloadPilot   16: 32 op, 21935200.00 ns, 685.4750 us/op
WorkloadPilot   17: 64 op, 40515800.00 ns, 633.0594 us/op
WorkloadPilot   18: 128 op, 97773100.00 ns, 763.8523 us/op
WorkloadPilot   19: 256 op, 168399200.00 ns, 657.8094 us/op
WorkloadPilot   20: 512 op, 336530800.00 ns, 657.2867 us/op
WorkloadPilot   21: 1024 op, 730534900.00 ns, 713.4130 us/op

WorkloadWarmup   1: 1024 op, 642704700.00 ns, 627.6413 us/op
WorkloadWarmup   2: 1024 op, 624935700.00 ns, 610.2888 us/op
WorkloadWarmup   3: 1024 op, 679054000.00 ns, 663.1387 us/op
WorkloadWarmup   4: 1024 op, 622904100.00 ns, 608.3048 us/op
WorkloadWarmup   5: 1024 op, 594467600.00 ns, 580.5348 us/op
WorkloadWarmup   6: 1024 op, 609949800.00 ns, 595.6541 us/op
WorkloadWarmup   7: 1024 op, 617701100.00 ns, 603.2237 us/op
WorkloadWarmup   8: 1024 op, 708355700.00 ns, 691.7536 us/op
WorkloadWarmup   9: 1024 op, 719332600.00 ns, 702.4732 us/op
WorkloadWarmup  10: 1024 op, 654628600.00 ns, 639.2857 us/op

// BeforeActualRun
WorkloadActual   1: 1024 op, 508213900.00 ns, 496.3026 us/op

// AfterActualRun
WorkloadResult   1: 1024 op, 508213900.00 ns, 496.3026 us/op
// GC:  0 0 0 5332432 1024
// Threading:  6105 3 1024

[testcontainers.org 00:00:15.20] Delete Docker container 819ca669f5e6
// AfterAll
// Benchmark Process 5872 has exited with code 0.

Mean = 496.303 μs, StdErr = 0.000 μs (0.00%), N = 1, StdDev = 0.000 μs
Min = 496.303 μs, Q1 = 496.303 μs, Median = 496.303 μs, Q3 = 496.303 μs, Max = 496.303 μs
IQR = 0.000 μs, LowerFence = 496.303 μs, UpperFence = 496.303 μs
ConfidenceInterval = [NaN μs; NaN μs] (CI 99.9%), Margin = NaN μs (NaN% of Mean)
Skewness = NaN, Kurtosis = NaN, MValue = 2

// ** Remained 3 (50,0 %) benchmark(s) to run. Estimated finish 2024-11-29 17:02 (0h 0m from now) **
Setup power plan (GUID: 8c5e7fda-e8bf-4a96-9a85-a6e23a8c635c FriendlyName: High performance)
// **************************
// Benchmark: Compare.DapperSelect: Job-JWOGHJ(IterationCount=1, LaunchCount=1)
// *** Execute ***
// Launch: 1 / 1
// Execute: dotnet d65e08e4-a781-436b-b642-788b8d24cf29.dll --anonymousPipes 1488 2388 --benchmarkName Benchmark.Compare.Compare.DapperSelect --job "IterationCount=1, LaunchCount=1" --benchmarkId 3 in C:\Users\abcd2\OneDrive\Desktop\7-SEM-HIEU\lab_04\Benchmark\bin\Release\net8.0\d65e08e4-a781-436b-b642-788b8d24cf29\bin\Release\net8.0
// BeforeAnythingElse

// Benchmark Process Environment Information:
// BenchmarkDotNet v0.14.0
// Runtime=.NET 8.0.8 (8.0.824.36612), X64 RyuJIT AVX-512F+CD+BW+DQ+VL+VBMI
// GC=Concurrent Workstation
// HardwareIntrinsics=AVX-512F+CD+BW+DQ+VL+VBMI,AES,BMI1,BMI2,FMA,LZCNT,PCLMUL,POPCNT VectorSize=256
// Job: Job-SWKWHD(IterationCount=1, LaunchCount=1)

[testcontainers.org 00:00:00.14] Connected to Docker:
  Host: npipe://./pipe/docker_engine
  Server Version: 26.1.4
  Kernel Version: 5.15.153.1-microsoft-standard-WSL2
  API Version: 1.45
  Operating System: Docker Desktop
  Total Memory: 3.76 GB
  Labels: 
    com.docker.desktop.address=npipe://\\.\pipe\docker_cli
[testcontainers.org 00:00:00.28] Docker container d35a844f1bd8 created
[testcontainers.org 00:00:00.32] Start Docker container d35a844f1bd8
[testcontainers.org 00:00:01.60] Wait for Docker container d35a844f1bd8 to complete readiness checks
[testcontainers.org 00:00:01.61] Docker container d35a844f1bd8 ready
[testcontainers.org 00:00:01.68] Docker container 18daf6c836d3 created
[testcontainers.org 00:00:01.70] Start Docker container 18daf6c836d3
[testcontainers.org 00:00:02.97] Wait for Docker container 18daf6c836d3 to complete readiness checks
[testcontainers.org 00:00:02.98] Execute "pg_isready --host localhost --dbname BENCHMARK_testdb --username postgres" at Docker container 18daf6c836d3
[testcontainers.org 00:00:03.05] Docker container 18daf6c836d3 ready
OverheadJitting  1: 1 op, 266600.00 ns, 266.6000 us/op
WorkloadJitting  1: 1 op, 45786500.00 ns, 45.7865 ms/op

WorkloadPilot    1: 2 op, 3756600.00 ns, 1.8783 ms/op
WorkloadPilot    2: 3 op, 3357400.00 ns, 1.1191 ms/op
WorkloadPilot    3: 4 op, 4036900.00 ns, 1.0092 ms/op
WorkloadPilot    4: 5 op, 4060200.00 ns, 812.0400 us/op
WorkloadPilot    5: 6 op, 4886000.00 ns, 814.3333 us/op
WorkloadPilot    6: 7 op, 4886700.00 ns, 698.1000 us/op
WorkloadPilot    7: 8 op, 5398100.00 ns, 674.7625 us/op
WorkloadPilot    8: 9 op, 6183500.00 ns, 687.0556 us/op
WorkloadPilot    9: 10 op, 6838900.00 ns, 683.8900 us/op
WorkloadPilot   10: 11 op, 8303200.00 ns, 754.8364 us/op
WorkloadPilot   11: 12 op, 8073600.00 ns, 672.8000 us/op
WorkloadPilot   12: 13 op, 8307300.00 ns, 639.0231 us/op
WorkloadPilot   13: 14 op, 11429800.00 ns, 816.4143 us/op
WorkloadPilot   14: 15 op, 9628400.00 ns, 641.8933 us/op
WorkloadPilot   15: 16 op, 14893000.00 ns, 930.8125 us/op
WorkloadPilot   16: 32 op, 18832100.00 ns, 588.5031 us/op
WorkloadPilot   17: 64 op, 36493500.00 ns, 570.2109 us/op
WorkloadPilot   18: 128 op, 72214200.00 ns, 564.1734 us/op
WorkloadPilot   19: 256 op, 146270600.00 ns, 571.3695 us/op
WorkloadPilot   20: 512 op, 286783200.00 ns, 560.1234 us/op
WorkloadPilot   21: 1024 op, 613208600.00 ns, 598.8365 us/op

WorkloadWarmup   1: 1024 op, 570286600.00 ns, 556.9205 us/op
WorkloadWarmup   2: 1024 op, 831253000.00 ns, 811.7705 us/op
WorkloadWarmup   3: 1024 op, 721291100.00 ns, 704.3858 us/op
WorkloadWarmup   4: 1024 op, 763623400.00 ns, 745.7260 us/op
WorkloadWarmup   5: 1024 op, 771061300.00 ns, 752.9896 us/op
WorkloadWarmup   6: 1024 op, 639506800.00 ns, 624.5184 us/op

// BeforeActualRun
WorkloadActual   1: 1024 op, 572337100.00 ns, 558.9229 us/op

// AfterActualRun
WorkloadResult   1: 1024 op, 572337100.00 ns, 558.9229 us/op
// GC:  0 0 0 4689408 1024
// Threading:  6000 9 1024

[testcontainers.org 00:00:10.48] Delete Docker container 18daf6c836d3
// AfterAll
// Benchmark Process 20332 has exited with code 0.

Mean = 558.923 μs, StdErr = 0.000 μs (0.00%), N = 1, StdDev = 0.000 μs
Min = 558.923 μs, Q1 = 558.923 μs, Median = 558.923 μs, Q3 = 558.923 μs, Max = 558.923 μs
IQR = 0.000 μs, LowerFence = 558.923 μs, UpperFence = 558.923 μs
ConfidenceInterval = [NaN μs; NaN μs] (CI 99.9%), Margin = NaN μs (NaN% of Mean)
Skewness = NaN, Kurtosis = NaN, MValue = 2

// ** Remained 2 (33,3 %) benchmark(s) to run. Estimated finish 2024-11-29 17:02 (0h 0m from now) **
Setup power plan (GUID: 8c5e7fda-e8bf-4a96-9a85-a6e23a8c635c FriendlyName: High performance)
// **************************
// Benchmark: Compare.EfCoreSelect: Job-JWOGHJ(IterationCount=1, LaunchCount=1)
// *** Execute ***
// Launch: 1 / 1
// Execute: dotnet d65e08e4-a781-436b-b642-788b8d24cf29.dll --anonymousPipes 1644 1692 --benchmarkName Benchmark.Compare.Compare.EfCoreSelect --job "IterationCount=1, LaunchCount=1" --benchmarkId 4 in C:\Users\abcd2\OneDrive\Desktop\7-SEM-HIEU\lab_04\Benchmark\bin\Release\net8.0\d65e08e4-a781-436b-b642-788b8d24cf29\bin\Release\net8.0
// BeforeAnythingElse

// Benchmark Process Environment Information:
// BenchmarkDotNet v0.14.0
// Runtime=.NET 8.0.8 (8.0.824.36612), X64 RyuJIT AVX-512F+CD+BW+DQ+VL+VBMI
// GC=Concurrent Workstation
// HardwareIntrinsics=AVX-512F+CD+BW+DQ+VL+VBMI,AES,BMI1,BMI2,FMA,LZCNT,PCLMUL,POPCNT VectorSize=256
// Job: Job-ZSDVHX(IterationCount=1, LaunchCount=1)

[testcontainers.org 00:00:00.16] Connected to Docker:
  Host: npipe://./pipe/docker_engine
  Server Version: 26.1.4
  Kernel Version: 5.15.153.1-microsoft-standard-WSL2
  API Version: 1.45
  Operating System: Docker Desktop
  Total Memory: 3.76 GB
  Labels: 
    com.docker.desktop.address=npipe://\\.\pipe\docker_cli
[testcontainers.org 00:00:00.31] Docker container f85288c585fd created
[testcontainers.org 00:00:00.37] Start Docker container f85288c585fd
[testcontainers.org 00:00:01.69] Wait for Docker container f85288c585fd to complete readiness checks
[testcontainers.org 00:00:01.70] Docker container f85288c585fd ready
[testcontainers.org 00:00:01.77] Docker container 200946a6918d created
[testcontainers.org 00:00:01.79] Start Docker container 200946a6918d
[testcontainers.org 00:00:03.11] Wait for Docker container 200946a6918d to complete readiness checks
[testcontainers.org 00:00:03.12] Execute "pg_isready --host localhost --dbname BENCHMARK_testdb --username postgres" at Docker container 200946a6918d
[testcontainers.org 00:00:03.20] Docker container 200946a6918d ready
OverheadJitting  1: 1 op, 208700.00 ns, 208.7000 us/op

System.Reflection.TargetInvocationException: Exception has been thrown by the target of an invocation.
 ---> Npgsql.PostgresException (0x80004005): 42P01: relation "users" does not exist

POSITION: 56
   at Npgsql.Internal.NpgsqlConnector.ReadMessageLong(Boolean async, DataRowLoadingMode dataRowLoadingMode, Boolean readingNotifications, Boolean isReadingPrependedMessage)
   at System.Runtime.CompilerServices.PoolingAsyncValueTaskMethodBuilder`1.StateMachineBox`1.System.Threading.Tasks.Sources.IValueTaskSource<TResult>.GetResult(Int16 token)
   at Npgsql.NpgsqlDataReader.NextResult(Boolean async, Boolean isConsuming, CancellationToken cancellationToken)
   at Npgsql.NpgsqlDataReader.NextResult(Boolean async, Boolean isConsuming, CancellationToken cancellationToken)
   at Npgsql.NpgsqlCommand.ExecuteReader(Boolean async, CommandBehavior behavior, CancellationToken cancellationToken)
   at Npgsql.NpgsqlCommand.ExecuteReader(Boolean async, CommandBehavior behavior, CancellationToken cancellationToken)
   at Npgsql.NpgsqlCommand.ExecuteDbDataReaderAsync(CommandBehavior behavior, CancellationToken cancellationToken)
   at Microsoft.EntityFrameworkCore.Storage.RelationalCommand.ExecuteReaderAsync(RelationalCommandParameterObject parameterObject, CancellationToken cancellationToken)
   at Microsoft.EntityFrameworkCore.Storage.RelationalCommand.ExecuteReaderAsync(RelationalCommandParameterObject parameterObject, CancellationToken cancellationToken)
   at Microsoft.EntityFrameworkCore.Query.Internal.SingleQueryingEnumerable`1.AsyncEnumerator.InitializeReaderAsync(AsyncEnumerator enumerator, CancellationToken cancellationToken)
   at Npgsql.EntityFrameworkCore.PostgreSQL.Storage.Internal.NpgsqlExecutionStrategy.ExecuteAsync[TState,TResult](TState state, Func`4 operation, Func`4 verifySucceeded, CancellationToken cancellationToken)
   at Microsoft.EntityFrameworkCore.Query.Internal.SingleQueryingEnumerable`1.AsyncEnumerator.MoveNextAsync()
   at Microsoft.EntityFrameworkCore.Query.ShapedQueryCompilingExpressionVisitor.SingleOrDefaultAsync[TSource](IAsyncEnumerable`1 asyncEnumerable, CancellationToken cancellationToken)
   at Microsoft.EntityFrameworkCore.Query.ShapedQueryCompilingExpressionVisitor.SingleOrDefaultAsync[TSource](IAsyncEnumerable`1 asyncEnumerable, CancellationToken cancellationToken)
   at Benchmark.Repositories.EfCore.EfUserRepository.SelectUser(String login) in C:\Users\abcd2\OneDrive\Desktop\7-SEM-HIEU\lab_04\Benchmark\Repositories\EfCore\EfUserRepository.cs:line 31
   at Benchmark.Repositories.EfCore.EfUserRepository.SelectUser(String login) in C:\Users\abcd2\OneDrive\Desktop\7-SEM-HIEU\lab_04\Benchmark\Repositories\EfCore\EfUserRepository.cs:line 31
   at Benchmark.Compare.Compare.EfCoreSelect() in C:\Users\abcd2\OneDrive\Desktop\7-SEM-HIEU\lab_04\Benchmark\Compare\Compare.cs:line 72
   at BenchmarkDotNet.Helpers.AwaitHelper.GetResult[T](Task`1 task)
   at BenchmarkDotNet.Autogenerated.Runnable_4.<.ctor>b__3_4() in C:\Users\abcd2\OneDrive\Desktop\7-SEM-HIEU\lab_04\Benchmark\bin\Release\net8.0\d65e08e4-a781-436b-b642-788b8d24cf29\d65e08e4-a781-436b-b642-788b8d24cf29.notcs:line 980
   at BenchmarkDotNet.Autogenerated.Runnable_4.WorkloadActionNoUnroll(Int64 invokeCount) in C:\Users\abcd2\OneDrive\Desktop\7-SEM-HIEU\lab_04\Benchmark\bin\Release\net8.0\d65e08e4-a781-436b-b642-788b8d24cf29\d65e08e4-a781-436b-b642-788b8d24cf29.notcs:line 1096
   at BenchmarkDotNet.Engines.Engine.Measure(Action`1 action, Int64 invokeCount)
   at BenchmarkDotNet.Engines.Engine.RunIteration(IterationData data)
   at BenchmarkDotNet.Engines.EngineFactory.Jit(Engine engine, Int32 jitIndex, Int32 invokeCount, Int32 unrollFactor)
   at BenchmarkDotNet.Engines.EngineFactory.CreateReadyToRun(EngineParameters engineParameters)
   at BenchmarkDotNet.Autogenerated.Runnable_4.Run(IHost host, String benchmarkName) in C:\Users\abcd2\OneDrive\Desktop\7-SEM-HIEU\lab_04\Benchmark\bin\Release\net8.0\d65e08e4-a781-436b-b642-788b8d24cf29\d65e08e4-a781-436b-b642-788b8d24cf29.notcs:line 959
   at System.RuntimeMethodHandle.InvokeMethod(Object target, Void** arguments, Signature sig, Boolean isConstructor)
   at System.Reflection.MethodBaseInvoker.InvokeDirectByRefWithFewArgs(Object obj, Span`1 copyOfArgs, BindingFlags invokeAttr)
  Exception data:
    Severity: ERROR
    SqlState: 42P01
    MessageText: relation "users" does not exist
    Position: 56
    File: parse_relation.c
    Line: 1449
    Routine: parserOpenTable
   --- End of inner exception stack trace ---
   at System.Reflection.MethodBaseInvoker.InvokeDirectByRefWithFewArgs(Object obj, Span`1 copyOfArgs, BindingFlags invokeAttr)
   at System.Reflection.MethodBaseInvoker.InvokeWithFewArgs(Object obj, BindingFlags invokeAttr, Binder binder, Object[] parameters, CultureInfo culture)
   at System.Reflection.MethodBase.Invoke(Object obj, Object[] parameters)
   at BenchmarkDotNet.Autogenerated.UniqueProgramName.AfterAssemblyLoadingAttached(String[] args) in C:\Users\abcd2\OneDrive\Desktop\7-SEM-HIEU\lab_04\Benchmark\bin\Release\net8.0\d65e08e4-a781-436b-b642-788b8d24cf29\d65e08e4-a781-436b-b642-788b8d24cf29.notcs:line 57
// AfterAll
No Workload Results were obtained from the run.
// Benchmark Process 9700 has exited with code -1.

// ** Remained 1 (16,7 %) benchmark(s) to run. Estimated finish 2024-11-29 17:02 (0h 0m from now) **
Setup power plan (GUID: 8c5e7fda-e8bf-4a96-9a85-a6e23a8c635c FriendlyName: High performance)
// **************************
// Benchmark: Compare.EfCoreInsert: Job-JWOGHJ(IterationCount=1, LaunchCount=1)
// *** Execute ***
// Launch: 1 / 1
// Execute: dotnet d65e08e4-a781-436b-b642-788b8d24cf29.dll --anonymousPipes 2388 1644 --benchmarkName Benchmark.Compare.Compare.EfCoreInsert --job "IterationCount=1, LaunchCount=1" --benchmarkId 5 in C:\Users\abcd2\OneDrive\Desktop\7-SEM-HIEU\lab_04\Benchmark\bin\Release\net8.0\d65e08e4-a781-436b-b642-788b8d24cf29\bin\Release\net8.0
// BeforeAnythingElse

// Benchmark Process Environment Information:
// BenchmarkDotNet v0.14.0
// Runtime=.NET 8.0.8 (8.0.824.36612), X64 RyuJIT AVX-512F+CD+BW+DQ+VL+VBMI
// GC=Concurrent Workstation
// HardwareIntrinsics=AVX-512F+CD+BW+DQ+VL+VBMI,AES,BMI1,BMI2,FMA,LZCNT,PCLMUL,POPCNT VectorSize=256
// Job: Job-EMTXVM(IterationCount=1, LaunchCount=1)

[testcontainers.org 00:00:00.14] Connected to Docker:
  Host: npipe://./pipe/docker_engine
  Server Version: 26.1.4
  Kernel Version: 5.15.153.1-microsoft-standard-WSL2
  API Version: 1.45
  Operating System: Docker Desktop
  Total Memory: 3.76 GB
  Labels: 
    com.docker.desktop.address=npipe://\\.\pipe\docker_cli
[testcontainers.org 00:00:00.31] Docker container 6ff5ffcbac9c created
[testcontainers.org 00:00:00.36] Start Docker container 6ff5ffcbac9c
[testcontainers.org 00:00:01.67] Wait for Docker container 6ff5ffcbac9c to complete readiness checks
[testcontainers.org 00:00:01.68] Docker container 6ff5ffcbac9c ready
[testcontainers.org 00:00:01.74] Docker container 7ff88891fc76 created
[testcontainers.org 00:00:01.76] Start Docker container 7ff88891fc76
[testcontainers.org 00:00:03.08] Wait for Docker container 7ff88891fc76 to complete readiness checks
[testcontainers.org 00:00:03.09] Execute "pg_isready --host localhost --dbname BENCHMARK_testdb --username postgres" at Docker container 7ff88891fc76
[testcontainers.org 00:00:04.18] Execute "pg_isready --host localhost --dbname BENCHMARK_testdb --username postgres" at Docker container 7ff88891fc76
[testcontainers.org 00:00:04.23] Docker container 7ff88891fc76 ready
OverheadJitting  1: 1 op, 164200.00 ns, 164.2000 us/op

System.Reflection.TargetInvocationException: Exception has been thrown by the target of an invocation.
 ---> Microsoft.EntityFrameworkCore.DbUpdateException: An error occurred while saving the entity changes. See the inner exception for details.
 ---> Npgsql.PostgresException (0x80004005): 42P01: relation "users" does not exist

POSITION: 13
   at Npgsql.Internal.NpgsqlConnector.ReadMessageLong(Boolean async, DataRowLoadingMode dataRowLoadingMode, Boolean readingNotifications, Boolean isReadingPrependedMessage)
   at System.Runtime.CompilerServices.PoolingAsyncValueTaskMethodBuilder`1.StateMachineBox`1.System.Threading.Tasks.Sources.IValueTaskSource<TResult>.GetResult(Int16 token)
   at Npgsql.NpgsqlDataReader.NextResult(Boolean async, Boolean isConsuming, CancellationToken cancellationToken)
   at Npgsql.NpgsqlDataReader.NextResult(Boolean async, Boolean isConsuming, CancellationToken cancellationToken)
   at Npgsql.NpgsqlCommand.ExecuteReader(Boolean async, CommandBehavior behavior, CancellationToken cancellationToken)
   at Npgsql.NpgsqlCommand.ExecuteReader(Boolean async, CommandBehavior behavior, CancellationToken cancellationToken)
   at Npgsql.NpgsqlCommand.ExecuteDbDataReaderAsync(CommandBehavior behavior, CancellationToken cancellationToken)
   at Microsoft.EntityFrameworkCore.Storage.RelationalCommand.ExecuteReaderAsync(RelationalCommandParameterObject parameterObject, CancellationToken cancellationToken)
   at Microsoft.EntityFrameworkCore.Storage.RelationalCommand.ExecuteReaderAsync(RelationalCommandParameterObject parameterObject, CancellationToken cancellationToken)
   at Microsoft.EntityFrameworkCore.Update.ReaderModificationCommandBatch.ExecuteAsync(IRelationalConnection connection, CancellationToken cancellationToken)
  Exception data:
    Severity: ERROR
    SqlState: 42P01
    MessageText: relation "users" does not exist
    Position: 13
    File: parse_relation.c
    Line: 1449
    Routine: parserOpenTable
   --- End of inner exception stack trace ---
   at Microsoft.EntityFrameworkCore.Update.ReaderModificationCommandBatch.ExecuteAsync(IRelationalConnection connection, CancellationToken cancellationToken)
   at Microsoft.EntityFrameworkCore.Update.Internal.BatchExecutor.ExecuteAsync(IEnumerable`1 commandBatches, IRelationalConnection connection, CancellationToken cancellationToken)
   at Microsoft.EntityFrameworkCore.Update.Internal.BatchExecutor.ExecuteAsync(IEnumerable`1 commandBatches, IRelationalConnection connection, CancellationToken cancellationToken)
   at Microsoft.EntityFrameworkCore.Update.Internal.BatchExecutor.ExecuteAsync(IEnumerable`1 commandBatches, IRelationalConnection connection, CancellationToken cancellationToken)
   at Microsoft.EntityFrameworkCore.ChangeTracking.Internal.StateManager.SaveChangesAsync(IList`1 entriesToSave, CancellationToken cancellationToken)
   at Microsoft.EntityFrameworkCore.ChangeTracking.Internal.StateManager.SaveChangesAsync(StateManager stateManager, Boolean acceptAllChangesOnSuccess, CancellationToken cancellationToken)
   at Npgsql.EntityFrameworkCore.PostgreSQL.Storage.Internal.NpgsqlExecutionStrategy.ExecuteAsync[TState,TResult](TState state, Func`4 operation, Func`4 verifySucceeded, CancellationToken cancellationToken)
   at Microsoft.EntityFrameworkCore.DbContext.SaveChangesAsync(Boolean acceptAllChangesOnSuccess, CancellationToken cancellationToken)
   at Microsoft.EntityFrameworkCore.DbContext.SaveChangesAsync(Boolean acceptAllChangesOnSuccess, CancellationToken cancellationToken)
   at Benchmark.Repositories.EfCore.EfUserRepository.InsertUser(String login, String password, String role, String name) in C:\Users\abcd2\OneDrive\Desktop\7-SEM-HIEU\lab_04\Benchmark\Repositories\EfCore\EfUserRepository.cs:line 21
   at Benchmark.Repositories.EfCore.EfUserRepository.InsertUser(String login, String password, String role, String name) in C:\Users\abcd2\OneDrive\Desktop\7-SEM-HIEU\lab_04\Benchmark\Repositories\EfCore\EfUserRepository.cs:line 23
   at Benchmark.Compare.Compare.EfCoreInsert() in C:\Users\abcd2\OneDrive\Desktop\7-SEM-HIEU\lab_04\Benchmark\Compare\Compare.cs:line 84
   at BenchmarkDotNet.Helpers.AwaitHelper.GetResult(Task task)
   at BenchmarkDotNet.Autogenerated.Runnable_5.<.ctor>b__3_4() in C:\Users\abcd2\OneDrive\Desktop\7-SEM-HIEU\lab_04\Benchmark\bin\Release\net8.0\d65e08e4-a781-436b-b642-788b8d24cf29\d65e08e4-a781-436b-b642-788b8d24cf29.notcs:line 1178
   at BenchmarkDotNet.Autogenerated.Runnable_5.WorkloadActionNoUnroll(Int64 invokeCount) in C:\Users\abcd2\OneDrive\Desktop\7-SEM-HIEU\lab_04\Benchmark\bin\Release\net8.0\d65e08e4-a781-436b-b642-788b8d24cf29\d65e08e4-a781-436b-b642-788b8d24cf29.notcs:line 1292
   at BenchmarkDotNet.Engines.Engine.Measure(Action`1 action, Int64 invokeCount)
   at BenchmarkDotNet.Engines.Engine.RunIteration(IterationData data)
   at BenchmarkDotNet.Engines.EngineFactory.Jit(Engine engine, Int32 jitIndex, Int32 invokeCount, Int32 unrollFactor)
   at BenchmarkDotNet.Engines.EngineFactory.CreateReadyToRun(EngineParameters engineParameters)
   at BenchmarkDotNet.Autogenerated.Runnable_5.Run(IHost host, String benchmarkName) in C:\Users\abcd2\OneDrive\Desktop\7-SEM-HIEU\lab_04\Benchmark\bin\Release\net8.0\d65e08e4-a781-436b-b642-788b8d24cf29\d65e08e4-a781-436b-b642-788b8d24cf29.notcs:line 1157
   at System.RuntimeMethodHandle.InvokeMethod(Object target, Void** arguments, Signature sig, Boolean isConstructor)
   at System.Reflection.MethodBaseInvoker.InvokeDirectByRefWithFewArgs(Object obj, Span`1 copyOfArgs, BindingFlags invokeAttr)
   --- End of inner exception stack trace ---
   at System.Reflection.MethodBaseInvoker.InvokeDirectByRefWithFewArgs(Object obj, Span`1 copyOfArgs, BindingFlags invokeAttr)
   at System.Reflection.MethodBaseInvoker.InvokeWithFewArgs(Object obj, BindingFlags invokeAttr, Binder binder, Object[] parameters, CultureInfo culture)
   at System.Reflection.MethodBase.Invoke(Object obj, Object[] parameters)
   at BenchmarkDotNet.Autogenerated.UniqueProgramName.AfterAssemblyLoadingAttached(String[] args) in C:\Users\abcd2\OneDrive\Desktop\7-SEM-HIEU\lab_04\Benchmark\bin\Release\net8.0\d65e08e4-a781-436b-b642-788b8d24cf29\d65e08e4-a781-436b-b642-788b8d24cf29.notcs:line 57
// AfterAll
No Workload Results were obtained from the run.
// Benchmark Process 16696 has exited with code -1.

// ** Remained 0 (0,0 %) benchmark(s) to run. Estimated finish 2024-11-29 17:02 (0h 0m from now) **
Successfully reverted power plan (GUID: 8c5e7fda-e8bf-4a96-9a85-a6e23a8c635c FriendlyName: High performance)
// ***** BenchmarkRunner: Finish  *****

// * Export *
  BenchmarkDotNet.Artifacts\results\Benchmark.Compare.Compare-report.csv
  BenchmarkDotNet.Artifacts\results\Benchmark.Compare.Compare-report-github.md
  BenchmarkDotNet.Artifacts\results\Benchmark.Compare.Compare-report.html
  BenchmarkDotNet.Artifacts\results\Benchmark.Compare.Compare-report-default.md
  BenchmarkDotNet.Artifacts\results\Benchmark.Compare.Compare-measurements.csv
RPlotExporter couldn't find Rscript.exe in your PATH and no R_HOME environment variable is defined
  BenchmarkDotNet.Artifacts\results\BuildPlots.R

// * Detailed results *
Compare.NpgslInsert: Job-JWOGHJ(IterationCount=1, LaunchCount=1)
Runtime = .NET 8.0.8 (8.0.824.36612), X64 RyuJIT AVX-512F+CD+BW+DQ+VL+VBMI; GC = Concurrent Workstation
Mean = 605.002 μs, StdErr = 0.000 μs (0.00%), N = 1, StdDev = 0.000 μs
Min = 605.002 μs, Q1 = 605.002 μs, Median = 605.002 μs, Q3 = 605.002 μs, Max = 605.002 μs
IQR = 0.000 μs, LowerFence = 605.002 μs, UpperFence = 605.002 μs
ConfidenceInterval = [NaN μs; NaN μs] (CI 99.9%), Margin = NaN μs (NaN% of Mean)
Skewness = NaN, Kurtosis = NaN, MValue = 2
-------------------- Histogram --------------------
[605.002 μs ; 605.003 μs) | @
---------------------------------------------------

Compare.NpgslSelect: Job-JWOGHJ(IterationCount=1, LaunchCount=1)
Runtime = .NET 8.0.8 (8.0.824.36612), X64 RyuJIT AVX-512F+CD+BW+DQ+VL+VBMI; GC = Concurrent Workstation
Mean = 633.372 μs, StdErr = 0.000 μs (0.00%), N = 1, StdDev = 0.000 μs
Min = 633.372 μs, Q1 = 633.372 μs, Median = 633.372 μs, Q3 = 633.372 μs, Max = 633.372 μs
IQR = 0.000 μs, LowerFence = 633.372 μs, UpperFence = 633.372 μs
ConfidenceInterval = [NaN μs; NaN μs] (CI 99.9%), Margin = NaN μs (NaN% of Mean)
Skewness = NaN, Kurtosis = NaN, MValue = 2
-------------------- Histogram --------------------
[633.371 μs ; 633.372 μs) | @
---------------------------------------------------

Compare.DapperInsert: Job-JWOGHJ(IterationCount=1, LaunchCount=1)
Runtime = .NET 8.0.8 (8.0.824.36612), X64 RyuJIT AVX-512F+CD+BW+DQ+VL+VBMI; GC = Concurrent Workstation
Mean = 496.303 μs, StdErr = 0.000 μs (0.00%), N = 1, StdDev = 0.000 μs
Min = 496.303 μs, Q1 = 496.303 μs, Median = 496.303 μs, Q3 = 496.303 μs, Max = 496.303 μs
IQR = 0.000 μs, LowerFence = 496.303 μs, UpperFence = 496.303 μs
ConfidenceInterval = [NaN μs; NaN μs] (CI 99.9%), Margin = NaN μs (NaN% of Mean)
Skewness = NaN, Kurtosis = NaN, MValue = 2
-------------------- Histogram --------------------
[496.302 μs ; 496.303 μs) | @
---------------------------------------------------

Compare.DapperSelect: Job-JWOGHJ(IterationCount=1, LaunchCount=1)
Runtime = .NET 8.0.8 (8.0.824.36612), X64 RyuJIT AVX-512F+CD+BW+DQ+VL+VBMI; GC = Concurrent Workstation
Mean = 558.923 μs, StdErr = 0.000 μs (0.00%), N = 1, StdDev = 0.000 μs
Min = 558.923 μs, Q1 = 558.923 μs, Median = 558.923 μs, Q3 = 558.923 μs, Max = 558.923 μs
IQR = 0.000 μs, LowerFence = 558.923 μs, UpperFence = 558.923 μs
ConfidenceInterval = [NaN μs; NaN μs] (CI 99.9%), Margin = NaN μs (NaN% of Mean)
Skewness = NaN, Kurtosis = NaN, MValue = 2
-------------------- Histogram --------------------
[558.922 μs ; 558.923 μs) | @
---------------------------------------------------

Compare.EfCoreSelect: Job-JWOGHJ(IterationCount=1, LaunchCount=1)
Runtime = .NET 8.0.8 (8.0.824.36612), X64 RyuJIT AVX-512F+CD+BW+DQ+VL+VBMI; GC = Concurrent Workstation
There are not any results runs

Compare.EfCoreInsert: Job-JWOGHJ(IterationCount=1, LaunchCount=1)
Runtime = .NET 8.0.8 (8.0.824.36612), X64 RyuJIT AVX-512F+CD+BW+DQ+VL+VBMI; GC = Concurrent Workstation
There are not any results runs

// * Summary *

BenchmarkDotNet v0.14.0, Windows 10 (10.0.19045.5131/22H2/2022Update)
11th Gen Intel Core i7-1165G7 2.80GHz, 1 CPU, 8 logical and 4 physical cores
.NET SDK 8.0.400
  [Host]     : .NET 8.0.8 (8.0.824.36612), X64 RyuJIT AVX-512F+CD+BW+DQ+VL+VBMI
  Job-JWOGHJ : .NET 8.0.8 (8.0.824.36612), X64 RyuJIT AVX-512F+CD+BW+DQ+VL+VBMI

IterationCount=1  LaunchCount=1  

| Method       | Mean     | Error | Allocated |
|------------- |---------:|------:|----------:|
| NpgslInsert  | 605.0 μs |    NA |   4.76 KB |
| NpgslSelect  | 633.4 μs |    NA |   3.83 KB |
| DapperInsert | 496.3 μs |    NA |   5.08 KB |
| DapperSelect | 558.9 μs |    NA |   4.47 KB |
| EfCoreSelect |       NA |    NA |        NA |
| EfCoreInsert |       NA |    NA |        NA |

Benchmarks with issues:
  Compare.EfCoreSelect: Job-JWOGHJ(IterationCount=1, LaunchCount=1)
  Compare.EfCoreInsert: Job-JWOGHJ(IterationCount=1, LaunchCount=1)

// * Warnings *
Environment
  Summary -> Detected error exit code from one of the benchmarks. It might be caused by following antivirus software:
        - Windows Defender (windowsdefender://)
Use InProcessEmitToolchain or InProcessNoEmitToolchain to avoid new process creation.


// * Legends *
  Mean      : Arithmetic mean of all measurements
  Error     : Half of 99.9% confidence interval
  Allocated : Allocated memory per single operation (managed only, inclusive, 1KB = 1024B)
  1 μs      : 1 Microsecond (0.000001 sec)

// * Diagnostic Output - MemoryDiagnoser *


// ***** BenchmarkRunner: End *****
Run time: 00:01:07 (67.6 sec), executed benchmarks: 6

Global total time: 00:01:20 (80.22 sec), executed benchmarks: 6
// * Artifacts cleanup *
Artifacts cleanup is finished
